 ASKV9_cgxe

 Timestamp is 6813e64c (Thu May  1 16:23:24 2025)

 Preferred load address is 0000000180000000

 Start         Length     Name                   Class
 0001:00000000 000127c0H .text$mn                CODE
 0001:000127c0 00000036H .text$mn$00             CODE
 0001:000127f6 00000092H .text$x                 CODE
 0002:00000000 000003c8H .idata$5                DATA
 0002:000003c8 00000038H .00cfg                  DATA
 0002:00000400 00000008H .CRT$XCA                DATA
 0002:00000408 00000008H .CRT$XCZ                DATA
 0002:00000410 00000008H .CRT$XIA                DATA
 0002:00000418 00000008H .CRT$XIZ                DATA
 0002:00000420 00000008H .CRT$XPA                DATA
 0002:00000428 00000008H .CRT$XPZ                DATA
 0002:00000430 00000008H .CRT$XTA                DATA
 0002:00000438 00000008H .CRT$XTZ                DATA
 0002:00000440 00000000H .gehcont$y              DATA
 0002:00000440 00000000H .gfids$y                DATA
 0002:00000440 00000540H .rdata                  DATA
 0002:00000980 00000080H .rdata$CastGuardVftablesA DATA
 0002:00000a00 00000080H .rdata$CastGuardVftablesC DATA
 0002:00000a80 00000188H .rdata$voltmd           DATA
 0002:00000c08 00000278H .rdata$zzzdbg           DATA
 0002:00000e80 00000008H .rtc$IAA                DATA
 0002:00000e88 00000008H .rtc$IZZ                DATA
 0002:00000e90 00000008H .rtc$TAA                DATA
 0002:00000e98 00000008H .rtc$TZZ                DATA
 0002:00000ea0 000009a0H .xdata                  DATA
 0002:00001840 00000074H .edata                  DATA
 0002:000018b4 000000f0H .idata$2                DATA
 0002:000019a4 00000014H .idata$3                DATA
 0002:000019b8 000003c8H .idata$4                DATA
 0002:00001d80 000009feH .idata$6                DATA
 0003:00000000 00006a40H .data                   DATA
 0003:00006a40 00000630H .bss                    DATA
 0004:00000000 00000b70H .pdata                  DATA

  Address         Publics by Value              Rva+Base               Lib:Object

 0000:00000000       __AbsoluteZero             0000000000000000     <absolute>
 0000:00000000       ___safe_se_handler_count   0000000000000000     <absolute>
 0000:00000000       ___safe_se_handler_table   0000000000000000     <absolute>
 0000:00000000       __arm64x_extra_rfe_table   0000000000000000     <absolute>
 0000:00000000       __arm64x_extra_rfe_table_size 0000000000000000     <absolute>
 0000:00000000       __arm64x_native_entrypoint 0000000000000000     <absolute>
 0000:00000000       __arm64x_redirection_metadata 0000000000000000     <absolute>
 0000:00000000       __arm64x_redirection_metadata_count 0000000000000000     <absolute>
 0000:00000000       __dynamic_value_reloc_table 0000000000000000     <absolute>
 0000:00000000       __enclave_config           0000000000000000     <absolute>
 0000:00000000       __guard_check_icall_a64n_fptr 0000000000000000     <absolute>
 0000:00000000       __guard_eh_cont_count      0000000000000000     <absolute>
 0000:00000000       __guard_eh_cont_table      0000000000000000     <absolute>
 0000:00000000       __guard_fids_count         0000000000000000     <absolute>
 0000:00000000       __guard_fids_table         0000000000000000     <absolute>
 0000:00000000       __guard_iat_count          0000000000000000     <absolute>
 0000:00000000       __guard_iat_table          0000000000000000     <absolute>
 0000:00000000       __guard_longjmp_count      0000000000000000     <absolute>
 0000:00000000       __guard_longjmp_table      0000000000000000     <absolute>
 0000:00000000       __hybrid_auxiliary_delayload_iat 0000000000000000     <absolute>
 0000:00000000       __hybrid_auxiliary_delayload_iat_copy 0000000000000000     <absolute>
 0000:00000000       __hybrid_auxiliary_iat     0000000000000000     <absolute>
 0000:00000000       __hybrid_auxiliary_iat_copy 0000000000000000     <absolute>
 0000:00000000       __hybrid_code_map          0000000000000000     <absolute>
 0000:00000000       __hybrid_code_map_count    0000000000000000     <absolute>
 0000:00000000       __hybrid_image_info_bitfield 0000000000000000     <absolute>
 0000:00000000       __x64_code_ranges_to_entry_points 0000000000000000     <absolute>
 0000:00000000       __x64_code_ranges_to_entry_points_count 0000000000000000     <absolute>
 0000:00000100       __guard_flags              0000000000000100     <absolute>
 0000:00000000       __ImageBase                0000000180000000     <linker-defined>
 0001:00000000       mexfilerequiredapiversion  0000000180001000 f   c_mexapi_version.obj
 0001:00000030       cgxe_ASKV9_method_dispatcher 0000000180001030 f   ASKV9_cgxe.obj
 0001:00000110       method_dispatcher_6Aw431rf7JSOzkUJgp5SJE 0000000180001110 f   m_6Aw431rf7JSOzkUJgp5SJE.obj
 0001:00007f40       cgxe_6Aw431rf7JSOzkUJgp5SJE_BuildInfoUpdate 0000000180008f40 f   m_6Aw431rf7JSOzkUJgp5SJE.obj
 0001:000081e0       cgxe_6Aw431rf7JSOzkUJgp5SJE_fallback_info 00000001800091e0 f   m_6Aw431rf7JSOzkUJgp5SJE.obj
 0001:00008280       mexFunction                0000000180009280 f   ASKV9_cgxe_registry.obj
 0001:0000a140       _ssSetInputPortDirectFeedThroughFcn 000000018000b140 f   ASKV9_cgxe_registry.obj
 0001:0000a2b0       _ssSetRWorkValueFcn        000000018000b2b0 f   ASKV9_cgxe_registry.obj
 0001:0000a330       _ssGetRWorkValueFcn        000000018000b330 f   ASKV9_cgxe_registry.obj
 0001:0000a3a0       _ssSetIWorkValueFcn        000000018000b3a0 f   ASKV9_cgxe_registry.obj
 0001:0000a420       _ssGetIWorkValueFcn        000000018000b420 f   ASKV9_cgxe_registry.obj
 0001:0000a490       _ssSetPWorkValueFcn        000000018000b490 f   ASKV9_cgxe_registry.obj
 0001:0000a510       _ssGetPWorkValueFcn        000000018000b510 f   ASKV9_cgxe_registry.obj
 0001:0000a580       _ssGetInputPortSignalFcn   000000018000b580 f   ASKV9_cgxe_registry.obj
 0001:0000a910       _ssGetInputPortBufferDstPortFcn 000000018000b910 f   ASKV9_cgxe_registry.obj
 0001:0000a990       _ssGetInputPortSignalPtrsFcn 000000018000b990 f   ASKV9_cgxe_registry.obj
 0001:0000ad20       ssGetParameterTuningCompliance 000000018000bd20 f   ASKV9_cgxe_registry.obj
 0001:0000ad90       _ssReadInputStringFcn      000000018000bd90 f   ASKV9_cgxe_registry.obj
 0001:0000ae00       ssGetDTypeIdFromMxArray    000000018000be00 f   ASKV9_cgxe_registry.obj
 0001:0000af20       ssWriteRTWMx2dMatParam     000000018000bf20 f   ASKV9_cgxe_registry.obj
 0001:0000afb0       ssWriteRTWMxVectParam      000000018000bfb0 f   ASKV9_cgxe_registry.obj
 0001:0000b030       ssWriteRTWParameters       000000018000c030 f   ASKV9_cgxe_registry.obj
 0001:0000b5f0       ssWriteRTWParamSettings    000000018000c5f0 f   ASKV9_cgxe_registry.obj
 0001:0000bce0       ssWriteRTWStr              000000018000cce0 f   ASKV9_cgxe_registry.obj
 0001:0000bd40       ssWriteRTWWorkVect         000000018000cd40 f   ASKV9_cgxe_registry.obj
 0001:0000c2a0       ssWarning                  000000018000d2a0 f   ASKV9_cgxe_registry.obj
 0001:0000c390       ssGetRootSS                000000018000d390 f   ASKV9_cgxe_registry.obj
 0001:0000c450       ssGetParentSS              000000018000d450 f   ASKV9_cgxe_registry.obj
 0001:0000c510       ssWriteRTWNameValuePair    000000018000d510 f   ASKV9_cgxe_registry.obj
 0001:0000ca10       _ssSetInputPortMatrixDimensions 000000018000da10 f   ASKV9_cgxe_registry.obj
 0001:0000cb60       _ssSetOutputPortMatrixDimensions 000000018000db60 f   ASKV9_cgxe_registry.obj
 0001:0000ccb0       _ssSetInputPortVectorDimension 000000018000dcb0 f   ASKV9_cgxe_registry.obj
 0001:0000cd60       _ssSetOutputPortVectorDimension 000000018000dd60 f   ASKV9_cgxe_registry.obj
 0001:0000ce10       ssIsRunTimeParamTunable    000000018000de10 f   ASKV9_cgxe_registry.obj
 0001:0000ce80       ssGetSFuncBlockHandle      000000018000de80 f   ASKV9_cgxe_registry.obj
 0001:0000cef0       _ssGetCallSystemNumFcnCallDestinations 000000018000def0 f   ASKV9_cgxe_registry.obj
 0001:0000cf60       _ssGetCurrentInputPortWidth 000000018000df60 f   ASKV9_cgxe_registry.obj
 0001:0000d0a0       _ssGetCurrentOutputPortWidth 000000018000e0a0 f   ASKV9_cgxe_registry.obj
 0001:0000d1e0       ssGetIsZeroCrossControlDisabled 000000018000e1e0 f   ASKV9_cgxe_registry.obj
 0001:0000d250       ssSetIsInputPortUsedForContZcSignal 000000018000e250 f   ASKV9_cgxe_registry.obj
 0001:0000d2c0       ssSetZcSignalIsZcElementDisc 000000018000e2c0 f   ASKV9_cgxe_registry.obj
 0001:0000d370       ssSetZcSignalName          000000018000e370 f   ASKV9_cgxe_registry.obj
 0001:0000d3e0       ssSetZcSignalWidth         000000018000e3e0 f   ASKV9_cgxe_registry.obj
 0001:0000d450       ssSetZcSignalZcEventType   000000018000e450 f   ASKV9_cgxe_registry.obj
 0001:0000d4c0       ssSetZcSignalType          000000018000e4c0 f   ASKV9_cgxe_registry.obj
 0001:0000d530       ssSetZcSignalZcTol         000000018000e530 f   ASKV9_cgxe_registry.obj
 0001:0000d5a0       ssSetZcSignalNeedsEventNotification 000000018000e5a0 f   ASKV9_cgxe_registry.obj
 0001:0000d610       ssCreateAndAddZcSignalInfo 000000018000e610 f   ASKV9_cgxe_registry.obj
 0001:0000d680       ssCloneAndAddZcSignalInfo  000000018000e680 f   ASKV9_cgxe_registry.obj
 0001:0000d6f0       ssGetNumZcSignals          000000018000e6f0 f   ASKV9_cgxe_registry.obj
 0001:0000d760       ssGetZcSignalVector        000000018000e760 f   ASKV9_cgxe_registry.obj
 0001:0000d7d0       ssGetZcSignalName          000000018000e7d0 f   ASKV9_cgxe_registry.obj
 0001:0000d840       ssGetZcSignalWidth         000000018000e840 f   ASKV9_cgxe_registry.obj
 0001:0000d8b0       ssGetZcSignalZcEventType   000000018000e8b0 f   ASKV9_cgxe_registry.obj
 0001:0000d920       ssGetZcSignalZcEvents      000000018000e920 f   ASKV9_cgxe_registry.obj
 0001:0000d990       ssGetZcSignalType          000000018000e990 f   ASKV9_cgxe_registry.obj
 0001:0000da00       ssGetZcSignalZcTol         000000018000ea00 f   ASKV9_cgxe_registry.obj
 0001:0000da80       ssGetZcSignalNeedsEventNotification 000000018000ea80 f   ASKV9_cgxe_registry.obj
 0001:0000daf0       ssGetZcSignalIsZcElementDisc 000000018000eaf0 f   ASKV9_cgxe_registry.obj
 0001:0000db90       ssGetIsInputPortElementContinuous 000000018000eb90 f   ASKV9_cgxe_registry.obj
 0001:0000dc30       _ssGetAbsTol               000000018000ec30 f   ASKV9_cgxe_registry.obj
 0001:0000dca0       _ssSetStateAbsTol          000000018000eca0 f   ASKV9_cgxe_registry.obj
 0001:0000dd80       _ssSetInputPortReusableFcn 000000018000ed80 f   ASKV9_cgxe_registry.obj
 0001:0000de80       _ssSetOutputPortReusableFcn 000000018000ee80 f   ASKV9_cgxe_registry.obj
 0001:0000df80       _ssSetSymbolicDimsSupport  000000018000ef80 f   ASKV9_cgxe_registry.obj
 0001:0000dff0       _ssRegisterSymbolicDimsExpr 000000018000eff0 f   ASKV9_cgxe_registry.obj
 0001:0000e070       _ssRegisterSymbolicDimsMATLABExpr 000000018000f070 f   ASKV9_cgxe_registry.obj
 0001:0000e100       _ssRegisterSymbolicDims    000000018000f100 f   ASKV9_cgxe_registry.obj
 0001:0000e1a0       _ssRegisterSymbolicDimsString 000000018000f1a0 f   ASKV9_cgxe_registry.obj
 0001:0000e220       _ssRegisterSymbolicDimsIntValue 000000018000f220 f   ASKV9_cgxe_registry.obj
 0001:0000e290       _ssRegisterSymbolicEqualRelation 000000018000f290 f   ASKV9_cgxe_registry.obj
 0001:0000e300       _ssRegisterSymbolicEqualValue 000000018000f300 f   ASKV9_cgxe_registry.obj
 0001:0000e370       _ssAmendLeadingSymbolicDims 000000018000f370 f   ASKV9_cgxe_registry.obj
 0001:0000e3f0       _ssAmendTrailingSymbolicDims 000000018000f3f0 f   ASKV9_cgxe_registry.obj
 0001:0000e470       _ssRegisterSymbolicDimsPlus 000000018000f470 f   ASKV9_cgxe_registry.obj
 0001:0000e4f0       _ssRegisterSymbolicDimsMinus 000000018000f4f0 f   ASKV9_cgxe_registry.obj
 0001:0000e570       _ssRegisterSymbolicDimsMultiply 000000018000f570 f   ASKV9_cgxe_registry.obj
 0001:0000e5f0       _ssRegisterSymbolicDimsDivide 000000018000f5f0 f   ASKV9_cgxe_registry.obj
 0001:0000e670       _ssGetNumSymbolicDims      000000018000f670 f   ASKV9_cgxe_registry.obj
 0001:0000e6e0       _ssGetSymbolicDim          000000018000f6e0 f   ASKV9_cgxe_registry.obj
 0001:0000e760       _ssSetInputPortSymbolicDimsId 000000018000f760 f   ASKV9_cgxe_registry.obj
 0001:0000e7d0       _ssGetCompInputPortSymbolicDimsId 000000018000f7d0 f   ASKV9_cgxe_registry.obj
 0001:0000e840       _ssSetCompInputPortSymbolicDimsId 000000018000f840 f   ASKV9_cgxe_registry.obj
 0001:0000e8b0       _ssSetOutputPortSymbolicDimsId 000000018000f8b0 f   ASKV9_cgxe_registry.obj
 0001:0000e920       _ssGetCompOutputPortSymbolicDimsId 000000018000f920 f   ASKV9_cgxe_registry.obj
 0001:0000e990       _ssSetCompOutputPortSymbolicDimsId 000000018000f990 f   ASKV9_cgxe_registry.obj
 0001:0000ea00       _ssGetDWorkSymbolicDimsId  000000018000fa00 f   ASKV9_cgxe_registry.obj
 0001:0000ea70       _ssSetDWorkSymbolicDimsId  000000018000fa70 f   ASKV9_cgxe_registry.obj
 0001:0000eae0       _ssGetCompDWorkSymbolicDimsId 000000018000fae0 f   ASKV9_cgxe_registry.obj
 0001:0000eb50       _ssSetCompDWorkSymbolicDimsId 000000018000fb50 f   ASKV9_cgxe_registry.obj
 0001:0000ebc0       _ssCreateSLCGStringBuffer  000000018000fbc0 f   ASKV9_cgxe_registry.obj
 0001:0000ec30       _ssAddToSLCGStringBuffer   000000018000fc30 f   ASKV9_cgxe_registry.obj
 0001:0000eca0       _ssGetPointerContainedData 000000018000fca0 f   ASKV9_cgxe_registry.obj
 0001:0000ed30       _ssGetPointerContainedDataWidth 000000018000fd30 f   ASKV9_cgxe_registry.obj
 0001:0000edc0       _ssRegisterDynamicArrayDataTypeFcn 000000018000fdc0 f   ASKV9_cgxe_registry.obj
 0001:0000ee60       _ssGetDynamicArrayContainedDataCurrentWidthFcn 000000018000fe60 f   ASKV9_cgxe_registry.obj
 0001:0000ef30       _ssGetDynamicArrayContainedDataFcn 000000018000ff30 f   ASKV9_cgxe_registry.obj
 0001:0000f000       _ssGetInputPortDynamicArrayDataFcn 0000000180010000 f   ASKV9_cgxe_registry.obj
 0001:0000f0c0       _ssGetOutputPortDynamicArrayDataFcn 00000001800100c0 f   ASKV9_cgxe_registry.obj
 0001:0000f180       _ssGetInputPortDynamicArrayContainedDataFcn 0000000180010180 f   ASKV9_cgxe_registry.obj
 0001:0000f240       _ssGetOutputPortDynamicArrayContainedDataFcn 0000000180010240 f   ASKV9_cgxe_registry.obj
 0001:0000f300       _ssGetDynamicArrayDWorkContainedDataFcn 0000000180010300 f   ASKV9_cgxe_registry.obj
 0001:00010e30       __local_stdio_printf_options 0000000180011e30 f i ASKV9_cgxe_registry.obj
 0001:00010e40       _vsnprintf_l               0000000180011e40 f i ASKV9_cgxe_registry.obj
 0001:00010ec0       _vsprintf_l                0000000180011ec0 f i ASKV9_cgxe_registry.obj
 0001:00010f10       sprintf                    0000000180011f10 f i ASKV9_cgxe_registry.obj
 0001:00010f5f       mxGetPr_800                0000000180011f5f f   libmx:libmx.dll
 0001:00010f65       mxSetCell_800              0000000180011f65 f   libmx:libmx.dll
 0001:00010f6b       mxSetFieldByNumber_800     0000000180011f6b f   libmx:libmx.dll
 0001:00010f71       mxCreateDoubleMatrix_800   0000000180011f71 f   libmx:libmx.dll
 0001:00010f77       mxCreateString_800         0000000180011f77 f   libmx:libmx.dll
 0001:00010f7d       mxCreateCellMatrix_800     0000000180011f7d f   libmx:libmx.dll
 0001:00010f83       mxCreateStructMatrix_800   0000000180011f83 f   libmx:libmx.dll
 0001:00010f89       mxGetNaN_800               0000000180011f89 f   libmx:libmx.dll
 0001:00010f8f       mxCalloc_800               0000000180011f8f f   libmx:libmx.dll
 0001:00010f95       mxGetM_800                 0000000180011f95 f   libmx:libmx.dll
 0001:00010f9b       mxGetClassID_800           0000000180011f9b f   libmx:libmx.dll
 0001:00010fa1       mxGetData_800              0000000180011fa1 f   libmx:libmx.dll
 0001:00010fa7       mxIsNumeric_800            0000000180011fa7 f   libmx:libmx.dll
 0001:00010fad       mxIsChar_800               0000000180011fad f   libmx:libmx.dll
 0001:00010fb3       mxIsComplex_800            0000000180011fb3 f   libmx:libmx.dll
 0001:00010fb9       mxGetN_800                 0000000180011fb9 f   libmx:libmx.dll
 0001:00010fbf       mxSetField_800             0000000180011fbf f   libmx:libmx.dll
 0001:00010fc5       mxCreateNumericMatrix_800  0000000180011fc5 f   libmx:libmx.dll
 0001:00010fcb       mxCreateDoubleScalar_800   0000000180011fcb f   libmx:libmx.dll
 0001:00010fd1       mxGetString_800            0000000180011fd1 f   libmx:libmx.dll
 0001:00010fd7       mexWarnMsgTxt_800          0000000180011fd7 f   libmex:libmex.dll
 0001:00010fdd       mexPrintf_800              0000000180011fdd f   libmex:libmex.dll
 0001:00010fe3       mexCallMATLAB_800          0000000180011fe3 f   libmex:libmex.dll
 0001:00010fe9       mexUnlock_800              0000000180011fe9 f   libmex:libmex.dll
 0001:00010fef       mexIsLocked_800            0000000180011fef f   libmex:libmex.dll
 0001:00010ff5       muDoubleScalarAbs          0000000180011ff5 f   libmwmathutil:libmwmathutil.dll
 0001:00010ffb       muDoubleScalarCeil         0000000180011ffb f   libmwmathutil:libmwmathutil.dll
 0001:00011001       muDoubleScalarFloor        0000000180012001 f   libmwmathutil:libmwmathutil.dll
 0001:00011007       muDoubleScalarRound        0000000180012007 f   libmwmathutil:libmwmathutil.dll
 0001:0001100d       muDoubleScalarExp          000000018001200d f   libmwmathutil:libmwmathutil.dll
 0001:00011013       muDoubleScalarLog          0000000180012013 f   libmwmathutil:libmwmathutil.dll
 0001:00011019       muDoubleScalarPower        0000000180012019 f   libmwmathutil:libmwmathutil.dll
 0001:0001101f       muDoubleScalarSqrt         000000018001201f f   libmwmathutil:libmwmathutil.dll
 0001:00011025       muDoubleScalarRem          0000000180012025 f   libmwmathutil:libmwmathutil.dll
 0001:0001102b       muDoubleScalarIsNaN        000000018001202b f   libmwmathutil:libmwmathutil.dll
 0001:00011031       muDoubleScalarIsInf        0000000180012031 f   libmwmathutil:libmwmathutil.dll
 0001:00011037       emlrtAlias                 0000000180012037 f   libemlrt:libemlrt.dll
 0001:0001103d       emlrtLicenseCheckR2022a    000000018001203d f   libemlrt:libemlrt.dll
 0001:00011043       emlrtAssign                0000000180012043 f   libemlrt:libemlrt.dll
 0001:00011049       emlrtCreateStructMatrix    0000000180012049 f   libemlrt:libemlrt.dll
 0001:0001104f       emlrtCreateStructArray     000000018001204f f   libemlrt:libemlrt.dll
 0001:00011055       emlrtGetFieldR2017b        0000000180012055 f   libemlrt:libemlrt.dll
 0001:0001105b       emlrtSetFieldR2017b        000000018001205b f   libemlrt:libemlrt.dll
 0001:00011061       emlrtCreateCellMatrix      0000000180012061 f   libemlrt:libemlrt.dll
 0001:00011067       emlrtSetCell               0000000180012067 f   libemlrt:libemlrt.dll
 0001:0001106d       emlrtGetCell               000000018001206d f   libemlrt:libemlrt.dll
 0001:00011073       emlrtCreateNumericMatrix   0000000180012073 f   libemlrt:libemlrt.dll
 0001:00011079       emlrtCreateNumericArray    0000000180012079 f   libemlrt:libemlrt.dll
 0001:0001107f       emlrtCreateDoubleScalar    000000018001207f f   libemlrt:libemlrt.dll
 0001:00011085       emlrtCreateLogicalScalar   0000000180012085 f   libemlrt:libemlrt.dll
 0001:0001108b       emlrtCreateCharArray       000000018001208b f   libemlrt:libemlrt.dll
 0001:00011091       emlrtDestroyArray          0000000180012091 f   libemlrt:libemlrt.dll
 0001:00011097       emlrtCallMATLABR2012b      0000000180012097 f   libemlrt:libemlrt.dll
 0001:0001109d       emlrtInitCharArrayR2013a   000000018001209d f   libemlrt:libemlrt.dll
 0001:000110a3       emlrtCheckBuiltInR2012b    00000001800120a3 f   libemlrt:libemlrt.dll
 0001:000110a9       emlrtCheckStructR2012b     00000001800120a9 f   libemlrt:libemlrt.dll
 0001:000110af       emlrtMxGetData             00000001800120af f   libemlrt:libemlrt.dll
 0001:000110b5       emlrtMxGetLogicals         00000001800120b5 f   libemlrt:libemlrt.dll
 0001:000110bb       cgxertGetInputPortSignal   00000001800120bb f   libmwcgxert:libmwcgxert.dll
 0001:000110c1       cgxertGetOutputPortSignal  00000001800120c1 f   libmwcgxert:libmwcgxert.dll
 0001:000110c7       cgxertGetRunTimeParamInfoData 00000001800120c7 f   libmwcgxert:libmwcgxert.dll
 0001:000110cd       cgxertGetRuntimeInstance   00000001800120cd f   libmwcgxert:libmwcgxert.dll
 0001:000110d3       cgxertSetRuntimeInstance   00000001800120d3 f   libmwcgxert:libmwcgxert.dll
 0001:000110d9       cgxertGetEMLRTCtx          00000001800120d9 f   libmwcgxert:libmwcgxert.dll
 0001:000110df       cgxertSetGcb               00000001800120df f   libmwcgxert:libmwcgxert.dll
 0001:000110e5       cgxertRestoreGcb           00000001800120e5 f   libmwcgxert:libmwcgxert.dll
 0001:000110ec       __raise_securityfailure    00000001800120ec f   MSVCRT:gs_report.obj
 0001:00011120       __report_gsfailure         0000000180012120 f   MSVCRT:gs_report.obj
 0001:000111f4       __report_rangecheckfailure 00000001800121f4 f   MSVCRT:gs_report.obj
 0001:00011208       __report_securityfailure   0000000180012208 f   MSVCRT:gs_report.obj
 0001:000112a8       __report_securityfailureEx 00000001800122a8 f   MSVCRT:gs_report.obj
 0001:0001149c       __GSHandlerCheck           000000018001249c f   MSVCRT:gshandler.obj
 0001:000114bc       __GSHandlerCheckCommon     00000001800124bc f   MSVCRT:gshandler.obj
 0001:00011530       __security_check_cookie    0000000180012530 f   MSVCRT:amdsecgs.obj
 0001:0001187c       _CRT_INIT                  000000018001287c f   MSVCRT:dll_dllmain.obj
 0001:00011884       _DllMainCRTStartup         0000000180012884 f   MSVCRT:dll_dllmain.obj
 0001:00011930       __security_init_cookie     0000000180012930 f   MSVCRT:gs_support.obj
 0001:000119dc       DllMain                    00000001800129dc f   MSVCRT:dll_dllmain_stub.obj
 0001:00011a00       ?__scrt_initialize_type_info@@YAXXZ 0000000180012a00 f   MSVCRT:tncleanup.obj
 0001:00011a10       ?__scrt_uninitialize_type_info@@YAXXZ 0000000180012a10 f   MSVCRT:tncleanup.obj
 0001:00011a1c       __local_stdio_scanf_options 0000000180012a1c f i MSVCRT:default_local_stdio_options.obj
 0001:00011a24       __scrt_initialize_default_local_stdio_options 0000000180012a24 f   MSVCRT:default_local_stdio_options.obj
 0001:00011a40       ?configure_argv@__scrt_narrow_argv_policy@@SAHXZ 0000000180012a40 f i MSVCRT:utility.obj
 0001:00011aa0       ?initialize_environment@__scrt_narrow_environment_policy@@SAHXZ 0000000180012aa0 f i MSVCRT:utility.obj
 0001:00011ad8       NtCurrentTeb               0000000180012ad8 f i MSVCRT:utility.obj
 0001:00011ae4       __scrt_acquire_startup_lock 0000000180012ae4 f   MSVCRT:utility.obj
 0001:00011b20       __scrt_dllmain_after_initialize_c 0000000180012b20 f   MSVCRT:utility.obj
 0001:00011b54       __scrt_dllmain_before_initialize_c 0000000180012b54 f   MSVCRT:utility.obj
 0001:00011b6c       __scrt_dllmain_crt_thread_attach 0000000180012b6c f   MSVCRT:utility.obj
 0001:00011b94       __scrt_dllmain_crt_thread_detach 0000000180012b94 f   MSVCRT:utility.obj
 0001:00011bac       __scrt_dllmain_exception_filter 0000000180012bac f   MSVCRT:utility.obj
 0001:00011c0c       __scrt_dllmain_uninitialize_c 0000000180012c0c f   MSVCRT:utility.obj
 0001:00011c3c       __scrt_dllmain_uninitialize_critical 0000000180012c3c f   MSVCRT:utility.obj
 0001:00011c50       __scrt_initialize_crt      0000000180012c50 f   MSVCRT:utility.obj
 0001:00011c8c       __scrt_initialize_onexit_tables 0000000180012c8c f   MSVCRT:utility.obj
 0001:00011d18       __scrt_is_nonwritable_in_current_image 0000000180012d18 f   MSVCRT:utility.obj
 0001:00011db0       __scrt_release_startup_lock 0000000180012db0 f   MSVCRT:utility.obj
 0001:00011dd4       __scrt_uninitialize_crt    0000000180012dd4 f   MSVCRT:utility.obj
 0001:00011e00       _onexit                    0000000180012e00 f   MSVCRT:utility.obj
 0001:00011e3c       at_quick_exit              0000000180012e3c f   MSVCRT:utility.obj
 0001:00011e5c       atexit                     0000000180012e5c f   MSVCRT:utility.obj
 0001:00011e74       __scrt_get_dyn_tls_init_callback 0000000180012e74 f   MSVCRT:dyn_tls_init.obj
 0001:00011e7c       __crt_debugger_hook        0000000180012e7c f   MSVCRT:utility_desktop.obj
 0001:00011e84       __scrt_fastfail            0000000180012e84 f   MSVCRT:utility_desktop.obj
 0001:00011fcc       __scrt_get_show_window_mode 0000000180012fcc f   MSVCRT:utility_desktop.obj
 0001:00012008       __scrt_initialize_mta      0000000180013008 f   MSVCRT:utility_desktop.obj
 0001:00012010       __scrt_initialize_winrt    0000000180013010 f   MSVCRT:utility_desktop.obj
 0001:00012014       __scrt_is_managed_app      0000000180013014 f   MSVCRT:utility_desktop.obj
 0001:00012068       __scrt_set_unhandled_exception_filter 0000000180013068 f   MSVCRT:utility_desktop.obj
 0001:00012078       __scrt_exe_initialize_mta  0000000180013078 f   MSVCRT:utility_desktop.obj
 0001:00012078       __scrt_stub_for_initialize_mta 0000000180013078 f   MSVCRT:utility_desktop.obj
 0001:0001207c       __scrt_unhandled_exception_filter 000000018001307c f   MSVCRT:utility_desktop.obj
 0001:000120d8       _RTC_Initialize            00000001800130d8 f   MSVCRT:initsect.obj
 0001:00012114       _RTC_Terminate             0000000180013114 f   MSVCRT:initsect.obj
 0001:00012150       _guard_check_icall_nop     0000000180013150 f i MSVCRT:guard_support.obj
 0001:00012154       ReadNoFence64              0000000180013154 f i MSVCRT:guard_support.obj
 0001:00012158       ReadPointerNoFence         0000000180013158 f i MSVCRT:guard_support.obj
 0001:0001215c       __castguard_check_failure_debugbreak 000000018001315c f i MSVCRT:guard_support.obj
 0001:00012178       __castguard_check_failure_fastfail 0000000180013178 f i MSVCRT:guard_support.obj
 0001:0001219c       __castguard_check_failure_nop 000000018001319c f i MSVCRT:guard_support.obj
 0001:000121a0       __castguard_check_failure_os_handled 00000001800131a0 f i MSVCRT:guard_support.obj
 0001:000121ec       __castguard_check_failure_user_handled 00000001800131ec f i MSVCRT:guard_support.obj
 0001:00012260       __castguard_set_user_handler 0000000180013260 f i MSVCRT:guard_support.obj
 0001:0001226c       __castguard_slow_path_check_debugbreak 000000018001326c f i MSVCRT:guard_support.obj
 0001:000122a0       __castguard_slow_path_check_fastfail 00000001800132a0 f i MSVCRT:guard_support.obj
 0001:000122dc       __castguard_slow_path_check_nop 00000001800132dc f i MSVCRT:guard_support.obj
 0001:000122e0       __castguard_slow_path_check_os_handled 00000001800132e0 f i MSVCRT:guard_support.obj
 0001:0001232c       __castguard_slow_path_check_user_handled 000000018001332c f i MSVCRT:guard_support.obj
 0001:00012398       _guard_icall_checks_enforced 0000000180013398 f i MSVCRT:guard_support.obj
 0001:000123b0       _guard_rf_checks_enforced  00000001800133b0 f i MSVCRT:guard_support.obj
 0001:000123b4       __isa_available_init       00000001800133b4 f   MSVCRT:cpu_disp.obj
 0001:00012680       _get_startup_argv_mode     0000000180013680 f   MSVCRT:argv_mode.obj
 0001:00012688       __scrt_is_ucrt_dll_in_use  0000000180013688 f   MSVCRT:ucrt_detection.obj
 0001:000126a0       RtlCaptureContext          00000001800136a0 f   kernel32:KERNEL32.dll
 0001:000126a6       RtlLookupFunctionEntry     00000001800136a6 f   kernel32:KERNEL32.dll
 0001:000126ac       RtlVirtualUnwind           00000001800136ac f   kernel32:KERNEL32.dll
 0001:000126b2       UnhandledExceptionFilter   00000001800136b2 f   kernel32:KERNEL32.dll
 0001:000126b8       SetUnhandledExceptionFilter 00000001800136b8 f   kernel32:KERNEL32.dll
 0001:000126be       GetCurrentProcess          00000001800136be f   kernel32:KERNEL32.dll
 0001:000126c4       TerminateProcess           00000001800136c4 f   kernel32:KERNEL32.dll
 0001:000126ca       IsProcessorFeaturePresent  00000001800136ca f   kernel32:KERNEL32.dll
 0001:000126d0       QueryPerformanceCounter    00000001800136d0 f   kernel32:KERNEL32.dll
 0001:000126d6       GetCurrentProcessId        00000001800136d6 f   kernel32:KERNEL32.dll
 0001:000126dc       GetCurrentThreadId         00000001800136dc f   kernel32:KERNEL32.dll
 0001:000126e2       GetSystemTimeAsFileTime    00000001800136e2 f   kernel32:KERNEL32.dll
 0001:000126e8       DisableThreadLibraryCalls  00000001800136e8 f   kernel32:KERNEL32.dll
 0001:000126ee       InitializeSListHead        00000001800136ee f   kernel32:KERNEL32.dll
 0001:000126f4       IsDebuggerPresent          00000001800136f4 f   kernel32:KERNEL32.dll
 0001:000126fa       GetStartupInfoW            00000001800136fa f   kernel32:KERNEL32.dll
 0001:00012700       GetModuleHandleW           0000000180013700 f   kernel32:KERNEL32.dll
 0001:00012706       memcpy                     0000000180013706 f   vcruntime:VCRUNTIME140.dll
 0001:0001270c       __C_specific_handler       000000018001370c f   vcruntime:VCRUNTIME140.dll
 0001:00012712       __std_type_info_destroy_list 0000000180013712 f   vcruntime:VCRUNTIME140.dll
 0001:00012718       __current_exception        0000000180013718 f   vcruntime:VCRUNTIME140.dll
 0001:0001271e       __current_exception_context 000000018001371e f   vcruntime:VCRUNTIME140.dll
 0001:00012724       memset                     0000000180013724 f   vcruntime:VCRUNTIME140.dll
 0001:0001272a       calloc                     000000018001372a f   ucrt:api-ms-win-crt-heap-l1-1-0.dll
 0001:00012730       free                       0000000180013730 f   ucrt:api-ms-win-crt-heap-l1-1-0.dll
 0001:00012736       _localtime64               0000000180013736 f   ucrt:api-ms-win-crt-time-l1-1-0.dll
 0001:0001273c       _time64                    000000018001373c f   ucrt:api-ms-win-crt-time-l1-1-0.dll
 0001:00012742       strcmp                     0000000180013742 f   ucrt:api-ms-win-crt-string-l1-1-0.dll
 0001:00012748       strlen                     0000000180013748 f   ucrt:api-ms-win-crt-string-l1-1-0.dll
 0001:0001274e       __stdio_common_vsprintf    000000018001374e f   ucrt:api-ms-win-crt-stdio-l1-1-0.dll
 0001:00012754       malloc                     0000000180013754 f   ucrt:api-ms-win-crt-heap-l1-1-0.dll
 0001:0001275a       _initterm                  000000018001375a f   ucrt:api-ms-win-crt-runtime-l1-1-0.dll
 0001:00012760       _initterm_e                0000000180013760 f   ucrt:api-ms-win-crt-runtime-l1-1-0.dll
 0001:00012766       _seh_filter_dll            0000000180013766 f   ucrt:api-ms-win-crt-runtime-l1-1-0.dll
 0001:0001276c       _configure_narrow_argv     000000018001376c f   ucrt:api-ms-win-crt-runtime-l1-1-0.dll
 0001:00012772       _initialize_narrow_environment 0000000180013772 f   ucrt:api-ms-win-crt-runtime-l1-1-0.dll
 0001:00012778       _initialize_onexit_table   0000000180013778 f   ucrt:api-ms-win-crt-runtime-l1-1-0.dll
 0001:0001277e       _register_onexit_function  000000018001377e f   ucrt:api-ms-win-crt-runtime-l1-1-0.dll
 0001:00012784       _execute_onexit_table      0000000180013784 f   ucrt:api-ms-win-crt-runtime-l1-1-0.dll
 0001:0001278a       _crt_atexit                000000018001378a f   ucrt:api-ms-win-crt-runtime-l1-1-0.dll
 0001:00012790       _crt_at_quick_exit         0000000180013790 f   ucrt:api-ms-win-crt-runtime-l1-1-0.dll
 0001:00012796       _cexit                     0000000180013796 f   ucrt:api-ms-win-crt-runtime-l1-1-0.dll
 0001:0001279c       terminate                  000000018001379c f   ucrt:api-ms-win-crt-runtime-l1-1-0.dll
 0001:000127a4       __acrt_initialize          00000001800137a4 f   MSVCRT:ucrt_stubs.obj
 0001:000127a4       __scrt_stub_for_acrt_initialize 00000001800137a4 f   MSVCRT:ucrt_stubs.obj
 0001:000127a4       __vcrt_initialize          00000001800137a4 f   MSVCRT:ucrt_stubs.obj
 0001:000127a8       __acrt_thread_attach       00000001800137a8 f   MSVCRT:ucrt_stubs.obj
 0001:000127a8       __scrt_stub_for_acrt_thread_attach 00000001800137a8 f   MSVCRT:ucrt_stubs.obj
 0001:000127a8       __vcrt_thread_attach       00000001800137a8 f   MSVCRT:ucrt_stubs.obj
 0001:000127ac       __acrt_thread_detach       00000001800137ac f   MSVCRT:ucrt_stubs.obj
 0001:000127ac       __scrt_stub_for_acrt_thread_detach 00000001800137ac f   MSVCRT:ucrt_stubs.obj
 0001:000127ac       __vcrt_thread_detach       00000001800137ac f   MSVCRT:ucrt_stubs.obj
 0001:000127b0       __acrt_uninitialize        00000001800137b0 f   MSVCRT:ucrt_stubs.obj
 0001:000127b0       __scrt_stub_for_acrt_uninitialize 00000001800137b0 f   MSVCRT:ucrt_stubs.obj
 0001:000127b0       __vcrt_uninitialize        00000001800137b0 f   MSVCRT:ucrt_stubs.obj
 0001:000127b4       __acrt_uninitialize_critical 00000001800137b4 f   MSVCRT:ucrt_stubs.obj
 0001:000127b4       __scrt_stub_for_acrt_uninitialize_critical 00000001800137b4 f   MSVCRT:ucrt_stubs.obj
 0001:000127b4       __vcrt_uninitialize_critical 00000001800137b4 f   MSVCRT:ucrt_stubs.obj
 0001:000127b8       __scrt_stub_for_is_c_termination_complete 00000001800137b8 f   MSVCRT:ucrt_stubs.obj
 0001:000127b8       _is_c_termination_complete 00000001800137b8 f   MSVCRT:ucrt_stubs.obj
 0001:000127d0       _guard_dispatch_icall_nop  00000001800137d0 f   MSVCRT:guard_dispatch.obj
 0001:000127f0       _guard_xfg_dispatch_icall_nop 00000001800137f0 f   MSVCRT:guard_xfg_dispatch.obj
 0002:00000000       __imp_InitializeSListHead  0000000180014000     kernel32:KERNEL32.dll
 0002:00000008       __imp_RtlLookupFunctionEntry 0000000180014008     kernel32:KERNEL32.dll
 0002:00000010       __imp_RtlVirtualUnwind     0000000180014010     kernel32:KERNEL32.dll
 0002:00000018       __imp_UnhandledExceptionFilter 0000000180014018     kernel32:KERNEL32.dll
 0002:00000020       __imp_SetUnhandledExceptionFilter 0000000180014020     kernel32:KERNEL32.dll
 0002:00000028       __imp_GetCurrentProcess    0000000180014028     kernel32:KERNEL32.dll
 0002:00000030       __imp_TerminateProcess     0000000180014030     kernel32:KERNEL32.dll
 0002:00000038       __imp_IsProcessorFeaturePresent 0000000180014038     kernel32:KERNEL32.dll
 0002:00000040       __imp_QueryPerformanceCounter 0000000180014040     kernel32:KERNEL32.dll
 0002:00000048       __imp_GetCurrentProcessId  0000000180014048     kernel32:KERNEL32.dll
 0002:00000050       __imp_GetCurrentThreadId   0000000180014050     kernel32:KERNEL32.dll
 0002:00000058       __imp_GetSystemTimeAsFileTime 0000000180014058     kernel32:KERNEL32.dll
 0002:00000060       __imp_DisableThreadLibraryCalls 0000000180014060     kernel32:KERNEL32.dll
 0002:00000068       __imp_RtlCaptureContext    0000000180014068     kernel32:KERNEL32.dll
 0002:00000070       __imp_IsDebuggerPresent    0000000180014070     kernel32:KERNEL32.dll
 0002:00000078       __imp_GetStartupInfoW      0000000180014078     kernel32:KERNEL32.dll
 0002:00000080       __imp_GetModuleHandleW     0000000180014080     kernel32:KERNEL32.dll
 0002:00000088       \177KERNEL32_NULL_THUNK_DATA 0000000180014088     kernel32:KERNEL32.dll
 0002:00000090       __imp___std_type_info_destroy_list 0000000180014090     vcruntime:VCRUNTIME140.dll
 0002:00000098       __imp_memcpy               0000000180014098     vcruntime:VCRUNTIME140.dll
 0002:000000a0       __imp___C_specific_handler 00000001800140a0     vcruntime:VCRUNTIME140.dll
 0002:000000a8       __imp_memset               00000001800140a8     vcruntime:VCRUNTIME140.dll
 0002:000000b0       __imp___current_exception  00000001800140b0     vcruntime:VCRUNTIME140.dll
 0002:000000b8       __imp___current_exception_context 00000001800140b8     vcruntime:VCRUNTIME140.dll
 0002:000000c0       \177VCRUNTIME140_NULL_THUNK_DATA 00000001800140c0     vcruntime:VCRUNTIME140.dll
 0002:000000c8       __imp_malloc               00000001800140c8     ucrt:api-ms-win-crt-heap-l1-1-0.dll
 0002:000000d0       __imp_calloc               00000001800140d0     ucrt:api-ms-win-crt-heap-l1-1-0.dll
 0002:000000d8       __imp_free                 00000001800140d8     ucrt:api-ms-win-crt-heap-l1-1-0.dll
 0002:000000e0       \177api-ms-win-crt-heap-l1-1-0_NULL_THUNK_DATA 00000001800140e0     ucrt:api-ms-win-crt-heap-l1-1-0.dll
 0002:000000e8       __imp__cexit               00000001800140e8     ucrt:api-ms-win-crt-runtime-l1-1-0.dll
 0002:000000f0       __imp_terminate            00000001800140f0     ucrt:api-ms-win-crt-runtime-l1-1-0.dll
 0002:000000f8       __imp__crt_at_quick_exit   00000001800140f8     ucrt:api-ms-win-crt-runtime-l1-1-0.dll
 0002:00000100       __imp__crt_atexit          0000000180014100     ucrt:api-ms-win-crt-runtime-l1-1-0.dll
 0002:00000108       __imp__initterm            0000000180014108     ucrt:api-ms-win-crt-runtime-l1-1-0.dll
 0002:00000110       __imp__initterm_e          0000000180014110     ucrt:api-ms-win-crt-runtime-l1-1-0.dll
 0002:00000118       __imp__seh_filter_dll      0000000180014118     ucrt:api-ms-win-crt-runtime-l1-1-0.dll
 0002:00000120       __imp__configure_narrow_argv 0000000180014120     ucrt:api-ms-win-crt-runtime-l1-1-0.dll
 0002:00000128       __imp__initialize_narrow_environment 0000000180014128     ucrt:api-ms-win-crt-runtime-l1-1-0.dll
 0002:00000130       __imp__initialize_onexit_table 0000000180014130     ucrt:api-ms-win-crt-runtime-l1-1-0.dll
 0002:00000138       __imp__execute_onexit_table 0000000180014138     ucrt:api-ms-win-crt-runtime-l1-1-0.dll
 0002:00000140       __imp__register_onexit_function 0000000180014140     ucrt:api-ms-win-crt-runtime-l1-1-0.dll
 0002:00000148       \177api-ms-win-crt-runtime-l1-1-0_NULL_THUNK_DATA 0000000180014148     ucrt:api-ms-win-crt-runtime-l1-1-0.dll
 0002:00000150       __imp___stdio_common_vsprintf 0000000180014150     ucrt:api-ms-win-crt-stdio-l1-1-0.dll
 0002:00000158       \177api-ms-win-crt-stdio-l1-1-0_NULL_THUNK_DATA 0000000180014158     ucrt:api-ms-win-crt-stdio-l1-1-0.dll
 0002:00000160       __imp_strcmp               0000000180014160     ucrt:api-ms-win-crt-string-l1-1-0.dll
 0002:00000168       __imp_strlen               0000000180014168     ucrt:api-ms-win-crt-string-l1-1-0.dll
 0002:00000170       \177api-ms-win-crt-string-l1-1-0_NULL_THUNK_DATA 0000000180014170     ucrt:api-ms-win-crt-string-l1-1-0.dll
 0002:00000178       __imp__localtime64         0000000180014178     ucrt:api-ms-win-crt-time-l1-1-0.dll
 0002:00000180       __imp__time64              0000000180014180     ucrt:api-ms-win-crt-time-l1-1-0.dll
 0002:00000188       \177api-ms-win-crt-time-l1-1-0_NULL_THUNK_DATA 0000000180014188     ucrt:api-ms-win-crt-time-l1-1-0.dll
 0002:00000190       __imp_emlrtCreateNumericArray 0000000180014190     libemlrt:libemlrt.dll
 0002:00000198       __imp_emlrtCreateDoubleScalar 0000000180014198     libemlrt:libemlrt.dll
 0002:000001a0       __imp_emlrtCreateLogicalScalar 00000001800141a0     libemlrt:libemlrt.dll
 0002:000001a8       __imp_emlrtCreateCharArray 00000001800141a8     libemlrt:libemlrt.dll
 0002:000001b0       __imp_emlrtDestroyArray    00000001800141b0     libemlrt:libemlrt.dll
 0002:000001b8       __imp_emlrtCallMATLABR2012b 00000001800141b8     libemlrt:libemlrt.dll
 0002:000001c0       __imp_emlrtCreateNumericMatrix 00000001800141c0     libemlrt:libemlrt.dll
 0002:000001c8       __imp_emlrtCheckBuiltInR2012b 00000001800141c8     libemlrt:libemlrt.dll
 0002:000001d0       __imp_emlrtCheckStructR2012b 00000001800141d0     libemlrt:libemlrt.dll
 0002:000001d8       __imp_emlrtMxGetData       00000001800141d8     libemlrt:libemlrt.dll
 0002:000001e0       __imp_emlrtMxGetLogicals   00000001800141e0     libemlrt:libemlrt.dll
 0002:000001e8       __imp_emlrtLicenseCheckR2022a 00000001800141e8     libemlrt:libemlrt.dll
 0002:000001f0       __imp_emlrtAlias           00000001800141f0     libemlrt:libemlrt.dll
 0002:000001f8       __imp_emlrtGetCell         00000001800141f8     libemlrt:libemlrt.dll
 0002:00000200       __imp_emlrtCreateCellMatrix 0000000180014200     libemlrt:libemlrt.dll
 0002:00000208       __imp_emlrtSetFieldR2017b  0000000180014208     libemlrt:libemlrt.dll
 0002:00000210       __imp_emlrtAssign          0000000180014210     libemlrt:libemlrt.dll
 0002:00000218       __imp_emlrtCreateStructArray 0000000180014218     libemlrt:libemlrt.dll
 0002:00000220       __imp_emlrtSetCell         0000000180014220     libemlrt:libemlrt.dll
 0002:00000228       __imp_emlrtInitCharArrayR2013a 0000000180014228     libemlrt:libemlrt.dll
 0002:00000230       __imp_emlrtCreateStructMatrix 0000000180014230     libemlrt:libemlrt.dll
 0002:00000238       __imp_emlrtGetFieldR2017b  0000000180014238     libemlrt:libemlrt.dll
 0002:00000240       \177libemlrt_NULL_THUNK_DATA 0000000180014240     libemlrt:libemlrt.dll
 0002:00000248       __imp_mexCallMATLAB_800    0000000180014248     libmex:libmex.dll
 0002:00000250       __imp_mexPrintf_800        0000000180014250     libmex:libmex.dll
 0002:00000258       __imp_mexWarnMsgTxt_800    0000000180014258     libmex:libmex.dll
 0002:00000260       __imp_mexIsLocked_800      0000000180014260     libmex:libmex.dll
 0002:00000268       __imp_mexUnlock_800        0000000180014268     libmex:libmex.dll
 0002:00000270       \177libmex_NULL_THUNK_DATA 0000000180014270     libmex:libmex.dll
 0002:00000278       __imp_cgxertGetOutputPortSignal 0000000180014278     libmwcgxert:libmwcgxert.dll
 0002:00000280       __imp_cgxertGetRunTimeParamInfoData 0000000180014280     libmwcgxert:libmwcgxert.dll
 0002:00000288       __imp_cgxertGetRuntimeInstance 0000000180014288     libmwcgxert:libmwcgxert.dll
 0002:00000290       __imp_cgxertSetRuntimeInstance 0000000180014290     libmwcgxert:libmwcgxert.dll
 0002:00000298       __imp_cgxertGetEMLRTCtx    0000000180014298     libmwcgxert:libmwcgxert.dll
 0002:000002a0       __imp_cgxertSetGcb         00000001800142a0     libmwcgxert:libmwcgxert.dll
 0002:000002a8       __imp_cgxertRestoreGcb     00000001800142a8     libmwcgxert:libmwcgxert.dll
 0002:000002b0       __imp_cgxertGetInputPortSignal 00000001800142b0     libmwcgxert:libmwcgxert.dll
 0002:000002b8       \177libmwcgxert_NULL_THUNK_DATA 00000001800142b8     libmwcgxert:libmwcgxert.dll
 0002:000002c0       __imp_muDoubleScalarLog    00000001800142c0     libmwmathutil:libmwmathutil.dll
 0002:000002c8       __imp_muDoubleScalarExp    00000001800142c8     libmwmathutil:libmwmathutil.dll
 0002:000002d0       __imp_muDoubleScalarRound  00000001800142d0     libmwmathutil:libmwmathutil.dll
 0002:000002d8       __imp_muDoubleScalarFloor  00000001800142d8     libmwmathutil:libmwmathutil.dll
 0002:000002e0       __imp_muDoubleScalarCeil   00000001800142e0     libmwmathutil:libmwmathutil.dll
 0002:000002e8       __imp_muDoubleScalarAbs    00000001800142e8     libmwmathutil:libmwmathutil.dll
 0002:000002f0       __imp_muDoubleScalarPower  00000001800142f0     libmwmathutil:libmwmathutil.dll
 0002:000002f8       __imp_muDoubleScalarSqrt   00000001800142f8     libmwmathutil:libmwmathutil.dll
 0002:00000300       __imp_muDoubleScalarRem    0000000180014300     libmwmathutil:libmwmathutil.dll
 0002:00000308       __imp_muDoubleScalarIsNaN  0000000180014308     libmwmathutil:libmwmathutil.dll
 0002:00000310       __imp_muDoubleScalarIsInf  0000000180014310     libmwmathutil:libmwmathutil.dll
 0002:00000318       \177libmwmathutil_NULL_THUNK_DATA 0000000180014318     libmwmathutil:libmwmathutil.dll
 0002:00000320       __imp_mxSetCell_800        0000000180014320     libmx:libmx.dll
 0002:00000328       __imp_mxGetString_800      0000000180014328     libmx:libmx.dll
 0002:00000330       __imp_mxCreateDoubleScalar_800 0000000180014330     libmx:libmx.dll
 0002:00000338       __imp_mxCreateNumericMatrix_800 0000000180014338     libmx:libmx.dll
 0002:00000340       __imp_mxSetField_800       0000000180014340     libmx:libmx.dll
 0002:00000348       __imp_mxGetN_800           0000000180014348     libmx:libmx.dll
 0002:00000350       __imp_mxIsComplex_800      0000000180014350     libmx:libmx.dll
 0002:00000358       __imp_mxIsChar_800         0000000180014358     libmx:libmx.dll
 0002:00000360       __imp_mxIsNumeric_800      0000000180014360     libmx:libmx.dll
 0002:00000368       __imp_mxGetData_800        0000000180014368     libmx:libmx.dll
 0002:00000370       __imp_mxGetClassID_800     0000000180014370     libmx:libmx.dll
 0002:00000378       __imp_mxGetM_800           0000000180014378     libmx:libmx.dll
 0002:00000380       __imp_mxCalloc_800         0000000180014380     libmx:libmx.dll
 0002:00000388       __imp_mxGetNaN_800         0000000180014388     libmx:libmx.dll
 0002:00000390       __imp_mxCreateStructMatrix_800 0000000180014390     libmx:libmx.dll
 0002:00000398       __imp_mxCreateCellMatrix_800 0000000180014398     libmx:libmx.dll
 0002:000003a0       __imp_mxCreateString_800   00000001800143a0     libmx:libmx.dll
 0002:000003a8       __imp_mxCreateDoubleMatrix_800 00000001800143a8     libmx:libmx.dll
 0002:000003b0       __imp_mxSetFieldByNumber_800 00000001800143b0     libmx:libmx.dll
 0002:000003b8       __imp_mxGetPr_800          00000001800143b8     libmx:libmx.dll
 0002:000003c0       \177libmx_NULL_THUNK_DATA  00000001800143c0     libmx:libmx.dll
 0002:000003c8       __guard_check_icall_fptr   00000001800143c8     MSVCRT:guard_support.obj
 0002:000003d0       __guard_xfg_check_icall_fptr 00000001800143d0     MSVCRT:guard_support.obj
 0002:000003d8       __guard_dispatch_icall_fptr 00000001800143d8     MSVCRT:guard_support.obj
 0002:000003e0       __guard_xfg_dispatch_icall_fptr 00000001800143e0     MSVCRT:guard_support.obj
 0002:000003e8       __guard_xfg_table_dispatch_icall_fptr 00000001800143e8     MSVCRT:guard_support.obj
 0002:000003f0       __castguard_check_failure_os_handled_fptr 00000001800143f0     MSVCRT:guard_support.obj
 0002:000003f8       __guard_memcpy_fptr        00000001800143f8     vcruntime:softmemtag.obj
 0002:00000400       __xc_a                     0000000180014400     MSVCRT:initializers.obj
 0002:00000408       __xc_z                     0000000180014408     MSVCRT:initializers.obj
 0002:00000410       __xi_a                     0000000180014410     MSVCRT:initializers.obj
 0002:00000418       __xi_z                     0000000180014418     MSVCRT:initializers.obj
 0002:00000420       __xp_a                     0000000180014420     MSVCRT:initializers.obj
 0002:00000428       __xp_z                     0000000180014428     MSVCRT:initializers.obj
 0002:00000430       __xt_a                     0000000180014430     MSVCRT:initializers.obj
 0002:00000438       __xt_z                     0000000180014438     MSVCRT:initializers.obj
 0002:000005f0       __real@0000000000000000    00000001800145f0     m_6Aw431rf7JSOzkUJgp5SJE.obj
 0002:000005f8       __real@3ca0000000000000    00000001800145f8     m_6Aw431rf7JSOzkUJgp5SJE.obj
 0002:00000600       __real@3cb0000000000000    0000000180014600     m_6Aw431rf7JSOzkUJgp5SJE.obj
 0002:00000608       __real@3defffffffffffff    0000000180014608     m_6Aw431rf7JSOzkUJgp5SJE.obj
 0002:00000610       __real@3e00000000000000    0000000180014610     m_6Aw431rf7JSOzkUJgp5SJE.obj
 0002:00000618       __real@3e00000000200000    0000000180014618     m_6Aw431rf7JSOzkUJgp5SJE.obj
 0002:00000620       __real@3f940d92e5a05850    0000000180014620     m_6Aw431rf7JSOzkUJgp5SJE.obj
 0002:00000628       __real@3fd183aa6c20e8bc    0000000180014628     m_6Aw431rf7JSOzkUJgp5SJE.obj
 0002:00000630       __real@3fdf39bd90efa6ec    0000000180014630     m_6Aw431rf7JSOzkUJgp5SJE.obj
 0002:00000638       __real@3fe0000000000000    0000000180014638     m_6Aw431rf7JSOzkUJgp5SJE.obj
 0002:00000640       __real@3fef01751555d29a    0000000180014640     m_6Aw431rf7JSOzkUJgp5SJE.obj
 0002:00000648       __real@3ff0000000000000    0000000180014648     m_6Aw431rf7JSOzkUJgp5SJE.obj
 0002:00000650       __real@3ff4d1b4fe79ee03    0000000180014650     m_6Aw431rf7JSOzkUJgp5SJE.obj
 0002:00000658       __real@4000000000000000    0000000180014658     m_6Aw431rf7JSOzkUJgp5SJE.obj
 0002:00000660       __real@40063748a159817c    0000000180014660     m_6Aw431rf7JSOzkUJgp5SJE.obj
 0002:00000668       __real@400d3bb48209ad36    0000000180014668     m_6Aw431rf7JSOzkUJgp5SJE.obj
 0002:00000670       __real@4010000000000000    0000000180014670     m_6Aw431rf7JSOzkUJgp5SJE.obj
 0002:00000678       __real@4024000000000000    0000000180014678     m_6Aw431rf7JSOzkUJgp5SJE.obj
 0002:00000680       __real@4028c070b8cfbfc6    0000000180014680     m_6Aw431rf7JSOzkUJgp5SJE.obj
 0002:00000688       __real@40295aa79bbadc0a    0000000180014688     m_6Aw431rf7JSOzkUJgp5SJE.obj
 0002:00000690       __real@404e000000000000    0000000180014690     m_6Aw431rf7JSOzkUJgp5SJE.obj
 0002:00000698       __real@4050c00000000000    0000000180014698     m_6Aw431rf7JSOzkUJgp5SJE.obj
 0002:000006a0       __real@4059000000000000    00000001800146a0     m_6Aw431rf7JSOzkUJgp5SJE.obj
 0002:000006a8       __real@4076d00000000000    00000001800146a8     m_6Aw431rf7JSOzkUJgp5SJE.obj
 0002:000006b0       __real@4079000000000000    00000001800146b0     m_6Aw431rf7JSOzkUJgp5SJE.obj
 0002:000006b8       __real@40ac200000000000    00000001800146b8     m_6Aw431rf7JSOzkUJgp5SJE.obj
 0002:000006c0       __real@40f5180000000000    00000001800146c0     m_6Aw431rf7JSOzkUJgp5SJE.obj
 0002:000006c8       __real@41607ac000000000    00000001800146c8     m_6Aw431rf7JSOzkUJgp5SJE.obj
 0002:000006d0       __real@4170000000000000    00000001800146d0     m_6Aw431rf7JSOzkUJgp5SJE.obj
 0002:000006d8       __real@4190000000000000    00000001800146d8     m_6Aw431rf7JSOzkUJgp5SJE.obj
 0002:000006e0       __real@41dfffffffc00000    00000001800146e0     m_6Aw431rf7JSOzkUJgp5SJE.obj
 0002:000006e8       __real@41f0000000000000    00000001800146e8     m_6Aw431rf7JSOzkUJgp5SJE.obj
 0002:000006f0       __real@bfe0000000000000    00000001800146f0     m_6Aw431rf7JSOzkUJgp5SJE.obj
 0002:000006f8       __real@c000000000000000    00000001800146f8     m_6Aw431rf7JSOzkUJgp5SJE.obj
 0002:00000700       __xmm@80000000000000008000000000000000 0000000180014700     m_6Aw431rf7JSOzkUJgp5SJE.obj
 0002:00000710       DYNAMIC_DIMENSION_DEF      0000000180014710     ASKV9_cgxe_registry.obj
 0002:00000728       __real@41602cbca0000000    0000000180014728     ASKV9_cgxe_registry.obj
 0002:00000730       __real@41987e050c000000    0000000180014730     ASKV9_cgxe_registry.obj
 0002:00000738       __real@41bcb5c58b000000    0000000180014738     ASKV9_cgxe_registry.obj
 0002:00000740       __real@41cae3c5cf800000    0000000180014740     ASKV9_cgxe_registry.obj
 0002:00000748       __real@41cc725b85000000    0000000180014748     ASKV9_cgxe_registry.obj
 0002:00000750       __real@41ce24e42c000000    0000000180014750     ASKV9_cgxe_registry.obj
 0002:00000758       __real@41cf543bb6800000    0000000180014758     ASKV9_cgxe_registry.obj
 0002:00000760       __real@41dc67f553c00000    0000000180014760     ASKV9_cgxe_registry.obj
 0002:00000768       __real@41ddfc4aeac00000    0000000180014768     ASKV9_cgxe_registry.obj
 0002:00000770       __real@41e13401bfc00000    0000000180014770     ASKV9_cgxe_registry.obj
 0002:00000778       __real@41e2069ed9a00000    0000000180014778     ASKV9_cgxe_registry.obj
 0002:00000780       __real@41e48c01bc400000    0000000180014780     ASKV9_cgxe_registry.obj
 0002:00000788       __real@41e51d5eba000000    0000000180014788     ASKV9_cgxe_registry.obj
 0002:00000790       __real@41e58fc699e00000    0000000180014790     ASKV9_cgxe_registry.obj
 0002:00000798       __real@41e5b0b712600000    0000000180014798     ASKV9_cgxe_registry.obj
 0002:000007a0       __real@41eb5c9dfa800000    00000001800147a0     ASKV9_cgxe_registry.obj
 0002:000007a8       __real@41eeacfc5f200000    00000001800147a8     ASKV9_cgxe_registry.obj
 0002:000007b0       __real@bff0000000000000    00000001800147b0     ASKV9_cgxe_registry.obj
 0002:000007c8       _pDefaultRawDllMain        00000001800147c8     MSVCRT:dll_dllmain.obj
 0002:000007c8       _pRawDllMain               00000001800147c8     MSVCRT:dll_dllmain.obj
 0002:000007d0       __xmm@ffffffffffffffffffffffffffffffff 00000001800147d0     MSVCRT:utility.obj
 0002:000007e0       _load_config_used          00000001800147e0     MSVCRT:loadcfg.obj
 0002:00000980       __CastGuardVftablesStart   0000000180014980     MSVCRT:guard_support.obj
 0002:00000a00       __CastGuardVftablesEnd     0000000180014a00     MSVCRT:guard_support.obj
 0002:00000a80       __volatile_metadata        0000000180014a80     <linker-defined>
 0002:00000e80       __rtc_iaa                  0000000180014e80     MSVCRT:initsect.obj
 0002:00000e88       __rtc_izz                  0000000180014e88     MSVCRT:initsect.obj
 0002:00000e90       __rtc_taa                  0000000180014e90     MSVCRT:initsect.obj
 0002:00000e98       __rtc_tzz                  0000000180014e98     MSVCRT:initsect.obj
 0002:000018b4       __IMPORT_DESCRIPTOR_libmx  00000001800158b4     libmx:libmx.dll
 0002:000018c8       __IMPORT_DESCRIPTOR_libmex 00000001800158c8     libmex:libmex.dll
 0002:000018dc       __IMPORT_DESCRIPTOR_libmwmathutil 00000001800158dc     libmwmathutil:libmwmathutil.dll
 0002:000018f0       __IMPORT_DESCRIPTOR_libemlrt 00000001800158f0     libemlrt:libemlrt.dll
 0002:00001904       __IMPORT_DESCRIPTOR_libmwcgxert 0000000180015904     libmwcgxert:libmwcgxert.dll
 0002:00001918       __IMPORT_DESCRIPTOR_KERNEL32 0000000180015918     kernel32:KERNEL32.dll
 0002:0000192c       __IMPORT_DESCRIPTOR_VCRUNTIME140 000000018001592c     vcruntime:VCRUNTIME140.dll
 0002:00001940       __IMPORT_DESCRIPTOR_api-ms-win-crt-heap-l1-1-0 0000000180015940     ucrt:api-ms-win-crt-heap-l1-1-0.dll
 0002:00001954       __IMPORT_DESCRIPTOR_api-ms-win-crt-time-l1-1-0 0000000180015954     ucrt:api-ms-win-crt-time-l1-1-0.dll
 0002:00001968       __IMPORT_DESCRIPTOR_api-ms-win-crt-string-l1-1-0 0000000180015968     ucrt:api-ms-win-crt-string-l1-1-0.dll
 0002:0000197c       __IMPORT_DESCRIPTOR_api-ms-win-crt-stdio-l1-1-0 000000018001597c     ucrt:api-ms-win-crt-stdio-l1-1-0.dll
 0002:00001990       __IMPORT_DESCRIPTOR_api-ms-win-crt-runtime-l1-1-0 0000000180015990     ucrt:api-ms-win-crt-runtime-l1-1-0.dll
 0002:000019a4       __NULL_IMPORT_DESCRIPTOR   00000001800159a4     libmx:libmx.dll
 0003:000046c0       DYNAMIC_DIMENSION          000000018001b6c0     ASKV9_cgxe_registry.obj
 0003:000069c0       __security_cookie          000000018001d9c0     MSVCRT:gs_cookie.obj
 0003:00006a00       __security_cookie_complement 000000018001da00     MSVCRT:gs_cookie.obj
 0003:00006a08       _fltused                   000000018001da08     MSVCRT:fltused.obj
 0003:00006a0c       __scrt_native_dllmain_reason 000000018001da0c     MSVCRT:utility.obj
 0003:00006a10       __isa_inverted             000000018001da10     MSVCRT:cpu_disp.obj
 0003:00006a18       __isa_available            000000018001da18     MSVCRT:cpu_disp.obj
 0003:00006a1c       __isa_enabled              000000018001da1c     MSVCRT:cpu_disp.obj
 0003:00006a20       __memset_fast_string_threshold 000000018001da20     MSVCRT:cpu_disp.obj
 0003:00006a28       __memset_nt_threshold      000000018001da28     MSVCRT:cpu_disp.obj
 0003:00006a30       __scrt_ucrt_dll_is_in_use  000000018001da30     MSVCRT:ucrt_stubs.obj
 0003:00006fe0       ?__type_info_root_node@@3U__type_info_node@@A 000000018001dfe0     MSVCRT:tncleanup.obj
 0003:00006ff0       ?_OptionsStorage@?1??__local_stdio_printf_options@@9@4_KA 000000018001dff0     MSVCRT:default_local_stdio_options.obj
 0003:00006ff8       ?_OptionsStorage@?1??__local_stdio_scanf_options@@9@4_KA 000000018001dff8     MSVCRT:default_local_stdio_options.obj
 0003:00007000       __scrt_current_native_startup_state 000000018001e000     MSVCRT:utility.obj
 0003:00007008       __scrt_native_startup_lock 000000018001e008     MSVCRT:utility.obj
 0003:00007048       __scrt_debugger_hook_flag  000000018001e048     MSVCRT:utility_desktop.obj
 0003:00007050       __castguard_check_failure_user_handled_fptr 000000018001e050     MSVCRT:guard_support.obj
 0003:00007058       __avx10_version            000000018001e058     MSVCRT:cpu_disp.obj
 0003:0000705c       __favor                    000000018001e05c     MSVCRT:cpu_disp.obj
 0003:00007060       ?_OptionsStorage@?1??__local_stdio_printf_options@@9@9 000000018001e060     <common>
 0003:00007068       __dyn_tls_init_callback    000000018001e068     <common>

 entry point at        0001:00011884

 Static symbols

 0000:00000000       .debug$S                   0000000180000000     ASKV9_cgxe.exp
 0000:00000000       _volmd                     0000000180000000     ASKV9_cgxe_registry.obj
 0000:00000000       _volmd                     0000000180000000     m_6Aw431rf7JSOzkUJgp5SJE.obj
 0000:00000000       .debug$S                   0000000180000000     ucrt:api-ms-win-crt-heap-l1-1-0.dll
 0000:00000000       .debug$S                   0000000180000000     ucrt:api-ms-win-crt-heap-l1-1-0.dll
 0000:00000000       .debug$S                   0000000180000000     ucrt:api-ms-win-crt-heap-l1-1-0.dll
 0000:00000000       .debug$S                   0000000180000000     ucrt:api-ms-win-crt-runtime-l1-1-0.dll
 0000:00000000       .debug$S                   0000000180000000     ucrt:api-ms-win-crt-runtime-l1-1-0.dll
 0000:00000000       .debug$S                   0000000180000000     ucrt:api-ms-win-crt-runtime-l1-1-0.dll
 0000:00000000       .debug$S                   0000000180000000     ucrt:api-ms-win-crt-runtime-l1-1-0.dll
 0000:00000000       .debug$S                   0000000180000000     ucrt:api-ms-win-crt-runtime-l1-1-0.dll
 0000:00000000       .debug$S                   0000000180000000     ucrt:api-ms-win-crt-runtime-l1-1-0.dll
 0000:00000000       .debug$S                   0000000180000000     ucrt:api-ms-win-crt-runtime-l1-1-0.dll
 0000:00000000       .debug$S                   0000000180000000     ucrt:api-ms-win-crt-runtime-l1-1-0.dll
 0000:00000000       .debug$S                   0000000180000000     ucrt:api-ms-win-crt-runtime-l1-1-0.dll
 0000:00000000       .debug$S                   0000000180000000     ucrt:api-ms-win-crt-runtime-l1-1-0.dll
 0000:00000000       .debug$S                   0000000180000000     ucrt:api-ms-win-crt-runtime-l1-1-0.dll
 0000:00000000       .debug$S                   0000000180000000     ucrt:api-ms-win-crt-runtime-l1-1-0.dll
 0000:00000000       .debug$S                   0000000180000000     ucrt:api-ms-win-crt-stdio-l1-1-0.dll
 0000:00000000       .debug$S                   0000000180000000     ucrt:api-ms-win-crt-string-l1-1-0.dll
 0000:00000000       .debug$S                   0000000180000000     ucrt:api-ms-win-crt-string-l1-1-0.dll
 0000:00000000       .debug$S                   0000000180000000     ucrt:api-ms-win-crt-time-l1-1-0.dll
 0000:00000000       .debug$S                   0000000180000000     ucrt:api-ms-win-crt-time-l1-1-0.dll
 0000:00000000       .debug$S                   0000000180000000     kernel32:KERNEL32.dll
 0000:00000000       .debug$S                   0000000180000000     kernel32:KERNEL32.dll
 0000:00000000       .debug$S                   0000000180000000     kernel32:KERNEL32.dll
 0000:00000000       .debug$S                   0000000180000000     kernel32:KERNEL32.dll
 0000:00000000       .debug$S                   0000000180000000     kernel32:KERNEL32.dll
 0000:00000000       .debug$S                   0000000180000000     kernel32:KERNEL32.dll
 0000:00000000       .debug$S                   0000000180000000     kernel32:KERNEL32.dll
 0000:00000000       .debug$S                   0000000180000000     kernel32:KERNEL32.dll
 0000:00000000       .debug$S                   0000000180000000     kernel32:KERNEL32.dll
 0000:00000000       .debug$S                   0000000180000000     kernel32:KERNEL32.dll
 0000:00000000       .debug$S                   0000000180000000     kernel32:KERNEL32.dll
 0000:00000000       .debug$S                   0000000180000000     kernel32:KERNEL32.dll
 0000:00000000       .debug$S                   0000000180000000     kernel32:KERNEL32.dll
 0000:00000000       .debug$S                   0000000180000000     kernel32:KERNEL32.dll
 0000:00000000       .debug$S                   0000000180000000     kernel32:KERNEL32.dll
 0000:00000000       .debug$S                   0000000180000000     kernel32:KERNEL32.dll
 0000:00000000       .debug$S                   0000000180000000     kernel32:KERNEL32.dll
 0000:00000000       .debug$S                   0000000180000000     libemlrt:libemlrt.dll
 0000:00000000       .debug$S                   0000000180000000     libemlrt:libemlrt.dll
 0000:00000000       .debug$S                   0000000180000000     libemlrt:libemlrt.dll
 0000:00000000       .debug$S                   0000000180000000     libemlrt:libemlrt.dll
 0000:00000000       .debug$S                   0000000180000000     libemlrt:libemlrt.dll
 0000:00000000       .debug$S                   0000000180000000     libemlrt:libemlrt.dll
 0000:00000000       .debug$S                   0000000180000000     libemlrt:libemlrt.dll
 0000:00000000       .debug$S                   0000000180000000     libemlrt:libemlrt.dll
 0000:00000000       .debug$S                   0000000180000000     libemlrt:libemlrt.dll
 0000:00000000       .debug$S                   0000000180000000     libemlrt:libemlrt.dll
 0000:00000000       .debug$S                   0000000180000000     libemlrt:libemlrt.dll
 0000:00000000       .debug$S                   0000000180000000     libemlrt:libemlrt.dll
 0000:00000000       .debug$S                   0000000180000000     libemlrt:libemlrt.dll
 0000:00000000       .debug$S                   0000000180000000     libemlrt:libemlrt.dll
 0000:00000000       .debug$S                   0000000180000000     libemlrt:libemlrt.dll
 0000:00000000       .debug$S                   0000000180000000     libemlrt:libemlrt.dll
 0000:00000000       .debug$S                   0000000180000000     libemlrt:libemlrt.dll
 0000:00000000       .debug$S                   0000000180000000     libemlrt:libemlrt.dll
 0000:00000000       .debug$S                   0000000180000000     libemlrt:libemlrt.dll
 0000:00000000       .debug$S                   0000000180000000     libemlrt:libemlrt.dll
 0000:00000000       .debug$S                   0000000180000000     libemlrt:libemlrt.dll
 0000:00000000       .debug$S                   0000000180000000     libemlrt:libemlrt.dll
 0000:00000000       .debug$S                   0000000180000000     libmex:libmex.dll
 0000:00000000       .debug$S                   0000000180000000     libmex:libmex.dll
 0000:00000000       .debug$S                   0000000180000000     libmex:libmex.dll
 0000:00000000       .debug$S                   0000000180000000     libmex:libmex.dll
 0000:00000000       .debug$S                   0000000180000000     libmex:libmex.dll
 0000:00000000       .debug$S                   0000000180000000     libmwcgxert:libmwcgxert.dll
 0000:00000000       .debug$S                   0000000180000000     libmwcgxert:libmwcgxert.dll
 0000:00000000       .debug$S                   0000000180000000     libmwcgxert:libmwcgxert.dll
 0000:00000000       .debug$S                   0000000180000000     libmwcgxert:libmwcgxert.dll
 0000:00000000       .debug$S                   0000000180000000     libmwcgxert:libmwcgxert.dll
 0000:00000000       .debug$S                   0000000180000000     libmwcgxert:libmwcgxert.dll
 0000:00000000       .debug$S                   0000000180000000     libmwcgxert:libmwcgxert.dll
 0000:00000000       .debug$S                   0000000180000000     libmwcgxert:libmwcgxert.dll
 0000:00000000       .debug$S                   0000000180000000     libmwmathutil:libmwmathutil.dll
 0000:00000000       .debug$S                   0000000180000000     libmwmathutil:libmwmathutil.dll
 0000:00000000       .debug$S                   0000000180000000     libmwmathutil:libmwmathutil.dll
 0000:00000000       .debug$S                   0000000180000000     libmwmathutil:libmwmathutil.dll
 0000:00000000       .debug$S                   0000000180000000     libmwmathutil:libmwmathutil.dll
 0000:00000000       .debug$S                   0000000180000000     libmwmathutil:libmwmathutil.dll
 0000:00000000       .debug$S                   0000000180000000     libmwmathutil:libmwmathutil.dll
 0000:00000000       .debug$S                   0000000180000000     libmwmathutil:libmwmathutil.dll
 0000:00000000       .debug$S                   0000000180000000     libmwmathutil:libmwmathutil.dll
 0000:00000000       .debug$S                   0000000180000000     libmwmathutil:libmwmathutil.dll
 0000:00000000       .debug$S                   0000000180000000     libmwmathutil:libmwmathutil.dll
 0000:00000000       .debug$S                   0000000180000000     libmx:libmx.dll
 0000:00000000       .debug$S                   0000000180000000     libmx:libmx.dll
 0000:00000000       .debug$S                   0000000180000000     libmx:libmx.dll
 0000:00000000       .debug$S                   0000000180000000     libmx:libmx.dll
 0000:00000000       .debug$S                   0000000180000000     libmx:libmx.dll
 0000:00000000       .debug$S                   0000000180000000     libmx:libmx.dll
 0000:00000000       .debug$S                   0000000180000000     libmx:libmx.dll
 0000:00000000       .debug$S                   0000000180000000     libmx:libmx.dll
 0000:00000000       .debug$S                   0000000180000000     libmx:libmx.dll
 0000:00000000       .debug$S                   0000000180000000     libmx:libmx.dll
 0000:00000000       .debug$S                   0000000180000000     libmx:libmx.dll
 0000:00000000       .debug$S                   0000000180000000     libmx:libmx.dll
 0000:00000000       .debug$S                   0000000180000000     libmx:libmx.dll
 0000:00000000       .debug$S                   0000000180000000     libmx:libmx.dll
 0000:00000000       .debug$S                   0000000180000000     libmx:libmx.dll
 0000:00000000       .debug$S                   0000000180000000     libmx:libmx.dll
 0000:00000000       .debug$S                   0000000180000000     libmx:libmx.dll
 0000:00000000       .debug$S                   0000000180000000     libmx:libmx.dll
 0000:00000000       .debug$S                   0000000180000000     libmx:libmx.dll
 0000:00000000       .debug$S                   0000000180000000     libmx:libmx.dll
 0000:00000000       _volmd                     0000000180000000     MSVCRT:cpu_disp.obj
 0002:fffec000       __guard_ehcont_?dllmain_dispatch@@YAHQEAUHINSTANCE__@@KQEAX@Z 0000000180000000     MSVCRT:dll_dllmain.obj
 0002:fffec000       __guard_fids_?dllmain_dispatch@@YAHQEAUHINSTANCE__@@KQEAX@Z 0000000180000000     MSVCRT:dll_dllmain.obj
 0000:00000000       _volmd                     0000000180000000     MSVCRT:gs_report.obj
 0000:00000000       _volmd                     0000000180000000     MSVCRT:gs_report.obj
 0000:00000000       _volmd                     0000000180000000     MSVCRT:gs_report.obj
 0002:fffec000       __guard_fids__             0000000180000000     MSVCRT:guard_support.obj
 0002:fffec000       __guard_fids__             0000000180000000     MSVCRT:guard_support.obj
 0002:fffec000       __guard_fids__guard_icall_checks_enforced 0000000180000000     MSVCRT:guard_support.obj
 0000:00000000       _volmd                     0000000180000000     MSVCRT:guard_support.obj
 0000:00000000       _volmd                     0000000180000000     MSVCRT:guard_support.obj
 0000:00000000       _volmd                     0000000180000000     MSVCRT:guard_support.obj
 0000:00000000       _volmd                     0000000180000000     MSVCRT:guard_support.obj
 0000:00000000       _volmd                     0000000180000000     MSVCRT:guard_support.obj
 0000:00000000       _volmd                     0000000180000000     MSVCRT:guard_support.obj
 0000:00000000       _volmd                     0000000180000000     MSVCRT:guard_support.obj
 0000:00000000       _volmd                     0000000180000000     MSVCRT:guard_support.obj
 0000:00000000       _volmd                     0000000180000000     MSVCRT:guard_support.obj
 0000:00000000       _volmd                     0000000180000000     MSVCRT:guard_support.obj
 0002:fffec000       __guard_ehcont___scrt_is_nonwritable_in_current_image 0000000180000000     MSVCRT:utility.obj
 0000:00000000       _volmd                     0000000180000000     MSVCRT:utility.obj
 0000:00000000       _volmd                     0000000180000000     MSVCRT:utility.obj
 0000:00000000       _volmd                     0000000180000000     MSVCRT:utility.obj
 0002:fffec000       __guard_fids___scrt_set_unhandled_exception_filter 0000000180000000     MSVCRT:utility_desktop.obj
 0000:00000000       _volmd                     0000000180000000     MSVCRT:utility_desktop.obj
 0002:fffec000       __guard_fids__             0000000180000000     vcruntime:softmemtag.obj
 0000:00000000       .debug$S                   0000000180000000     vcruntime:VCRUNTIME140.dll
 0000:00000000       .debug$S                   0000000180000000     vcruntime:VCRUNTIME140.dll
 0000:00000000       .debug$S                   0000000180000000     vcruntime:VCRUNTIME140.dll
 0000:00000000       .debug$S                   0000000180000000     vcruntime:VCRUNTIME140.dll
 0000:00000000       .debug$S                   0000000180000000     vcruntime:VCRUNTIME140.dll
 0000:00000000       .debug$S                   0000000180000000     vcruntime:VCRUNTIME140.dll
 0000:00000010       _volmd                     0000000180000010     ASKV9_cgxe_registry.obj
 0000:00000010       _volmd                     0000000180000010     m_6Aw431rf7JSOzkUJgp5SJE.obj
 0000:00000020       _volmd                     0000000180000020     ASKV9_cgxe_registry.obj
 0000:00000020       _volmd                     0000000180000020     m_6Aw431rf7JSOzkUJgp5SJE.obj
 0000:00000030       _volmd                     0000000180000030     ASKV9_cgxe_registry.obj
 0000:00000030       _volmd                     0000000180000030     m_6Aw431rf7JSOzkUJgp5SJE.obj
 0000:00000040       _volmd                     0000000180000040     ASKV9_cgxe_registry.obj
 0000:00000040       _volmd                     0000000180000040     m_6Aw431rf7JSOzkUJgp5SJE.obj
 0000:00000050       _volmd                     0000000180000050     ASKV9_cgxe_registry.obj
 0000:00000050       _volmd                     0000000180000050     m_6Aw431rf7JSOzkUJgp5SJE.obj
 0000:00000060       _volmd                     0000000180000060     ASKV9_cgxe_registry.obj
 0000:00000060       _volmd                     0000000180000060     m_6Aw431rf7JSOzkUJgp5SJE.obj
 0000:00000070       _volmd                     0000000180000070     ASKV9_cgxe_registry.obj
 0000:00000070       _volmd                     0000000180000070     m_6Aw431rf7JSOzkUJgp5SJE.obj
 0000:00000080       _volmd                     0000000180000080     ASKV9_cgxe_registry.obj
 0000:00000080       _volmd                     0000000180000080     m_6Aw431rf7JSOzkUJgp5SJE.obj
 0000:00000090       _volmd                     0000000180000090     ASKV9_cgxe_registry.obj
 0000:00000090       _volmd                     0000000180000090     m_6Aw431rf7JSOzkUJgp5SJE.obj
 0000:000000a0       _volmd                     00000001800000a0     ASKV9_cgxe_registry.obj
 0000:000000a0       _volmd                     00000001800000a0     m_6Aw431rf7JSOzkUJgp5SJE.obj
 0000:000000b0       _volmd                     00000001800000b0     ASKV9_cgxe_registry.obj
 0000:000000b0       _volmd                     00000001800000b0     m_6Aw431rf7JSOzkUJgp5SJE.obj
 0000:000000c0       _volmd                     00000001800000c0     ASKV9_cgxe_registry.obj
 0000:000000c0       _volmd                     00000001800000c0     m_6Aw431rf7JSOzkUJgp5SJE.obj
 0000:000000d0       _volmd                     00000001800000d0     ASKV9_cgxe_registry.obj
 0000:000000e0       _volmd                     00000001800000e0     ASKV9_cgxe_registry.obj
 0001:000000d0       localtime                  00000001800010d0 f   m_6Aw431rf7JSOzkUJgp5SJE.obj
 0001:000000f0       time                       00000001800010f0 f   m_6Aw431rf7JSOzkUJgp5SJE.obj
 0001:000001a0       cgxe_mdl_start             00000001800011a0 f   m_6Aw431rf7JSOzkUJgp5SJE.obj
 0001:00000280       cgxe_mdl_initialize        0000000180001280 f   m_6Aw431rf7JSOzkUJgp5SJE.obj
 0001:00000360       cgxe_mdl_outputs           0000000180001360 f   m_6Aw431rf7JSOzkUJgp5SJE.obj
 0001:00000440       cgxe_mdl_update            0000000180001440 f   m_6Aw431rf7JSOzkUJgp5SJE.obj
 0001:00000450       cgxe_mdl_derivative        0000000180001450 f   m_6Aw431rf7JSOzkUJgp5SJE.obj
 0001:00000460       cgxe_mdl_enable            0000000180001460 f   m_6Aw431rf7JSOzkUJgp5SJE.obj
 0001:00000470       cgxe_mdl_disable           0000000180001470 f   m_6Aw431rf7JSOzkUJgp5SJE.obj
 0001:00000480       cgxe_mdl_terminate         0000000180001480 f   m_6Aw431rf7JSOzkUJgp5SJE.obj
 0001:000004d0       mw__internal__system__init__fcn 00000001800014d0 f   m_6Aw431rf7JSOzkUJgp5SJE.obj
 0001:00000640       mw__internal__call__setup  0000000180001640 f   m_6Aw431rf7JSOzkUJgp5SJE.obj
 0001:00000bd0       AWGNChannel_AWGNChannel    0000000180001bd0 f   m_6Aw431rf7JSOzkUJgp5SJE.obj
 0001:00000c80       AWGNChannelBase_set_SNR    0000000180001c80 f   m_6Aw431rf7JSOzkUJgp5SJE.obj
 0001:00000fb0       AWGNChannelBase_set_SignalPower 0000000180001fb0 f   m_6Aw431rf7JSOzkUJgp5SJE.obj
 0001:00001800       validateattributes         0000000180002800 f   m_6Aw431rf7JSOzkUJgp5SJE.obj
 0001:00002030       AWGNChannelBase_getStandardDeviation 0000000180003030 f   m_6Aw431rf7JSOzkUJgp5SJE.obj
 0001:00002370       AWGNChannelBase_setupImpl  0000000180003370 f   m_6Aw431rf7JSOzkUJgp5SJE.obj
 0001:000025f0       rng                        00000001800035f0 f   m_6Aw431rf7JSOzkUJgp5SJE.obj
 0001:00002c10       now                        0000000180003c10 f   m_6Aw431rf7JSOzkUJgp5SJE.obj
 0001:00003030       b_mod                      0000000180004030 f   m_6Aw431rf7JSOzkUJgp5SJE.obj
 0001:000030f0       SystemCore_checkTunablePropChange 00000001800040f0 f   m_6Aw431rf7JSOzkUJgp5SJE.obj
 0001:000032f0       mw__internal__call__reset  00000001800042f0 f   m_6Aw431rf7JSOzkUJgp5SJE.obj
 0001:000038e0       mw__internal__call__step   00000001800048e0 f   m_6Aw431rf7JSOzkUJgp5SJE.obj
 0001:00004720       randn                      0000000180005720 f   m_6Aw431rf7JSOzkUJgp5SJE.obj
 0001:00004bb0       genrandu                   0000000180005bb0 f   m_6Aw431rf7JSOzkUJgp5SJE.obj
 0001:00004c60       emlrt_marshallOut          0000000180005c60 f   m_6Aw431rf7JSOzkUJgp5SJE.obj
 0001:00005790       b_emlrt_marshallOut        0000000180006790 f   m_6Aw431rf7JSOzkUJgp5SJE.obj
 0001:00005850       cgxe_mdl_get_sim_state     0000000180006850 f   m_6Aw431rf7JSOzkUJgp5SJE.obj
 0001:00005890       emlrt_marshallIn           0000000180006890 f   m_6Aw431rf7JSOzkUJgp5SJE.obj
 0001:00005df0       b_emlrt_marshallIn         0000000180006df0 f   m_6Aw431rf7JSOzkUJgp5SJE.obj
 0001:00005e60       c_emlrt_marshallIn         0000000180006e60 f   m_6Aw431rf7JSOzkUJgp5SJE.obj
 0001:00005eb0       d_emlrt_marshallIn         0000000180006eb0 f   m_6Aw431rf7JSOzkUJgp5SJE.obj
 0001:00005f20       e_emlrt_marshallIn         0000000180006f20 f   m_6Aw431rf7JSOzkUJgp5SJE.obj
 0001:00005f70       f_emlrt_marshallIn         0000000180006f70 f   m_6Aw431rf7JSOzkUJgp5SJE.obj
 0001:00005fe0       g_emlrt_marshallIn         0000000180006fe0 f   m_6Aw431rf7JSOzkUJgp5SJE.obj
 0001:00006030       h_emlrt_marshallIn         0000000180007030 f   m_6Aw431rf7JSOzkUJgp5SJE.obj
 0001:000060a0       i_emlrt_marshallIn         00000001800070a0 f   m_6Aw431rf7JSOzkUJgp5SJE.obj
 0001:000060f0       j_emlrt_marshallIn         00000001800070f0 f   m_6Aw431rf7JSOzkUJgp5SJE.obj
 0001:00006160       k_emlrt_marshallIn         0000000180007160 f   m_6Aw431rf7JSOzkUJgp5SJE.obj
 0001:00006560       l_emlrt_marshallIn         0000000180007560 f   m_6Aw431rf7JSOzkUJgp5SJE.obj
 0001:000065b0       m_emlrt_marshallIn         00000001800075b0 f   m_6Aw431rf7JSOzkUJgp5SJE.obj
 0001:000066c0       n_emlrt_marshallIn         00000001800076c0 f   m_6Aw431rf7JSOzkUJgp5SJE.obj
 0001:00006710       o_emlrt_marshallIn         0000000180007710 f   m_6Aw431rf7JSOzkUJgp5SJE.obj
 0001:00006760       cgxe_mdl_set_sim_state     0000000180007760 f   m_6Aw431rf7JSOzkUJgp5SJE.obj
 0001:000067d0       message                    00000001800077d0 f   m_6Aw431rf7JSOzkUJgp5SJE.obj
 0001:00006870       getString                  0000000180007870 f   m_6Aw431rf7JSOzkUJgp5SJE.obj
 0001:000068e0       error                      00000001800078e0 f   m_6Aw431rf7JSOzkUJgp5SJE.obj
 0001:00006970       b_message                  0000000180007970 f   m_6Aw431rf7JSOzkUJgp5SJE.obj
 0001:000069e0       p_emlrt_marshallIn         00000001800079e0 f   m_6Aw431rf7JSOzkUJgp5SJE.obj
 0001:00006a50       q_emlrt_marshallIn         0000000180007a50 f   m_6Aw431rf7JSOzkUJgp5SJE.obj
 0001:00006ad0       r_emlrt_marshallIn         0000000180007ad0 f   m_6Aw431rf7JSOzkUJgp5SJE.obj
 0001:00006b90       s_emlrt_marshallIn         0000000180007b90 f   m_6Aw431rf7JSOzkUJgp5SJE.obj
 0001:00006c50       t_emlrt_marshallIn         0000000180007c50 f   m_6Aw431rf7JSOzkUJgp5SJE.obj
 0001:00006cc0       u_emlrt_marshallIn         0000000180007cc0 f   m_6Aw431rf7JSOzkUJgp5SJE.obj
 0001:00006d80       v_emlrt_marshallIn         0000000180007d80 f   m_6Aw431rf7JSOzkUJgp5SJE.obj
 0001:00006e00       eml_rand_shr3cong          0000000180007e00 f   m_6Aw431rf7JSOzkUJgp5SJE.obj
 0001:00007300       eml_rand_mt19937ar         0000000180008300 f   m_6Aw431rf7JSOzkUJgp5SJE.obj
 0001:000075c0       genrand_uint32_vector      00000001800085c0 f   m_6Aw431rf7JSOzkUJgp5SJE.obj
 0001:00007870       b_genrandu                 0000000180008870 f   m_6Aw431rf7JSOzkUJgp5SJE.obj
 0001:00007bb0       init_simulink_io_address   0000000180008bb0 f   m_6Aw431rf7JSOzkUJgp5SJE.obj
 0001:00007c20       mdlOutputs_6Aw431rf7JSOzkUJgp5SJE 0000000180008c20 f   m_6Aw431rf7JSOzkUJgp5SJE.obj
 0001:00007c60       mdlInitialize_6Aw431rf7JSOzkUJgp5SJE 0000000180008c60 f   m_6Aw431rf7JSOzkUJgp5SJE.obj
 0001:00007c90       mdlUpdate_6Aw431rf7JSOzkUJgp5SJE 0000000180008c90 f   m_6Aw431rf7JSOzkUJgp5SJE.obj
 0001:00007cd0       mdlDerivatives_6Aw431rf7JSOzkUJgp5SJE 0000000180008cd0 f   m_6Aw431rf7JSOzkUJgp5SJE.obj
 0001:00007d00       getSimState_6Aw431rf7JSOzkUJgp5SJE 0000000180008d00 f   m_6Aw431rf7JSOzkUJgp5SJE.obj
 0001:00007d40       setSimState_6Aw431rf7JSOzkUJgp5SJE 0000000180008d40 f   m_6Aw431rf7JSOzkUJgp5SJE.obj
 0001:00007d80       mdlTerminate_6Aw431rf7JSOzkUJgp5SJE 0000000180008d80 f   m_6Aw431rf7JSOzkUJgp5SJE.obj
 0001:00007dc0       mdlEnable_6Aw431rf7JSOzkUJgp5SJE 0000000180008dc0 f   m_6Aw431rf7JSOzkUJgp5SJE.obj
 0001:00007df0       mdlDisable_6Aw431rf7JSOzkUJgp5SJE 0000000180008df0 f   m_6Aw431rf7JSOzkUJgp5SJE.obj
 0001:00007e20       mdlStart_6Aw431rf7JSOzkUJgp5SJE 0000000180008e20 f   m_6Aw431rf7JSOzkUJgp5SJE.obj
 0001:00007f30       mdlProcessParameters_6Aw431rf7JSOzkUJgp5SJE 0000000180008f30 f   m_6Aw431rf7JSOzkUJgp5SJE.obj
 0001:0000a058       $LN147                     000000018000b058     ASKV9_cgxe_registry.obj
 0001:0000aec4       $LN22                      000000018000bec4     ASKV9_cgxe_registry.obj
 0001:0000b5c4       $LN26                      000000018000c5c4     ASKV9_cgxe_registry.obj
 0001:0000bca4       $LN24                      000000018000cca4     ASKV9_cgxe_registry.obj
 0001:0000c9dc       $LN30                      000000018000d9dc     ASKV9_cgxe_registry.obj
 0001:0000f3c0       mdlStart                   00000001800103c0 f   ASKV9_cgxe_registry.obj
 0001:0000f400       mdlInitializeConditions    0000000180010400 f   ASKV9_cgxe_registry.obj
 0001:0000f430       mdlUpdate                  0000000180010430 f   ASKV9_cgxe_registry.obj
 0001:0000f460       mdlOutputs                 0000000180010460 f   ASKV9_cgxe_registry.obj
 0001:0000f490       mdlTerminate               0000000180010490 f   ASKV9_cgxe_registry.obj
[...]
 0003:000033ac       $SG20931                   000000018001a3ac     m_6Aw431rf7JSOzkUJgp5SJE.obj
 0003:000033b8       $SG20939                   000000018001a3b8     m_6Aw431rf7JSOzkUJgp5SJE.obj
 0003:000033c0       $SG20950                   000000018001a3c0     m_6Aw431rf7JSOzkUJgp5SJE.obj
 0003:000033c8       $SG20960                   000000018001a3c8     m_6Aw431rf7JSOzkUJgp5SJE.obj
 0003:000033d0       $SG20976                   000000018001a3d0     m_6Aw431rf7JSOzkUJgp5SJE.obj
 0003:000033d8       $SG20992                   000000018001a3d8     m_6Aw431rf7JSOzkUJgp5SJE.obj
 0003:000033e0       $SG21003                   000000018001a3e0     m_6Aw431rf7JSOzkUJgp5SJE.obj
 0003:000033e8       $SG21019                   000000018001a3e8     m_6Aw431rf7JSOzkUJgp5SJE.obj
 0003:000033f0       $SG21030                   000000018001a3f0     m_6Aw431rf7JSOzkUJgp5SJE.obj
 0003:00003400       ?dv@?1??eml_rand_shr3cong@@9@9 000000018001a400     m_6Aw431rf7JSOzkUJgp5SJE.obj
 0003:00003610       ?dv@?1??eml_rand_mt19937ar@@9@9 000000018001a610     m_6Aw431rf7JSOzkUJgp5SJE.obj
 0003:00003e20       ?dv1@?1??eml_rand_mt19937ar@@9@9 000000018001ae20     m_6Aw431rf7JSOzkUJgp5SJE.obj
 0003:00004628       ?c_u@?1??b_genrandu@@9@9   000000018001b628     m_6Aw431rf7JSOzkUJgp5SJE.obj
 0003:00004650       $SG21274                   000000018001b650     m_6Aw431rf7JSOzkUJgp5SJE.obj
 0003:00004660       $SG21275                   000000018001b660     m_6Aw431rf7JSOzkUJgp5SJE.obj
 0003:00004670       $SG21286                   000000018001b670     m_6Aw431rf7JSOzkUJgp5SJE.obj
 0003:00004680       $SG21288                   000000018001b680     m_6Aw431rf7JSOzkUJgp5SJE.obj
 0003:00004698       $SG21289                   000000018001b698     m_6Aw431rf7JSOzkUJgp5SJE.obj
 0003:000046b0       $SG21290                   000000018001b6b0     m_6Aw431rf7JSOzkUJgp5SJE.obj
 0003:000046c8       $SG17649                   000000018001b6c8     ASKV9_cgxe_registry.obj
 0003:000046f8       $SG17653                   000000018001b6f8     ASKV9_cgxe_registry.obj
 0003:00004738       $SG17658                   000000018001b738     ASKV9_cgxe_registry.obj
 0003:00004770       $SG17663                   000000018001b770     ASKV9_cgxe_registry.obj
 0003:000047a8       $SG17667                   000000018001b7a8     ASKV9_cgxe_registry.obj
 0003:000047e0       $SG17704                   000000018001b7e0     ASKV9_cgxe_registry.obj
 0003:000047e8       $SG17706                   000000018001b7e8     ASKV9_cgxe_registry.obj
 0003:000047f0       $SG17708                   000000018001b7f0     ASKV9_cgxe_registry.obj
 0003:000047fc       $SG17710                   000000018001b7fc     ASKV9_cgxe_registry.obj
 0003:00004808       $SG17712                   000000018001b808     ASKV9_cgxe_registry.obj
 0003:00004810       $SG17713                   000000018001b810     ASKV9_cgxe_registry.obj
 0003:00004818       $SG17714                   000000018001b818     ASKV9_cgxe_registry.obj
 0003:00004820       $SG17715                   000000018001b820     ASKV9_cgxe_registry.obj
 0003:0000482c       $SG17716                   000000018001b82c     ASKV9_cgxe_registry.obj
 0003:00004838       $SG17717                   000000018001b838     ASKV9_cgxe_registry.obj
 0003:00004840       $SG17753                   000000018001b840     ASKV9_cgxe_registry.obj
 0003:00004870       $SG17764                   000000018001b870     ASKV9_cgxe_registry.obj
 0003:000048a0       $SG17778                   000000018001b8a0     ASKV9_cgxe_registry.obj
 0003:000048b8       $SG17792                   000000018001b8b8     ASKV9_cgxe_registry.obj
 0003:000048d0       $SG17806                   000000018001b8d0     ASKV9_cgxe_registry.obj
 0003:000048e0       $SG17808                   000000018001b8e0     ASKV9_cgxe_registry.obj
 0003:000048f0       $SG17810                   000000018001b8f0     ASKV9_cgxe_registry.obj
 0003:00004900       $SG17812                   000000018001b900     ASKV9_cgxe_registry.obj
 0003:00004910       $SG17814                   000000018001b910     ASKV9_cgxe_registry.obj
 0003:00004928       $SG17816                   000000018001b928     ASKV9_cgxe_registry.obj
 0003:00004940       $SG17827                   000000018001b940     ASKV9_cgxe_registry.obj
 0003:00004968       _sfcnName                  000000018001b968     ASKV9_cgxe_registry.obj
 0003:00004990       $SG17842                   000000018001b990     ASKV9_cgxe_registry.obj
 0003:00004a10       $SG17846                   000000018001ba10     ASKV9_cgxe_registry.obj
 0003:00004a88       $SG18151                   000000018001ba88     ASKV9_cgxe_registry.obj
 0003:00004a98       $SG18152                   000000018001ba98     ASKV9_cgxe_registry.obj
 0003:00004aa8       $SG18164                   000000018001baa8     ASKV9_cgxe_registry.obj
 0003:00004ab8       $SG18300                   000000018001bab8     ASKV9_cgxe_registry.obj
 0003:00004af8       $SG18301                   000000018001baf8     ASKV9_cgxe_registry.obj
 0003:00004b08       $SG18302                   000000018001bb08     ASKV9_cgxe_registry.obj
 0003:00004b10       $SG18306                   000000018001bb10     ASKV9_cgxe_registry.obj
 0003:00004b58       $SG18307                   000000018001bb58     ASKV9_cgxe_registry.obj
 0003:00004b68       $SG18308                   000000018001bb68     ASKV9_cgxe_registry.obj
 0003:00004b70       $SG18309                   000000018001bb70     ASKV9_cgxe_registry.obj
 0003:00004bc8       $SG18310                   000000018001bbc8     ASKV9_cgxe_registry.obj
 0003:00004bd8       $SG18311                   000000018001bbd8     ASKV9_cgxe_registry.obj
 0003:00004be0       $SG18331                   000000018001bbe0     ASKV9_cgxe_registry.obj
 0003:00004c20       $SG18332                   000000018001bc20     ASKV9_cgxe_registry.obj
 0003:00004c30       $SG18333                   000000018001bc30     ASKV9_cgxe_registry.obj
 0003:00004c40       $SG18337                   000000018001bc40     ASKV9_cgxe_registry.obj
 0003:00004c88       $SG18338                   000000018001bc88     ASKV9_cgxe_registry.obj
 0003:00004c98       $SG18339                   000000018001bc98     ASKV9_cgxe_registry.obj
 0003:00004ca0       $SG18340                   000000018001bca0     ASKV9_cgxe_registry.obj
 0003:00004cf8       $SG18341                   000000018001bcf8     ASKV9_cgxe_registry.obj
 0003:00004d08       $SG18342                   000000018001bd08     ASKV9_cgxe_registry.obj
 0003:00004d10       $SG18361                   000000018001bd10     ASKV9_cgxe_registry.obj
 0003:00004d60       $SG18362                   000000018001bd60     ASKV9_cgxe_registry.obj
 0003:00004d70       $SG18363                   000000018001bd70     ASKV9_cgxe_registry.obj
 0003:00004d80       $SG18372                   000000018001bd80     ASKV9_cgxe_registry.obj
 0003:00004de0       $SG18373                   000000018001bde0     ASKV9_cgxe_registry.obj
 0003:00004de8       $SG18374                   000000018001bde8     ASKV9_cgxe_registry.obj
 0003:00004df0       $SG18383                   000000018001bdf0     ASKV9_cgxe_registry.obj
 0003:00004e50       $SG18384                   000000018001be50     ASKV9_cgxe_registry.obj
 0003:00004e58       $SG18385                   000000018001be58     ASKV9_cgxe_registry.obj
 0003:00004e60       $SG18691                   000000018001be60     ASKV9_cgxe_registry.obj
 0003:00004ee0       $SG18694                   000000018001bee0     ASKV9_cgxe_registry.obj
 0003:00004f60       $SG18699                   000000018001bf60     ASKV9_cgxe_registry.obj
 0003:00004fe0       $SG18707                   000000018001bfe0     ASKV9_cgxe_registry.obj
 0003:00005050       $SG18980                   000000018001c050     ASKV9_cgxe_registry.obj
 0003:000050d0       $SG18985                   000000018001c0d0     ASKV9_cgxe_registry.obj
 0003:00005148       $SG19309                   000000018001c148     ASKV9_cgxe_registry.obj
 0003:00005160       $SG19322                   000000018001c160     ASKV9_cgxe_registry.obj
 0003:000051d8       $SG19325                   000000018001c1d8     ASKV9_cgxe_registry.obj
 0003:000051dc       $SG19377                   000000018001c1dc     ASKV9_cgxe_registry.obj
 0003:000051e4       $SG19378                   000000018001c1e4     ASKV9_cgxe_registry.obj
 0003:000051ec       $SG19379                   000000018001c1ec     ASKV9_cgxe_registry.obj
 0003:00005200       $SG19380                   000000018001c200     ASKV9_cgxe_registry.obj
 0003:00005280       $SG19382                   000000018001c280     ASKV9_cgxe_registry.obj
 0003:000052fc       $SG19385                   000000018001c2fc     ASKV9_cgxe_registry.obj
 0003:00005304       $SG19388                   000000018001c304     ASKV9_cgxe_registry.obj
 0003:0000530c       $SG19391                   000000018001c30c     ASKV9_cgxe_registry.obj
 0003:00005320       $SG19392                   000000018001c320     ASKV9_cgxe_registry.obj
 0003:000053a0       $SG19393                   000000018001c3a0     ASKV9_cgxe_registry.obj
 0003:000053b0       $SG19395                   000000018001c3b0     ASKV9_cgxe_registry.obj
 0003:000053bc       $SG19397                   000000018001c3bc     ASKV9_cgxe_registry.obj
 0003:000053c4       $SG19399                   000000018001c3c4     ASKV9_cgxe_registry.obj
 0003:000053d0       $SG19401                   000000018001c3d0     ASKV9_cgxe_registry.obj
 0003:000053dc       $SG19403                   000000018001c3dc     ASKV9_cgxe_registry.obj
 0003:000053e0       $SG19406                   000000018001c3e0     ASKV9_cgxe_registry.obj
 0003:000054c8       $SG19516                   000000018001c4c8     ASKV9_cgxe_registry.obj
 0003:000054f8       $SG19517                   000000018001c4f8     ASKV9_cgxe_registry.obj
 0003:00005508       $SG19518                   000000018001c508     ASKV9_cgxe_registry.obj
 0003:00005510       $SG19520                   000000018001c510     ASKV9_cgxe_registry.obj
 0003:00005548       $SG19521                   000000018001c548     ASKV9_cgxe_registry.obj
 0003:00005558       $SG19522                   000000018001c558     ASKV9_cgxe_registry.obj
 0003:00005560       $SG19525                   000000018001c560     ASKV9_cgxe_registry.obj
 0003:00005598       $SG19526                   000000018001c598     ASKV9_cgxe_registry.obj
 0003:000055a8       $SG19527                   000000018001c5a8     ASKV9_cgxe_registry.obj
 0003:000055b0       $SG19529                   000000018001c5b0     ASKV9_cgxe_registry.obj
 0003:000055e8       $SG19530                   000000018001c5e8     ASKV9_cgxe_registry.obj
 0003:000055f8       $SG19531                   000000018001c5f8     ASKV9_cgxe_registry.obj
 0003:00005600       $SG19533                   000000018001c600     ASKV9_cgxe_registry.obj
 0003:00005638       $SG19534                   000000018001c638     ASKV9_cgxe_registry.obj
 0003:00005648       $SG19535                   000000018001c648     ASKV9_cgxe_registry.obj
 0003:00005650       $SG19538                   000000018001c650     ASKV9_cgxe_registry.obj
 0003:00005660       $SG19540                   000000018001c660     ASKV9_cgxe_registry.obj
 0003:00005678       $SG19541                   000000018001c678     ASKV9_cgxe_registry.obj
 0003:000056b0       $SG19542                   000000018001c6b0     ASKV9_cgxe_registry.obj
 0003:000056c0       $SG19543                   000000018001c6c0     ASKV9_cgxe_registry.obj
 0003:000056c8       $SG19674                   000000018001c6c8     ASKV9_cgxe_registry.obj
 0003:000056f0       $SG19675                   000000018001c6f0     ASKV9_cgxe_registry.obj
 0003:00005780       $SG19681                   000000018001c780     ASKV9_cgxe_registry.obj
 0003:000057a0       $SG19682                   000000018001c7a0     ASKV9_cgxe_registry.obj
 0003:00005830       $SG19688                   000000018001c830     ASKV9_cgxe_registry.obj
 0003:00005850       $SG19689                   000000018001c850     ASKV9_cgxe_registry.obj
 0003:000058e0       $SG19695                   000000018001c8e0     ASKV9_cgxe_registry.obj
 0003:00005900       $SG19696                   000000018001c900     ASKV9_cgxe_registry.obj
 0003:00005990       $SG19702                   000000018001c990     ASKV9_cgxe_registry.obj
 0003:000059b0       $SG19703                   000000018001c9b0     ASKV9_cgxe_registry.obj
 0003:00005a40       $SG19707                   000000018001ca40     ASKV9_cgxe_registry.obj
 0003:00005a60       $SG19708                   000000018001ca60     ASKV9_cgxe_registry.obj
 0003:00005af0       $SG19712                   000000018001caf0     ASKV9_cgxe_registry.obj
 0003:00005b20       $SG19713                   000000018001cb20     ASKV9_cgxe_registry.obj
 0003:00005bb0       $SG19717                   000000018001cbb0     ASKV9_cgxe_registry.obj
 0003:00005be0       $SG19718                   000000018001cbe0     ASKV9_cgxe_registry.obj
 0003:00005c70       $SG19722                   000000018001cc70     ASKV9_cgxe_registry.obj
 0003:00005c90       $SG19723                   000000018001cc90     ASKV9_cgxe_registry.obj
 0003:00005d20       $SG19727                   000000018001cd20     ASKV9_cgxe_registry.obj
 0003:00005d40       $SG19728                   000000018001cd40     ASKV9_cgxe_registry.obj
 0003:00005dd0       $SG19732                   000000018001cdd0     ASKV9_cgxe_registry.obj
 0003:00005df0       $SG19733                   000000018001cdf0     ASKV9_cgxe_registry.obj
 0003:00005e80       $SG19737                   000000018001ce80     ASKV9_cgxe_registry.obj
 0003:00005ea0       $SG19738                   000000018001cea0     ASKV9_cgxe_registry.obj
 0003:00005f30       $SG19742                   000000018001cf30     ASKV9_cgxe_registry.obj
 0003:00005f50       $SG19743                   000000018001cf50     ASKV9_cgxe_registry.obj
 0003:00005fe0       $SG19747                   000000018001cfe0     ASKV9_cgxe_registry.obj
 0003:00006000       $SG19748                   000000018001d000     ASKV9_cgxe_registry.obj
 0003:00006090       $SG19752                   000000018001d090     ASKV9_cgxe_registry.obj
 0003:000060b0       $SG19753                   000000018001d0b0     ASKV9_cgxe_registry.obj
 0003:00006140       $SG19757                   000000018001d140     ASKV9_cgxe_registry.obj
 0003:00006160       $SG19758                   000000018001d160     ASKV9_cgxe_registry.obj
 0003:000061f0       $SG19762                   000000018001d1f0     ASKV9_cgxe_registry.obj
 0003:00006210       $SG19763                   000000018001d210     ASKV9_cgxe_registry.obj
 0003:000062a0       $SG19768                   000000018001d2a0     ASKV9_cgxe_registry.obj
 0003:000062c0       $SG19769                   000000018001d2c0     ASKV9_cgxe_registry.obj
 0003:00006350       $SG19774                   000000018001d350     ASKV9_cgxe_registry.obj
 0003:00006370       $SG19775                   000000018001d370     ASKV9_cgxe_registry.obj
 0003:00006400       $SG19779                   000000018001d400     ASKV9_cgxe_registry.obj
 0003:00006410       $SG19780                   000000018001d410     ASKV9_cgxe_registry.obj
 0003:000064a0       $SG19784                   000000018001d4a0     ASKV9_cgxe_registry.obj
 0003:000064c0       $SG19785                   000000018001d4c0     ASKV9_cgxe_registry.obj
 0003:00006550       $SG19793                   000000018001d550     ASKV9_cgxe_registry.obj
 0003:00006560       $SG19794                   000000018001d560     ASKV9_cgxe_registry.obj
 0003:000065f0       $SG19798                   000000018001d5f0     ASKV9_cgxe_registry.obj
 0003:00006670       $SG19800                   000000018001d670     ASKV9_cgxe_registry.obj
 0003:000066f0       $SG19804                   000000018001d6f0     ASKV9_cgxe_registry.obj
 0003:00006770       $SG19827                   000000018001d770     ASKV9_cgxe_registry.obj
 0003:00006888       $SG19835                   000000018001d888     ASKV9_cgxe_registry.obj
 0003:00006898       $SG19842                   000000018001d898     ASKV9_cgxe_registry.obj
 0003:000068a8       $SG19850                   000000018001d8a8     ASKV9_cgxe_registry.obj
 0003:000068b8       $SG19857                   000000018001d8b8     ASKV9_cgxe_registry.obj
 0003:000068c8       $SG19865                   000000018001d8c8     ASKV9_cgxe_registry.obj
 0003:000068d8       $SG19872                   000000018001d8d8     ASKV9_cgxe_registry.obj
 0003:000068e8       $SG19878                   000000018001d8e8     ASKV9_cgxe_registry.obj
 0003:00006908       $SG19888                   000000018001d908     ASKV9_cgxe_registry.obj
 0003:00006938       $SG19889                   000000018001d938     ASKV9_cgxe_registry.obj
 0003:00006940       $SG19890                   000000018001d940     ASKV9_cgxe_registry.obj
 0003:00006948       $SG19900                   000000018001d948     ASKV9_cgxe_registry.obj
 0003:00006980       $SG19901                   000000018001d980     ASKV9_cgxe_registry.obj
 0003:00006988       $SG19902                   000000018001d988     ASKV9_cgxe_registry.obj
 0003:00006a40       $SG19352                   000000018001da40     m_6Aw431rf7JSOzkUJgp5SJE.obj
 0003:00006a41       $SG19353                   000000018001da41     m_6Aw431rf7JSOzkUJgp5SJE.obj
 0003:00006a42       $SG19355                   000000018001da42     m_6Aw431rf7JSOzkUJgp5SJE.obj
 0003:00006a43       $SG19356                   000000018001da43     m_6Aw431rf7JSOzkUJgp5SJE.obj
 0003:00006a44       $SG19358                   000000018001da44     m_6Aw431rf7JSOzkUJgp5SJE.obj
 0003:00006a45       $SG19359                   000000018001da45     m_6Aw431rf7JSOzkUJgp5SJE.obj
 0003:00006a46       $SG19361                   000000018001da46     m_6Aw431rf7JSOzkUJgp5SJE.obj
 0003:00006a47       $SG19362                   000000018001da47     m_6Aw431rf7JSOzkUJgp5SJE.obj
 0003:00006a48       $SG19412                   000000018001da48     m_6Aw431rf7JSOzkUJgp5SJE.obj
 0003:00006a49       $SG19413                   000000018001da49     m_6Aw431rf7JSOzkUJgp5SJE.obj
 0003:00006a4a       $SG19415                   000000018001da4a     m_6Aw431rf7JSOzkUJgp5SJE.obj
 0003:00006a4b       $SG19416                   000000018001da4b     m_6Aw431rf7JSOzkUJgp5SJE.obj
 0003:00006a4c       $SG19418                   000000018001da4c     m_6Aw431rf7JSOzkUJgp5SJE.obj
 0003:00006a4d       $SG19419                   000000018001da4d     m_6Aw431rf7JSOzkUJgp5SJE.obj
 0003:00006a4e       $SG19421                   000000018001da4e     m_6Aw431rf7JSOzkUJgp5SJE.obj
 0003:00006a4f       $SG19422                   000000018001da4f     m_6Aw431rf7JSOzkUJgp5SJE.obj
 0003:00006a50       $SG21276                   000000018001da50     m_6Aw431rf7JSOzkUJgp5SJE.obj
 0003:00006a51       $SG21277                   000000018001da51     m_6Aw431rf7JSOzkUJgp5SJE.obj
 0003:00006a54       $SG19373                   000000018001da54     ASKV9_cgxe_registry.obj
 0003:00006a56       ?warningGuard@?1??ssGetRootSS@@9@9 000000018001da56     ASKV9_cgxe_registry.obj
 0003:00006a57       ?warningGuard@?1??ssGetParentSS@@9@9 000000018001da57     ASKV9_cgxe_registry.obj
 0003:00006a60       GS_ExceptionRecord         000000018001da60     MSVCRT:gs_report.obj
 0003:00006b00       GS_ContextRecord           000000018001db00     MSVCRT:gs_report.obj
 0003:00006fd0       ?__proc_attached@@3HA      000000018001dfd0     MSVCRT:dll_dllmain.obj
 0003:00007010       ?is_initialized_as_dll@@3_NA 000000018001e010     MSVCRT:utility.obj
 0003:00007011       ?module_local_atexit_table_initialized@@3_NA 000000018001e011     MSVCRT:utility.obj
 0003:00007018       ?module_local_atexit_table@@3U_onexit_table_t@@A 000000018001e018     MSVCRT:utility.obj
 0003:00007030       ?module_local_at_quick_exit_table@@3U_onexit_table_t@@A 000000018001e030     MSVCRT:utility.obj
