 QAMV2_cgxe

 Timestamp is 68143642 (Thu May  1 22:04:34 2025)

 Preferred load address is 0000000180000000

 Start         Length     Name                   Class
 0001:00000000 00012f80H .text$mn                CODE
 0001:00012f80 00000036H .text$mn$00             CODE
 0001:00012fb6 00000092H .text$x                 CODE
 0002:00000000 000003c8H .idata$5                DATA
 0002:000003c8 00000038H .00cfg                  DATA
 0002:00000400 00000008H .CRT$XCA                DATA
 0002:00000408 00000008H .CRT$XCZ                DATA
 0002:00000410 00000008H .CRT$XIA                DATA
 0002:00000418 00000008H .CRT$XIZ                DATA
 0002:00000420 00000008H .CRT$XPA                DATA
 0002:00000428 00000008H .CRT$XPZ                DATA
 0002:00000430 00000008H .CRT$XTA                DATA
 0002:00000438 00000008H .CRT$XTZ                DATA
 0002:00000440 00000000H .gehcont$y              DATA
 0002:00000440 00000000H .gfids$y                DATA
 0002:00000440 00000540H .rdata                  DATA
 0002:00000980 00000080H .rdata$CastGuardVftablesA DATA
 0002:00000a00 00000080H .rdata$CastGuardVftablesC DATA
 0002:00000a80 00000198H .rdata$voltmd           DATA
 0002:00000c18 00000278H .rdata$zzzdbg           DATA
 0002:00000e90 00000008H .rtc$IAA                DATA
 0002:00000e98 00000008H .rtc$IZZ                DATA
 0002:00000ea0 00000008H .rtc$TAA                DATA
 0002:00000ea8 00000008H .rtc$TZZ                DATA
 0002:00000eb0 000009c0H .xdata                  DATA
 0002:00001870 00000074H .edata                  DATA
 0002:000018e4 000000f0H .idata$2                DATA
 0002:000019d4 00000014H .idata$3                DATA
 0002:000019e8 000003c8H .idata$4                DATA
 0002:00001db0 000009feH .idata$6                DATA
 0003:00000000 00006ac0H .data                   DATA
 0003:00006ac0 00000630H .bss                    DATA
 0004:00000000 00000b7cH .pdata                  DATA

  Address         Publics by Value              Rva+Base               Lib:Object

 0000:00000000       __AbsoluteZero             0000000000000000     <absolute>
 0000:00000000       ___safe_se_handler_count   0000000000000000     <absolute>
 0000:00000000       ___safe_se_handler_table   0000000000000000     <absolute>
 0000:00000000       __arm64x_extra_rfe_table   0000000000000000     <absolute>
 0000:00000000       __arm64x_extra_rfe_table_size 0000000000000000     <absolute>
 0000:00000000       __arm64x_native_entrypoint 0000000000000000     <absolute>
 0000:00000000       __arm64x_redirection_metadata 0000000000000000     <absolute>
 0000:00000000       __arm64x_redirection_metadata_count 0000000000000000     <absolute>
 0000:00000000       __dynamic_value_reloc_table 0000000000000000     <absolute>
 0000:00000000       __enclave_config           0000000000000000     <absolute>
 0000:00000000       __guard_check_icall_a64n_fptr 0000000000000000     <absolute>
 0000:00000000       __guard_eh_cont_count      0000000000000000     <absolute>
 0000:00000000       __guard_eh_cont_table      0000000000000000     <absolute>
 0000:00000000       __guard_fids_count         0000000000000000     <absolute>
 0000:00000000       __guard_fids_table         0000000000000000     <absolute>
 0000:00000000       __guard_iat_count          0000000000000000     <absolute>
 0000:00000000       __guard_iat_table          0000000000000000     <absolute>
 0000:00000000       __guard_longjmp_count      0000000000000000     <absolute>
 0000:00000000       __guard_longjmp_table      0000000000000000     <absolute>
 0000:00000000       __hybrid_auxiliary_delayload_iat 0000000000000000     <absolute>
 0000:00000000       __hybrid_auxiliary_delayload_iat_copy 0000000000000000     <absolute>
 0000:00000000       __hybrid_auxiliary_iat     0000000000000000     <absolute>
 0000:00000000       __hybrid_auxiliary_iat_copy 0000000000000000     <absolute>
 0000:00000000       __hybrid_code_map          0000000000000000     <absolute>
 0000:00000000       __hybrid_code_map_count    0000000000000000     <absolute>
 0000:00000000       __hybrid_image_info_bitfield 0000000000000000     <absolute>
 0000:00000000       __x64_code_ranges_to_entry_points 0000000000000000     <absolute>
 0000:00000000       __x64_code_ranges_to_entry_points_count 0000000000000000     <absolute>
 0000:00000100       __guard_flags              0000000000000100     <absolute>
 0000:00000000       __ImageBase                0000000180000000     <linker-defined>
 0001:00000000       mexfilerequiredapiversion  0000000180001000 f   c_mexapi_version.obj
 0001:00000030       cgxe_QAMV2_method_dispatcher 0000000180001030 f   QAMV2_cgxe.obj
 0001:00000110       method_dispatcher_m25svM7vlbcpvjdO12kRn 0000000180001110 f   m_m25svM7vlbcpvjdO12kRn.obj
 0001:00008700       cgxe_m25svM7vlbcpvjdO12kRn_BuildInfoUpdate 0000000180009700 f   m_m25svM7vlbcpvjdO12kRn.obj
 0001:000089a0       cgxe_m25svM7vlbcpvjdO12kRn_fallback_info 00000001800099a0 f   m_m25svM7vlbcpvjdO12kRn.obj
 0001:00008a40       mexFunction                0000000180009a40 f   QAMV2_cgxe_registry.obj
 0001:0000a900       _ssSetInputPortDirectFeedThroughFcn 000000018000b900 f   QAMV2_cgxe_registry.obj
 0001:0000aa70       _ssSetRWorkValueFcn        000000018000ba70 f   QAMV2_cgxe_registry.obj
 0001:0000aaf0       _ssGetRWorkValueFcn        000000018000baf0 f   QAMV2_cgxe_registry.obj
 0001:0000ab60       _ssSetIWorkValueFcn        000000018000bb60 f   QAMV2_cgxe_registry.obj
 0001:0000abe0       _ssGetIWorkValueFcn        000000018000bbe0 f   QAMV2_cgxe_registry.obj
 0001:0000ac50       _ssSetPWorkValueFcn        000000018000bc50 f   QAMV2_cgxe_registry.obj
 0001:0000acd0       _ssGetPWorkValueFcn        000000018000bcd0 f   QAMV2_cgxe_registry.obj
 0001:0000ad40       _ssGetInputPortSignalFcn   000000018000bd40 f   QAMV2_cgxe_registry.obj
 0001:0000b0d0       _ssGetInputPortBufferDstPortFcn 000000018000c0d0 f   QAMV2_cgxe_registry.obj
 0001:0000b150       _ssGetInputPortSignalPtrsFcn 000000018000c150 f   QAMV2_cgxe_registry.obj
 0001:0000b4e0       ssGetParameterTuningCompliance 000000018000c4e0 f   QAMV2_cgxe_registry.obj
 0001:0000b550       _ssReadInputStringFcn      000000018000c550 f   QAMV2_cgxe_registry.obj
 0001:0000b5c0       ssGetDTypeIdFromMxArray    000000018000c5c0 f   QAMV2_cgxe_registry.obj
 0001:0000b6e0       ssWriteRTWMx2dMatParam     000000018000c6e0 f   QAMV2_cgxe_registry.obj
 0001:0000b770       ssWriteRTWMxVectParam      000000018000c770 f   QAMV2_cgxe_registry.obj
 0001:0000b7f0       ssWriteRTWParameters       000000018000c7f0 f   QAMV2_cgxe_registry.obj
 0001:0000bdb0       ssWriteRTWParamSettings    000000018000cdb0 f   QAMV2_cgxe_registry.obj
 0001:0000c4a0       ssWriteRTWStr              000000018000d4a0 f   QAMV2_cgxe_registry.obj
 0001:0000c500       ssWriteRTWWorkVect         000000018000d500 f   QAMV2_cgxe_registry.obj
 0001:0000ca60       ssWarning                  000000018000da60 f   QAMV2_cgxe_registry.obj
 0001:0000cb50       ssGetRootSS                000000018000db50 f   QAMV2_cgxe_registry.obj
 0001:0000cc10       ssGetParentSS              000000018000dc10 f   QAMV2_cgxe_registry.obj
 0001:0000ccd0       ssWriteRTWNameValuePair    000000018000dcd0 f   QAMV2_cgxe_registry.obj
 0001:0000d1d0       _ssSetInputPortMatrixDimensions 000000018000e1d0 f   QAMV2_cgxe_registry.obj
 0001:0000d320       _ssSetOutputPortMatrixDimensions 000000018000e320 f   QAMV2_cgxe_registry.obj
 0001:0000d470       _ssSetInputPortVectorDimension 000000018000e470 f   QAMV2_cgxe_registry.obj
 0001:0000d520       _ssSetOutputPortVectorDimension 000000018000e520 f   QAMV2_cgxe_registry.obj
 0001:0000d5d0       ssIsRunTimeParamTunable    000000018000e5d0 f   QAMV2_cgxe_registry.obj
 0001:0000d640       ssGetSFuncBlockHandle      000000018000e640 f   QAMV2_cgxe_registry.obj
 0001:0000d6b0       _ssGetCallSystemNumFcnCallDestinations 000000018000e6b0 f   QAMV2_cgxe_registry.obj
 0001:0000d720       _ssGetCurrentInputPortWidth 000000018000e720 f   QAMV2_cgxe_registry.obj
 0001:0000d860       _ssGetCurrentOutputPortWidth 000000018000e860 f   QAMV2_cgxe_registry.obj
 0001:0000d9a0       ssGetIsZeroCrossControlDisabled 000000018000e9a0 f   QAMV2_cgxe_registry.obj
 0001:0000da10       ssSetIsInputPortUsedForContZcSignal 000000018000ea10 f   QAMV2_cgxe_registry.obj
 0001:0000da80       ssSetZcSignalIsZcElementDisc 000000018000ea80 f   QAMV2_cgxe_registry.obj
 0001:0000db30       ssSetZcSignalName          000000018000eb30 f   QAMV2_cgxe_registry.obj
 0001:0000dba0       ssSetZcSignalWidth         000000018000eba0 f   QAMV2_cgxe_registry.obj
 0001:0000dc10       ssSetZcSignalZcEventType   000000018000ec10 f   QAMV2_cgxe_registry.obj
 0001:0000dc80       ssSetZcSignalType          000000018000ec80 f   QAMV2_cgxe_registry.obj
 0001:0000dcf0       ssSetZcSignalZcTol         000000018000ecf0 f   QAMV2_cgxe_registry.obj
 0001:0000dd60       ssSetZcSignalNeedsEventNotification 000000018000ed60 f   QAMV2_cgxe_registry.obj
 0001:0000ddd0       ssCreateAndAddZcSignalInfo 000000018000edd0 f   QAMV2_cgxe_registry.obj
 0001:0000de40       ssCloneAndAddZcSignalInfo  000000018000ee40 f   QAMV2_cgxe_registry.obj
 0001:0000deb0       ssGetNumZcSignals          000000018000eeb0 f   QAMV2_cgxe_registry.obj
 0001:0000df20       ssGetZcSignalVector        000000018000ef20 f   QAMV2_cgxe_registry.obj
 0001:0000df90       ssGetZcSignalName          000000018000ef90 f   QAMV2_cgxe_registry.obj
 0001:0000e000       ssGetZcSignalWidth         000000018000f000 f   QAMV2_cgxe_registry.obj
 0001:0000e070       ssGetZcSignalZcEventType   000000018000f070 f   QAMV2_cgxe_registry.obj
 0001:0000e0e0       ssGetZcSignalZcEvents      000000018000f0e0 f   QAMV2_cgxe_registry.obj
 0001:0000e150       ssGetZcSignalType          000000018000f150 f   QAMV2_cgxe_registry.obj
 0001:0000e1c0       ssGetZcSignalZcTol         000000018000f1c0 f   QAMV2_cgxe_registry.obj
 0001:0000e240       ssGetZcSignalNeedsEventNotification 000000018000f240 f   QAMV2_cgxe_registry.obj
 0001:0000e2b0       ssGetZcSignalIsZcElementDisc 000000018000f2b0 f   QAMV2_cgxe_registry.obj
 0001:0000e350       ssGetIsInputPortElementContinuous 000000018000f350 f   QAMV2_cgxe_registry.obj
 0001:0000e3f0       _ssGetAbsTol               000000018000f3f0 f   QAMV2_cgxe_registry.obj
 0001:0000e460       _ssSetStateAbsTol          000000018000f460 f   QAMV2_cgxe_registry.obj
 0001:0000e540       _ssSetInputPortReusableFcn 000000018000f540 f   QAMV2_cgxe_registry.obj
 0001:0000e640       _ssSetOutputPortReusableFcn 000000018000f640 f   QAMV2_cgxe_registry.obj
 0001:0000e740       _ssSetSymbolicDimsSupport  000000018000f740 f   QAMV2_cgxe_registry.obj
 0001:0000e7b0       _ssRegisterSymbolicDimsExpr 000000018000f7b0 f   QAMV2_cgxe_registry.obj
 0001:0000e830       _ssRegisterSymbolicDimsMATLABExpr 000000018000f830 f   QAMV2_cgxe_registry.obj
 0001:0000e8c0       _ssRegisterSymbolicDims    000000018000f8c0 f   QAMV2_cgxe_registry.obj
 0001:0000e960       _ssRegisterSymbolicDimsString 000000018000f960 f   QAMV2_cgxe_registry.obj
 0001:0000e9e0       _ssRegisterSymbolicDimsIntValue 000000018000f9e0 f   QAMV2_cgxe_registry.obj
 0001:0000ea50       _ssRegisterSymbolicEqualRelation 000000018000fa50 f   QAMV2_cgxe_registry.obj
 0001:0000eac0       _ssRegisterSymbolicEqualValue 000000018000fac0 f   QAMV2_cgxe_registry.obj
 0001:0000eb30       _ssAmendLeadingSymbolicDims 000000018000fb30 f   QAMV2_cgxe_registry.obj
 0001:0000ebb0       _ssAmendTrailingSymbolicDims 000000018000fbb0 f   QAMV2_cgxe_registry.obj
 0001:0000ec30       _ssRegisterSymbolicDimsPlus 000000018000fc30 f   QAMV2_cgxe_registry.obj
 0001:0000ecb0       _ssRegisterSymbolicDimsMinus 000000018000fcb0 f   QAMV2_cgxe_registry.obj
 0001:0000ed30       _ssRegisterSymbolicDimsMultiply 000000018000fd30 f   QAMV2_cgxe_registry.obj
 0001:0000edb0       _ssRegisterSymbolicDimsDivide 000000018000fdb0 f   QAMV2_cgxe_registry.obj
 0001:0000ee30       _ssGetNumSymbolicDims      000000018000fe30 f   QAMV2_cgxe_registry.obj
 0001:0000eea0       _ssGetSymbolicDim          000000018000fea0 f   QAMV2_cgxe_registry.obj
 0001:0000ef20       _ssSetInputPortSymbolicDimsId 000000018000ff20 f   QAMV2_cgxe_registry.obj
 0001:0000ef90       _ssGetCompInputPortSymbolicDimsId 000000018000ff90 f   QAMV2_cgxe_registry.obj
 0001:0000f000       _ssSetCompInputPortSymbolicDimsId 0000000180010000 f   QAMV2_cgxe_registry.obj
 0001:0000f070       _ssSetOutputPortSymbolicDimsId 0000000180010070 f   QAMV2_cgxe_registry.obj
 0001:0000f0e0       _ssGetCompOutputPortSymbolicDimsId 00000001800100e0 f   QAMV2_cgxe_registry.obj
 0001:0000f150       _ssSetCompOutputPortSymbolicDimsId 0000000180010150 f   QAMV2_cgxe_registry.obj
 0001:0000f1c0       _ssGetDWorkSymbolicDimsId  00000001800101c0 f   QAMV2_cgxe_registry.obj
 0001:0000f230       _ssSetDWorkSymbolicDimsId  0000000180010230 f   QAMV2_cgxe_registry.obj
 0001:0000f2a0       _ssGetCompDWorkSymbolicDimsId 00000001800102a0 f   QAMV2_cgxe_registry.obj
 0001:0000f310       _ssSetCompDWorkSymbolicDimsId 0000000180010310 f   QAMV2_cgxe_registry.obj
 0001:0000f380       _ssCreateSLCGStringBuffer  0000000180010380 f   QAMV2_cgxe_registry.obj
 0001:0000f3f0       _ssAddToSLCGStringBuffer   00000001800103f0 f   QAMV2_cgxe_registry.obj
 0001:0000f460       _ssGetPointerContainedData 0000000180010460 f   QAMV2_cgxe_registry.obj
 0001:0000f4f0       _ssGetPointerContainedDataWidth 00000001800104f0 f   QAMV2_cgxe_registry.obj
 0001:0000f580       _ssRegisterDynamicArrayDataTypeFcn 0000000180010580 f   QAMV2_cgxe_registry.obj
 0001:0000f620       _ssGetDynamicArrayContainedDataCurrentWidthFcn 0000000180010620 f   QAMV2_cgxe_registry.obj
 0001:0000f6f0       _ssGetDynamicArrayContainedDataFcn 00000001800106f0 f   QAMV2_cgxe_registry.obj
 0001:0000f7c0       _ssGetInputPortDynamicArrayDataFcn 00000001800107c0 f   QAMV2_cgxe_registry.obj
 0001:0000f880       _ssGetOutputPortDynamicArrayDataFcn 0000000180010880 f   QAMV2_cgxe_registry.obj
 0001:0000f940       _ssGetInputPortDynamicArrayContainedDataFcn 0000000180010940 f   QAMV2_cgxe_registry.obj
 0001:0000fa00       _ssGetOutputPortDynamicArrayContainedDataFcn 0000000180010a00 f   QAMV2_cgxe_registry.obj
 0001:0000fac0       _ssGetDynamicArrayDWorkContainedDataFcn 0000000180010ac0 f   QAMV2_cgxe_registry.obj
 0001:000115f0       __local_stdio_printf_options 00000001800125f0 f i QAMV2_cgxe_registry.obj
 0001:00011600       _vsnprintf_l               0000000180012600 f i QAMV2_cgxe_registry.obj
 0001:00011680       _vsprintf_l                0000000180012680 f i QAMV2_cgxe_registry.obj
 0001:000116d0       sprintf                    00000001800126d0 f i QAMV2_cgxe_registry.obj
 0001:0001171f       mxGetPr_800                000000018001271f f   libmx:libmx.dll
 0001:00011725       mxSetCell_800              0000000180012725 f   libmx:libmx.dll
 0001:0001172b       mxSetFieldByNumber_800     000000018001272b f   libmx:libmx.dll
 0001:00011731       mxCreateDoubleMatrix_800   0000000180012731 f   libmx:libmx.dll
 0001:00011737       mxCreateString_800         0000000180012737 f   libmx:libmx.dll
 0001:0001173d       mxCreateCellMatrix_800     000000018001273d f   libmx:libmx.dll
 0001:00011743       mxCreateStructMatrix_800   0000000180012743 f   libmx:libmx.dll
 0001:00011749       mxGetNaN_800               0000000180012749 f   libmx:libmx.dll
 0001:0001174f       mxCalloc_800               000000018001274f f   libmx:libmx.dll
 0001:00011755       mxGetM_800                 0000000180012755 f   libmx:libmx.dll
 0001:0001175b       mxGetClassID_800           000000018001275b f   libmx:libmx.dll
 0001:00011761       mxGetData_800              0000000180012761 f   libmx:libmx.dll
 0001:00011767       mxIsNumeric_800            0000000180012767 f   libmx:libmx.dll
 0001:0001176d       mxIsChar_800               000000018001276d f   libmx:libmx.dll
 0001:00011773       mxIsComplex_800            0000000180012773 f   libmx:libmx.dll
 0001:00011779       mxGetN_800                 0000000180012779 f   libmx:libmx.dll
 0001:0001177f       mxSetField_800             000000018001277f f   libmx:libmx.dll
 0001:00011785       mxCreateNumericMatrix_800  0000000180012785 f   libmx:libmx.dll
 0001:0001178b       mxCreateDoubleScalar_800   000000018001278b f   libmx:libmx.dll
 0001:00011791       mxGetString_800            0000000180012791 f   libmx:libmx.dll
 0001:00011797       mexWarnMsgTxt_800          0000000180012797 f   libmex:libmex.dll
 0001:0001179d       mexPrintf_800              000000018001279d f   libmex:libmex.dll
 0001:000117a3       mexCallMATLAB_800          00000001800127a3 f   libmex:libmex.dll
 0001:000117a9       mexUnlock_800              00000001800127a9 f   libmex:libmex.dll
 0001:000117af       mexIsLocked_800            00000001800127af f   libmex:libmex.dll
 0001:000117b5       muDoubleScalarAbs          00000001800127b5 f   libmwmathutil:libmwmathutil.dll
 0001:000117bb       muDoubleScalarCeil         00000001800127bb f   libmwmathutil:libmwmathutil.dll
 0001:000117c1       muDoubleScalarFloor        00000001800127c1 f   libmwmathutil:libmwmathutil.dll
 0001:000117c7       muDoubleScalarRound        00000001800127c7 f   libmwmathutil:libmwmathutil.dll
 0001:000117cd       muDoubleScalarExp          00000001800127cd f   libmwmathutil:libmwmathutil.dll
 0001:000117d3       muDoubleScalarLog          00000001800127d3 f   libmwmathutil:libmwmathutil.dll
 0001:000117d9       muDoubleScalarPower        00000001800127d9 f   libmwmathutil:libmwmathutil.dll
 0001:000117df       muDoubleScalarSqrt         00000001800127df f   libmwmathutil:libmwmathutil.dll
 0001:000117e5       muDoubleScalarRem          00000001800127e5 f   libmwmathutil:libmwmathutil.dll
 0001:000117eb       muDoubleScalarIsNaN        00000001800127eb f   libmwmathutil:libmwmathutil.dll
 0001:000117f1       muDoubleScalarIsInf        00000001800127f1 f   libmwmathutil:libmwmathutil.dll
 0001:000117f7       emlrtAlias                 00000001800127f7 f   libemlrt:libemlrt.dll
 0001:000117fd       emlrtLicenseCheckR2022a    00000001800127fd f   libemlrt:libemlrt.dll
 0001:00011803       emlrtAssign                0000000180012803 f   libemlrt:libemlrt.dll
 0001:00011809       emlrtCreateStructMatrix    0000000180012809 f   libemlrt:libemlrt.dll
 0001:0001180f       emlrtCreateStructArray     000000018001280f f   libemlrt:libemlrt.dll
 0001:00011815       emlrtGetFieldR2017b        0000000180012815 f   libemlrt:libemlrt.dll
 0001:0001181b       emlrtSetFieldR2017b        000000018001281b f   libemlrt:libemlrt.dll
 0001:00011821       emlrtCreateCellMatrix      0000000180012821 f   libemlrt:libemlrt.dll
 0001:00011827       emlrtSetCell               0000000180012827 f   libemlrt:libemlrt.dll
 0001:0001182d       emlrtGetCell               000000018001282d f   libemlrt:libemlrt.dll
 0001:00011833       emlrtCreateNumericMatrix   0000000180012833 f   libemlrt:libemlrt.dll
 0001:00011839       emlrtCreateNumericArray    0000000180012839 f   libemlrt:libemlrt.dll
 0001:0001183f       emlrtCreateDoubleScalar    000000018001283f f   libemlrt:libemlrt.dll
 0001:00011845       emlrtCreateLogicalScalar   0000000180012845 f   libemlrt:libemlrt.dll
 0001:0001184b       emlrtCreateCharArray       000000018001284b f   libemlrt:libemlrt.dll
 0001:00011851       emlrtDestroyArray          0000000180012851 f   libemlrt:libemlrt.dll
 0001:00011857       emlrtCallMATLABR2012b      0000000180012857 f   libemlrt:libemlrt.dll
 0001:0001185d       emlrtInitCharArrayR2013a   000000018001285d f   libemlrt:libemlrt.dll
 0001:00011863       emlrtCheckBuiltInR2012b    0000000180012863 f   libemlrt:libemlrt.dll
 0001:00011869       emlrtCheckStructR2012b     0000000180012869 f   libemlrt:libemlrt.dll
 0001:0001186f       emlrtMxGetData             000000018001286f f   libemlrt:libemlrt.dll
 0001:00011875       emlrtMxGetLogicals         0000000180012875 f   libemlrt:libemlrt.dll
 0001:0001187b       cgxertGetInputPortSignal   000000018001287b f   libmwcgxert:libmwcgxert.dll
 0001:00011881       cgxertGetOutputPortSignal  0000000180012881 f   libmwcgxert:libmwcgxert.dll
 0001:00011887       cgxertGetRunTimeParamInfoData 0000000180012887 f   libmwcgxert:libmwcgxert.dll
 0001:0001188d       cgxertGetRuntimeInstance   000000018001288d f   libmwcgxert:libmwcgxert.dll
 0001:00011893       cgxertSetRuntimeInstance   0000000180012893 f   libmwcgxert:libmwcgxert.dll
 0001:00011899       cgxertGetEMLRTCtx          0000000180012899 f   libmwcgxert:libmwcgxert.dll
 0001:0001189f       cgxertSetGcb               000000018001289f f   libmwcgxert:libmwcgxert.dll
 0001:000118a5       cgxertRestoreGcb           00000001800128a5 f   libmwcgxert:libmwcgxert.dll
 0001:000118ac       __raise_securityfailure    00000001800128ac f   MSVCRT:gs_report.obj
 0001:000118e0       __report_gsfailure         00000001800128e0 f   MSVCRT:gs_report.obj
 0001:000119b4       __report_rangecheckfailure 00000001800129b4 f   MSVCRT:gs_report.obj
 0001:000119c8       __report_securityfailure   00000001800129c8 f   MSVCRT:gs_report.obj
 0001:00011a68       __report_securityfailureEx 0000000180012a68 f   MSVCRT:gs_report.obj
 0001:00011c5c       __GSHandlerCheck           0000000180012c5c f   MSVCRT:gshandler.obj
 0001:00011c7c       __GSHandlerCheckCommon     0000000180012c7c f   MSVCRT:gshandler.obj
 0001:00011cf0       __security_check_cookie    0000000180012cf0 f   MSVCRT:amdsecgs.obj
 0001:0001203c       _CRT_INIT                  000000018001303c f   MSVCRT:dll_dllmain.obj
 0001:00012044       _DllMainCRTStartup         0000000180013044 f   MSVCRT:dll_dllmain.obj
 0001:000120f0       __security_init_cookie     00000001800130f0 f   MSVCRT:gs_support.obj
 0001:0001219c       DllMain                    000000018001319c f   MSVCRT:dll_dllmain_stub.obj
 0001:000121c0       ?__scrt_initialize_type_info@@YAXXZ 00000001800131c0 f   MSVCRT:tncleanup.obj
 0001:000121d0       ?__scrt_uninitialize_type_info@@YAXXZ 00000001800131d0 f   MSVCRT:tncleanup.obj
 0001:000121dc       __local_stdio_scanf_options 00000001800131dc f i MSVCRT:default_local_stdio_options.obj
 0001:000121e4       __scrt_initialize_default_local_stdio_options 00000001800131e4 f   MSVCRT:default_local_stdio_options.obj
 0001:00012200       ?configure_argv@__scrt_narrow_argv_policy@@SAHXZ 0000000180013200 f i MSVCRT:utility.obj
 0001:00012260       ?initialize_environment@__scrt_narrow_environment_policy@@SAHXZ 0000000180013260 f i MSVCRT:utility.obj
 0001:00012298       NtCurrentTeb               0000000180013298 f i MSVCRT:utility.obj
 0001:000122a4       __scrt_acquire_startup_lock 00000001800132a4 f   MSVCRT:utility.obj
 0001:000122e0       __scrt_dllmain_after_initialize_c 00000001800132e0 f   MSVCRT:utility.obj
 0001:00012314       __scrt_dllmain_before_initialize_c 0000000180013314 f   MSVCRT:utility.obj
 0001:0001232c       __scrt_dllmain_crt_thread_attach 000000018001332c f   MSVCRT:utility.obj
 0001:00012354       __scrt_dllmain_crt_thread_detach 0000000180013354 f   MSVCRT:utility.obj
 0001:0001236c       __scrt_dllmain_exception_filter 000000018001336c f   MSVCRT:utility.obj
 0001:000123cc       __scrt_dllmain_uninitialize_c 00000001800133cc f   MSVCRT:utility.obj
 0001:000123fc       __scrt_dllmain_uninitialize_critical 00000001800133fc f   MSVCRT:utility.obj
 0001:00012410       __scrt_initialize_crt      0000000180013410 f   MSVCRT:utility.obj
 0001:0001244c       __scrt_initialize_onexit_tables 000000018001344c f   MSVCRT:utility.obj
 0001:000124d8       __scrt_is_nonwritable_in_current_image 00000001800134d8 f   MSVCRT:utility.obj
 0001:00012570       __scrt_release_startup_lock 0000000180013570 f   MSVCRT:utility.obj
 0001:00012594       __scrt_uninitialize_crt    0000000180013594 f   MSVCRT:utility.obj
 0001:000125c0       _onexit                    00000001800135c0 f   MSVCRT:utility.obj
 0001:000125fc       at_quick_exit              00000001800135fc f   MSVCRT:utility.obj
 0001:0001261c       atexit                     000000018001361c f   MSVCRT:utility.obj
 0001:00012634       __scrt_get_dyn_tls_init_callback 0000000180013634 f   MSVCRT:dyn_tls_init.obj
 0001:0001263c       __crt_debugger_hook        000000018001363c f   MSVCRT:utility_desktop.obj
 0001:00012644       __scrt_fastfail            0000000180013644 f   MSVCRT:utility_desktop.obj
 0001:0001278c       __scrt_get_show_window_mode 000000018001378c f   MSVCRT:utility_desktop.obj
 0001:000127c8       __scrt_initialize_mta      00000001800137c8 f   MSVCRT:utility_desktop.obj
 0001:000127d0       __scrt_initialize_winrt    00000001800137d0 f   MSVCRT:utility_desktop.obj
 0001:000127d4       __scrt_is_managed_app      00000001800137d4 f   MSVCRT:utility_desktop.obj
 0001:00012828       __scrt_set_unhandled_exception_filter 0000000180013828 f   MSVCRT:utility_desktop.obj
 0001:00012838       __scrt_exe_initialize_mta  0000000180013838 f   MSVCRT:utility_desktop.obj
 0001:00012838       __scrt_stub_for_initialize_mta 0000000180013838 f   MSVCRT:utility_desktop.obj
 0001:0001283c       __scrt_unhandled_exception_filter 000000018001383c f   MSVCRT:utility_desktop.obj
 0001:00012898       _RTC_Initialize            0000000180013898 f   MSVCRT:initsect.obj
 0001:000128d4       _RTC_Terminate             00000001800138d4 f   MSVCRT:initsect.obj
 0001:00012910       _guard_check_icall_nop     0000000180013910 f i MSVCRT:guard_support.obj
 0001:00012914       ReadNoFence64              0000000180013914 f i MSVCRT:guard_support.obj
 0001:00012918       ReadPointerNoFence         0000000180013918 f i MSVCRT:guard_support.obj
 0001:0001291c       __castguard_check_failure_debugbreak 000000018001391c f i MSVCRT:guard_support.obj
 0001:00012938       __castguard_check_failure_fastfail 0000000180013938 f i MSVCRT:guard_support.obj
 0001:0001295c       __castguard_check_failure_nop 000000018001395c f i MSVCRT:guard_support.obj
 0001:00012960       __castguard_check_failure_os_handled 0000000180013960 f i MSVCRT:guard_support.obj
 0001:000129ac       __castguard_check_failure_user_handled 00000001800139ac f i MSVCRT:guard_support.obj
 0001:00012a20       __castguard_set_user_handler 0000000180013a20 f i MSVCRT:guard_support.obj
 0001:00012a2c       __castguard_slow_path_check_debugbreak 0000000180013a2c f i MSVCRT:guard_support.obj
 0001:00012a60       __castguard_slow_path_check_fastfail 0000000180013a60 f i MSVCRT:guard_support.obj
 0001:00012a9c       __castguard_slow_path_check_nop 0000000180013a9c f i MSVCRT:guard_support.obj
 0001:00012aa0       __castguard_slow_path_check_os_handled 0000000180013aa0 f i MSVCRT:guard_support.obj
 0001:00012aec       __castguard_slow_path_check_user_handled 0000000180013aec f i MSVCRT:guard_support.obj
 0001:00012b58       _guard_icall_checks_enforced 0000000180013b58 f i MSVCRT:guard_support.obj
 0001:00012b70       _guard_rf_checks_enforced  0000000180013b70 f i MSVCRT:guard_support.obj
 0001:00012b74       __isa_available_init       0000000180013b74 f   MSVCRT:cpu_disp.obj
 0001:00012e40       _get_startup_argv_mode     0000000180013e40 f   MSVCRT:argv_mode.obj
 0001:00012e48       __scrt_is_ucrt_dll_in_use  0000000180013e48 f   MSVCRT:ucrt_detection.obj
 0001:00012e60       RtlCaptureContext          0000000180013e60 f   kernel32:KERNEL32.dll
 0001:00012e66       RtlLookupFunctionEntry     0000000180013e66 f   kernel32:KERNEL32.dll
 0001:00012e6c       RtlVirtualUnwind           0000000180013e6c f   kernel32:KERNEL32.dll
 0001:00012e72       UnhandledExceptionFilter   0000000180013e72 f   kernel32:KERNEL32.dll
 0001:00012e78       SetUnhandledExceptionFilter 0000000180013e78 f   kernel32:KERNEL32.dll
 0001:00012e7e       GetCurrentProcess          0000000180013e7e f   kernel32:KERNEL32.dll
 0001:00012e84       TerminateProcess           0000000180013e84 f   kernel32:KERNEL32.dll
 0001:00012e8a       IsProcessorFeaturePresent  0000000180013e8a f   kernel32:KERNEL32.dll
 0001:00012e90       QueryPerformanceCounter    0000000180013e90 f   kernel32:KERNEL32.dll
 0001:00012e96       GetCurrentProcessId        0000000180013e96 f   kernel32:KERNEL32.dll
 0001:00012e9c       GetCurrentThreadId         0000000180013e9c f   kernel32:KERNEL32.dll
 0001:00012ea2       GetSystemTimeAsFileTime    0000000180013ea2 f   kernel32:KERNEL32.dll
 0001:00012ea8       DisableThreadLibraryCalls  0000000180013ea8 f   kernel32:KERNEL32.dll
 0001:00012eae       InitializeSListHead        0000000180013eae f   kernel32:KERNEL32.dll
 0001:00012eb4       IsDebuggerPresent          0000000180013eb4 f   kernel32:KERNEL32.dll
 0001:00012eba       GetStartupInfoW            0000000180013eba f   kernel32:KERNEL32.dll
 0001:00012ec0       GetModuleHandleW           0000000180013ec0 f   kernel32:KERNEL32.dll
 0001:00012ec6       memcpy                     0000000180013ec6 f   vcruntime:VCRUNTIME140.dll
 0001:00012ecc       __C_specific_handler       0000000180013ecc f   vcruntime:VCRUNTIME140.dll
 0001:00012ed2       __std_type_info_destroy_list 0000000180013ed2 f   vcruntime:VCRUNTIME140.dll
 0001:00012ed8       __current_exception        0000000180013ed8 f   vcruntime:VCRUNTIME140.dll
 0001:00012ede       __current_exception_context 0000000180013ede f   vcruntime:VCRUNTIME140.dll
 0001:00012ee4       memset                     0000000180013ee4 f   vcruntime:VCRUNTIME140.dll
 0001:00012eea       calloc                     0000000180013eea f   ucrt:api-ms-win-crt-heap-l1-1-0.dll
 0001:00012ef0       free                       0000000180013ef0 f   ucrt:api-ms-win-crt-heap-l1-1-0.dll
 0001:00012ef6       _localtime64               0000000180013ef6 f   ucrt:api-ms-win-crt-time-l1-1-0.dll
 0001:00012efc       _time64                    0000000180013efc f   ucrt:api-ms-win-crt-time-l1-1-0.dll
 0001:00012f02       strcmp                     0000000180013f02 f   ucrt:api-ms-win-crt-string-l1-1-0.dll
 0001:00012f08       strlen                     0000000180013f08 f   ucrt:api-ms-win-crt-string-l1-1-0.dll
 0001:00012f0e       __stdio_common_vsprintf    0000000180013f0e f   ucrt:api-ms-win-crt-stdio-l1-1-0.dll
 0001:00012f14       malloc                     0000000180013f14 f   ucrt:api-ms-win-crt-heap-l1-1-0.dll
 0001:00012f1a       _initterm                  0000000180013f1a f   ucrt:api-ms-win-crt-runtime-l1-1-0.dll
 0001:00012f20       _initterm_e                0000000180013f20 f   ucrt:api-ms-win-crt-runtime-l1-1-0.dll
 0001:00012f26       _seh_filter_dll            0000000180013f26 f   ucrt:api-ms-win-crt-runtime-l1-1-0.dll
 0001:00012f2c       _configure_narrow_argv     0000000180013f2c f   ucrt:api-ms-win-crt-runtime-l1-1-0.dll
 0001:00012f32       _initialize_narrow_environment 0000000180013f32 f   ucrt:api-ms-win-crt-runtime-l1-1-0.dll
 0001:00012f38       _initialize_onexit_table   0000000180013f38 f   ucrt:api-ms-win-crt-runtime-l1-1-0.dll
 0001:00012f3e       _register_onexit_function  0000000180013f3e f   ucrt:api-ms-win-crt-runtime-l1-1-0.dll
 0001:00012f44       _execute_onexit_table      0000000180013f44 f   ucrt:api-ms-win-crt-runtime-l1-1-0.dll
 0001:00012f4a       _crt_atexit                0000000180013f4a f   ucrt:api-ms-win-crt-runtime-l1-1-0.dll
 0001:00012f50       _crt_at_quick_exit         0000000180013f50 f   ucrt:api-ms-win-crt-runtime-l1-1-0.dll
 0001:00012f56       _cexit                     0000000180013f56 f   ucrt:api-ms-win-crt-runtime-l1-1-0.dll
 0001:00012f5c       terminate                  0000000180013f5c f   ucrt:api-ms-win-crt-runtime-l1-1-0.dll
 0001:00012f64       __acrt_initialize          0000000180013f64 f   MSVCRT:ucrt_stubs.obj
 0001:00012f64       __scrt_stub_for_acrt_initialize 0000000180013f64 f   MSVCRT:ucrt_stubs.obj
 0001:00012f64       __vcrt_initialize          0000000180013f64 f   MSVCRT:ucrt_stubs.obj
 0001:00012f68       __acrt_thread_attach       0000000180013f68 f   MSVCRT:ucrt_stubs.obj
 0001:00012f68       __scrt_stub_for_acrt_thread_attach 0000000180013f68 f   MSVCRT:ucrt_stubs.obj
 0001:00012f68       __vcrt_thread_attach       0000000180013f68 f   MSVCRT:ucrt_stubs.obj
 0001:00012f6c       __acrt_thread_detach       0000000180013f6c f   MSVCRT:ucrt_stubs.obj
 0001:00012f6c       __scrt_stub_for_acrt_thread_detach 0000000180013f6c f   MSVCRT:ucrt_stubs.obj
 0001:00012f6c       __vcrt_thread_detach       0000000180013f6c f   MSVCRT:ucrt_stubs.obj
 0001:00012f70       __acrt_uninitialize        0000000180013f70 f   MSVCRT:ucrt_stubs.obj
 0001:00012f70       __scrt_stub_for_acrt_uninitialize 0000000180013f70 f   MSVCRT:ucrt_stubs.obj
 0001:00012f70       __vcrt_uninitialize        0000000180013f70 f   MSVCRT:ucrt_stubs.obj
 0001:00012f74       __acrt_uninitialize_critical 0000000180013f74 f   MSVCRT:ucrt_stubs.obj
 0001:00012f74       __scrt_stub_for_acrt_uninitialize_critical 0000000180013f74 f   MSVCRT:ucrt_stubs.obj
 0001:00012f74       __vcrt_uninitialize_critical 0000000180013f74 f   MSVCRT:ucrt_stubs.obj
 0001:00012f78       __scrt_stub_for_is_c_termination_complete 0000000180013f78 f   MSVCRT:ucrt_stubs.obj
 0001:00012f78       _is_c_termination_complete 0000000180013f78 f   MSVCRT:ucrt_stubs.obj
 0001:00012f90       _guard_dispatch_icall_nop  0000000180013f90 f   MSVCRT:guard_dispatch.obj
 0001:00012fb0       _guard_xfg_dispatch_icall_nop 0000000180013fb0 f   MSVCRT:guard_xfg_dispatch.obj
 0002:00000000       __imp_InitializeSListHead  0000000180015000     kernel32:KERNEL32.dll
 0002:00000008       __imp_RtlLookupFunctionEntry 0000000180015008     kernel32:KERNEL32.dll
 0002:00000010       __imp_RtlVirtualUnwind     0000000180015010     kernel32:KERNEL32.dll
 0002:00000018       __imp_UnhandledExceptionFilter 0000000180015018     kernel32:KERNEL32.dll
 0002:00000020       __imp_SetUnhandledExceptionFilter 0000000180015020     kernel32:KERNEL32.dll
 0002:00000028       __imp_GetCurrentProcess    0000000180015028     kernel32:KERNEL32.dll
 0002:00000030       __imp_TerminateProcess     0000000180015030     kernel32:KERNEL32.dll
 0002:00000038       __imp_IsProcessorFeaturePresent 0000000180015038     kernel32:KERNEL32.dll
 0002:00000040       __imp_QueryPerformanceCounter 0000000180015040     kernel32:KERNEL32.dll
 0002:00000048       __imp_GetCurrentProcessId  0000000180015048     kernel32:KERNEL32.dll
 0002:00000050       __imp_GetCurrentThreadId   0000000180015050     kernel32:KERNEL32.dll
 0002:00000058       __imp_GetSystemTimeAsFileTime 0000000180015058     kernel32:KERNEL32.dll
 0002:00000060       __imp_DisableThreadLibraryCalls 0000000180015060     kernel32:KERNEL32.dll
 0002:00000068       __imp_RtlCaptureContext    0000000180015068     kernel32:KERNEL32.dll
 0002:00000070       __imp_IsDebuggerPresent    0000000180015070     kernel32:KERNEL32.dll
 0002:00000078       __imp_GetStartupInfoW      0000000180015078     kernel32:KERNEL32.dll
 0002:00000080       __imp_GetModuleHandleW     0000000180015080     kernel32:KERNEL32.dll
 0002:00000088       \177KERNEL32_NULL_THUNK_DATA 0000000180015088     kernel32:KERNEL32.dll
 0002:00000090       __imp___std_type_info_destroy_list 0000000180015090     vcruntime:VCRUNTIME140.dll
 0002:00000098       __imp_memcpy               0000000180015098     vcruntime:VCRUNTIME140.dll
 0002:000000a0       __imp___C_specific_handler 00000001800150a0     vcruntime:VCRUNTIME140.dll
 0002:000000a8       __imp_memset               00000001800150a8     vcruntime:VCRUNTIME140.dll
 0002:000000b0       __imp___current_exception  00000001800150b0     vcruntime:VCRUNTIME140.dll
 0002:000000b8       __imp___current_exception_context 00000001800150b8     vcruntime:VCRUNTIME140.dll
 0002:000000c0       \177VCRUNTIME140_NULL_THUNK_DATA 00000001800150c0     vcruntime:VCRUNTIME140.dll
 0002:000000c8       __imp_malloc               00000001800150c8     ucrt:api-ms-win-crt-heap-l1-1-0.dll
 0002:000000d0       __imp_calloc               00000001800150d0     ucrt:api-ms-win-crt-heap-l1-1-0.dll
 0002:000000d8       __imp_free                 00000001800150d8     ucrt:api-ms-win-crt-heap-l1-1-0.dll
 0002:000000e0       \177api-ms-win-crt-heap-l1-1-0_NULL_THUNK_DATA 00000001800150e0     ucrt:api-ms-win-crt-heap-l1-1-0.dll
 0002:000000e8       __imp__cexit               00000001800150e8     ucrt:api-ms-win-crt-runtime-l1-1-0.dll
 0002:000000f0       __imp_terminate            00000001800150f0     ucrt:api-ms-win-crt-runtime-l1-1-0.dll
 0002:000000f8       __imp__crt_at_quick_exit   00000001800150f8     ucrt:api-ms-win-crt-runtime-l1-1-0.dll
 0002:00000100       __imp__crt_atexit          0000000180015100     ucrt:api-ms-win-crt-runtime-l1-1-0.dll
 0002:00000108       __imp__initterm            0000000180015108     ucrt:api-ms-win-crt-runtime-l1-1-0.dll
 0002:00000110       __imp__initterm_e          0000000180015110     ucrt:api-ms-win-crt-runtime-l1-1-0.dll
 0002:00000118       __imp__seh_filter_dll      0000000180015118     ucrt:api-ms-win-crt-runtime-l1-1-0.dll
 0002:00000120       __imp__configure_narrow_argv 0000000180015120     ucrt:api-ms-win-crt-runtime-l1-1-0.dll
 0002:00000128       __imp__initialize_narrow_environment 0000000180015128     ucrt:api-ms-win-crt-runtime-l1-1-0.dll
 0002:00000130       __imp__initialize_onexit_table 0000000180015130     ucrt:api-ms-win-crt-runtime-l1-1-0.dll
 0002:00000138       __imp__execute_onexit_table 0000000180015138     ucrt:api-ms-win-crt-runtime-l1-1-0.dll
 0002:00000140       __imp__register_onexit_function 0000000180015140     ucrt:api-ms-win-crt-runtime-l1-1-0.dll
 0002:00000148       \177api-ms-win-crt-runtime-l1-1-0_NULL_THUNK_DATA 0000000180015148     ucrt:api-ms-win-crt-runtime-l1-1-0.dll
 0002:00000150       __imp___stdio_common_vsprintf 0000000180015150     ucrt:api-ms-win-crt-stdio-l1-1-0.dll
 0002:00000158       \177api-ms-win-crt-stdio-l1-1-0_NULL_THUNK_DATA 0000000180015158     ucrt:api-ms-win-crt-stdio-l1-1-0.dll
 0002:00000160       __imp_strcmp               0000000180015160     ucrt:api-ms-win-crt-string-l1-1-0.dll
 0002:00000168       __imp_strlen               0000000180015168     ucrt:api-ms-win-crt-string-l1-1-0.dll
 0002:00000170       \177api-ms-win-crt-string-l1-1-0_NULL_THUNK_DATA 0000000180015170     ucrt:api-ms-win-crt-string-l1-1-0.dll
 0002:00000178       __imp__localtime64         0000000180015178     ucrt:api-ms-win-crt-time-l1-1-0.dll
 0002:00000180       __imp__time64              0000000180015180     ucrt:api-ms-win-crt-time-l1-1-0.dll
 0002:00000188       \177api-ms-win-crt-time-l1-1-0_NULL_THUNK_DATA 0000000180015188     ucrt:api-ms-win-crt-time-l1-1-0.dll
 0002:00000190       __imp_emlrtCreateNumericArray 0000000180015190     libemlrt:libemlrt.dll
 0002:00000198       __imp_emlrtCreateDoubleScalar 0000000180015198     libemlrt:libemlrt.dll
 0002:000001a0       __imp_emlrtCreateLogicalScalar 00000001800151a0     libemlrt:libemlrt.dll
 0002:000001a8       __imp_emlrtCreateCharArray 00000001800151a8     libemlrt:libemlrt.dll
 0002:000001b0       __imp_emlrtDestroyArray    00000001800151b0     libemlrt:libemlrt.dll
 0002:000001b8       __imp_emlrtCallMATLABR2012b 00000001800151b8     libemlrt:libemlrt.dll
 0002:000001c0       __imp_emlrtCreateNumericMatrix 00000001800151c0     libemlrt:libemlrt.dll
 0002:000001c8       __imp_emlrtCheckBuiltInR2012b 00000001800151c8     libemlrt:libemlrt.dll
 0002:000001d0       __imp_emlrtCheckStructR2012b 00000001800151d0     libemlrt:libemlrt.dll
 0002:000001d8       __imp_emlrtMxGetData       00000001800151d8     libemlrt:libemlrt.dll
 0002:000001e0       __imp_emlrtMxGetLogicals   00000001800151e0     libemlrt:libemlrt.dll
 0002:000001e8       __imp_emlrtLicenseCheckR2022a 00000001800151e8     libemlrt:libemlrt.dll
 0002:000001f0       __imp_emlrtAlias           00000001800151f0     libemlrt:libemlrt.dll
 0002:000001f8       __imp_emlrtGetCell         00000001800151f8     libemlrt:libemlrt.dll
 0002:00000200       __imp_emlrtCreateCellMatrix 0000000180015200     libemlrt:libemlrt.dll
 0002:00000208       __imp_emlrtSetFieldR2017b  0000000180015208     libemlrt:libemlrt.dll
 0002:00000210       __imp_emlrtAssign          0000000180015210     libemlrt:libemlrt.dll
 0002:00000218       __imp_emlrtCreateStructArray 0000000180015218     libemlrt:libemlrt.dll
 0002:00000220       __imp_emlrtSetCell         0000000180015220     libemlrt:libemlrt.dll
 0002:00000228       __imp_emlrtInitCharArrayR2013a 0000000180015228     libemlrt:libemlrt.dll
 0002:00000230       __imp_emlrtCreateStructMatrix 0000000180015230     libemlrt:libemlrt.dll
 0002:00000238       __imp_emlrtGetFieldR2017b  0000000180015238     libemlrt:libemlrt.dll
 0002:00000240       \177libemlrt_NULL_THUNK_DATA 0000000180015240     libemlrt:libemlrt.dll
 0002:00000248       __imp_mexCallMATLAB_800    0000000180015248     libmex:libmex.dll
 0002:00000250       __imp_mexPrintf_800        0000000180015250     libmex:libmex.dll
 0002:00000258       __imp_mexWarnMsgTxt_800    0000000180015258     libmex:libmex.dll
 0002:00000260       __imp_mexIsLocked_800      0000000180015260     libmex:libmex.dll
 0002:00000268       __imp_mexUnlock_800        0000000180015268     libmex:libmex.dll
 0002:00000270       \177libmex_NULL_THUNK_DATA 0000000180015270     libmex:libmex.dll
 0002:00000278       __imp_cgxertGetOutputPortSignal 0000000180015278     libmwcgxert:libmwcgxert.dll
 0002:00000280       __imp_cgxertGetRunTimeParamInfoData 0000000180015280     libmwcgxert:libmwcgxert.dll
 0002:00000288       __imp_cgxertGetRuntimeInstance 0000000180015288     libmwcgxert:libmwcgxert.dll
 0002:00000290       __imp_cgxertSetRuntimeInstance 0000000180015290     libmwcgxert:libmwcgxert.dll
 0002:00000298       __imp_cgxertGetEMLRTCtx    0000000180015298     libmwcgxert:libmwcgxert.dll
 0002:000002a0       __imp_cgxertSetGcb         00000001800152a0     libmwcgxert:libmwcgxert.dll
 0002:000002a8       __imp_cgxertRestoreGcb     00000001800152a8     libmwcgxert:libmwcgxert.dll
 0002:000002b0       __imp_cgxertGetInputPortSignal 00000001800152b0     libmwcgxert:libmwcgxert.dll
 0002:000002b8       \177libmwcgxert_NULL_THUNK_DATA 00000001800152b8     libmwcgxert:libmwcgxert.dll
 0002:000002c0       __imp_muDoubleScalarLog    00000001800152c0     libmwmathutil:libmwmathutil.dll
 0002:000002c8       __imp_muDoubleScalarExp    00000001800152c8     libmwmathutil:libmwmathutil.dll
 0002:000002d0       __imp_muDoubleScalarRound  00000001800152d0     libmwmathutil:libmwmathutil.dll
 0002:000002d8       __imp_muDoubleScalarFloor  00000001800152d8     libmwmathutil:libmwmathutil.dll
 0002:000002e0       __imp_muDoubleScalarCeil   00000001800152e0     libmwmathutil:libmwmathutil.dll
 0002:000002e8       __imp_muDoubleScalarAbs    00000001800152e8     libmwmathutil:libmwmathutil.dll
 0002:000002f0       __imp_muDoubleScalarPower  00000001800152f0     libmwmathutil:libmwmathutil.dll
 0002:000002f8       __imp_muDoubleScalarSqrt   00000001800152f8     libmwmathutil:libmwmathutil.dll
 0002:00000300       __imp_muDoubleScalarRem    0000000180015300     libmwmathutil:libmwmathutil.dll
 0002:00000308       __imp_muDoubleScalarIsNaN  0000000180015308     libmwmathutil:libmwmathutil.dll
 0002:00000310       __imp_muDoubleScalarIsInf  0000000180015310     libmwmathutil:libmwmathutil.dll
 0002:00000318       \177libmwmathutil_NULL_THUNK_DATA 0000000180015318     libmwmathutil:libmwmathutil.dll
 0002:00000320       __imp_mxSetCell_800        0000000180015320     libmx:libmx.dll
 0002:00000328       __imp_mxGetString_800      0000000180015328     libmx:libmx.dll
 0002:00000330       __imp_mxCreateDoubleScalar_800 0000000180015330     libmx:libmx.dll
 0002:00000338       __imp_mxCreateNumericMatrix_800 0000000180015338     libmx:libmx.dll
 0002:00000340       __imp_mxSetField_800       0000000180015340     libmx:libmx.dll
 0002:00000348       __imp_mxGetN_800           0000000180015348     libmx:libmx.dll
 0002:00000350       __imp_mxIsComplex_800      0000000180015350     libmx:libmx.dll
 0002:00000358       __imp_mxIsChar_800         0000000180015358     libmx:libmx.dll
 0002:00000360       __imp_mxIsNumeric_800      0000000180015360     libmx:libmx.dll
 0002:00000368       __imp_mxGetData_800        0000000180015368     libmx:libmx.dll
 0002:00000370       __imp_mxGetClassID_800     0000000180015370     libmx:libmx.dll
 0002:00000378       __imp_mxGetM_800           0000000180015378     libmx:libmx.dll
 0002:00000380       __imp_mxCalloc_800         0000000180015380     libmx:libmx.dll
 0002:00000388       __imp_mxGetNaN_800         0000000180015388     libmx:libmx.dll
 0002:00000390       __imp_mxCreateStructMatrix_800 0000000180015390     libmx:libmx.dll
 0002:00000398       __imp_mxCreateCellMatrix_800 0000000180015398     libmx:libmx.dll
 0002:000003a0       __imp_mxCreateString_800   00000001800153a0     libmx:libmx.dll
 0002:000003a8       __imp_mxCreateDoubleMatrix_800 00000001800153a8     libmx:libmx.dll
 0002:000003b0       __imp_mxSetFieldByNumber_800 00000001800153b0     libmx:libmx.dll
 0002:000003b8       __imp_mxGetPr_800          00000001800153b8     libmx:libmx.dll
 0002:000003c0       \177libmx_NULL_THUNK_DATA  00000001800153c0     libmx:libmx.dll
 0002:000003c8       __guard_check_icall_fptr   00000001800153c8     MSVCRT:guard_support.obj
 0002:000003d0       __guard_xfg_check_icall_fptr 00000001800153d0     MSVCRT:guard_support.obj
 0002:000003d8       __guard_dispatch_icall_fptr 00000001800153d8     MSVCRT:guard_support.obj
 0002:000003e0       __guard_xfg_dispatch_icall_fptr 00000001800153e0     MSVCRT:guard_support.obj
 0002:000003e8       __guard_xfg_table_dispatch_icall_fptr 00000001800153e8     MSVCRT:guard_support.obj
 0002:000003f0       __castguard_check_failure_os_handled_fptr 00000001800153f0     MSVCRT:guard_support.obj
 0002:000003f8       __guard_memcpy_fptr        00000001800153f8     vcruntime:softmemtag.obj
 0002:00000400       __xc_a                     0000000180015400     MSVCRT:initializers.obj
 0002:00000408       __xc_z                     0000000180015408     MSVCRT:initializers.obj
 0002:00000410       __xi_a                     0000000180015410     MSVCRT:initializers.obj
 0002:00000418       __xi_z                     0000000180015418     MSVCRT:initializers.obj
 0002:00000420       __xp_a                     0000000180015420     MSVCRT:initializers.obj
 0002:00000428       __xp_z                     0000000180015428     MSVCRT:initializers.obj
 0002:00000430       __xt_a                     0000000180015430     MSVCRT:initializers.obj
 0002:00000438       __xt_z                     0000000180015438     MSVCRT:initializers.obj
 0002:000005f0       __real@0000000000000000    00000001800155f0     m_m25svM7vlbcpvjdO12kRn.obj
 0002:000005f8       __real@3ca0000000000000    00000001800155f8     m_m25svM7vlbcpvjdO12kRn.obj
 0002:00000600       __real@3cb0000000000000    0000000180015600     m_m25svM7vlbcpvjdO12kRn.obj
 0002:00000608       __real@3defffffffffffff    0000000180015608     m_m25svM7vlbcpvjdO12kRn.obj
 0002:00000610       __real@3e00000000000000    0000000180015610     m_m25svM7vlbcpvjdO12kRn.obj
 0002:00000618       __real@3e00000000200000    0000000180015618     m_m25svM7vlbcpvjdO12kRn.obj
 0002:00000620       __real@3f940d92e5a05850    0000000180015620     m_m25svM7vlbcpvjdO12kRn.obj
 0002:00000628       __real@3fd183aa6c20e8bc    0000000180015628     m_m25svM7vlbcpvjdO12kRn.obj
 0002:00000630       __real@3fdf39bd90efa6ec    0000000180015630     m_m25svM7vlbcpvjdO12kRn.obj
 0002:00000638       __real@3fe0000000000000    0000000180015638     m_m25svM7vlbcpvjdO12kRn.obj
 0002:00000640       __real@3fef01751555d29a    0000000180015640     m_m25svM7vlbcpvjdO12kRn.obj
 0002:00000648       __real@3ff0000000000000    0000000180015648     m_m25svM7vlbcpvjdO12kRn.obj
 0002:00000650       __real@3ff4d1b4fe79ee03    0000000180015650     m_m25svM7vlbcpvjdO12kRn.obj
 0002:00000658       __real@3ff6a09e667f3bcd    0000000180015658     m_m25svM7vlbcpvjdO12kRn.obj
 0002:00000660       __real@4000000000000000    0000000180015660     m_m25svM7vlbcpvjdO12kRn.obj
 0002:00000668       __real@40063748a159817c    0000000180015668     m_m25svM7vlbcpvjdO12kRn.obj
 0002:00000670       __real@400d3bb48209ad36    0000000180015670     m_m25svM7vlbcpvjdO12kRn.obj
 0002:00000678       __real@4010000000000000    0000000180015678     m_m25svM7vlbcpvjdO12kRn.obj
 0002:00000680       __real@4024000000000000    0000000180015680     m_m25svM7vlbcpvjdO12kRn.obj
 0002:00000688       __real@4028c070b8cfbfc6    0000000180015688     m_m25svM7vlbcpvjdO12kRn.obj
 0002:00000690       __real@40295aa79bbadc0a    0000000180015690     m_m25svM7vlbcpvjdO12kRn.obj
 0002:00000698       __real@404e000000000000    0000000180015698     m_m25svM7vlbcpvjdO12kRn.obj
 0002:000006a0       __real@4050c00000000000    00000001800156a0     m_m25svM7vlbcpvjdO12kRn.obj
 0002:000006a8       __real@4059000000000000    00000001800156a8     m_m25svM7vlbcpvjdO12kRn.obj
 0002:000006b0       __real@4076d00000000000    00000001800156b0     m_m25svM7vlbcpvjdO12kRn.obj
 0002:000006b8       __real@4079000000000000    00000001800156b8     m_m25svM7vlbcpvjdO12kRn.obj
 0002:000006c0       __real@40ac200000000000    00000001800156c0     m_m25svM7vlbcpvjdO12kRn.obj
 0002:000006c8       __real@40f5180000000000    00000001800156c8     m_m25svM7vlbcpvjdO12kRn.obj
 0002:000006d0       __real@41607ac000000000    00000001800156d0     m_m25svM7vlbcpvjdO12kRn.obj
 0002:000006d8       __real@4170000000000000    00000001800156d8     m_m25svM7vlbcpvjdO12kRn.obj
 0002:000006e0       __real@4190000000000000    00000001800156e0     m_m25svM7vlbcpvjdO12kRn.obj
 0002:000006e8       __real@41dfffffffc00000    00000001800156e8     m_m25svM7vlbcpvjdO12kRn.obj
 0002:000006f0       __real@41f0000000000000    00000001800156f0     m_m25svM7vlbcpvjdO12kRn.obj
 0002:000006f8       __real@bfe0000000000000    00000001800156f8     m_m25svM7vlbcpvjdO12kRn.obj
 0002:00000700       __real@c000000000000000    0000000180015700     m_m25svM7vlbcpvjdO12kRn.obj
 0002:00000710       __xmm@80000000000000008000000000000000 0000000180015710     m_m25svM7vlbcpvjdO12kRn.obj
 0002:00000720       DYNAMIC_DIMENSION_DEF      0000000180015720     QAMV2_cgxe_registry.obj
 0002:00000738       __real@41602cbca0000000    0000000180015738     QAMV2_cgxe_registry.obj
 0002:00000740       __real@419e483038000000    0000000180015740     QAMV2_cgxe_registry.obj
 0002:00000748       __real@41a6827fe0000000    0000000180015748     QAMV2_cgxe_registry.obj
 0002:00000750       __real@41d80b11b4000000    0000000180015750     QAMV2_cgxe_registry.obj
 0002:00000758       __real@41dc67f553c00000    0000000180015758     QAMV2_cgxe_registry.obj
 0002:00000760       __real@41de14ec94800000    0000000180015760     QAMV2_cgxe_registry.obj
 0002:00000768       __real@41e13401bfc00000    0000000180015768     QAMV2_cgxe_registry.obj
 0002:00000770       __real@41e2069ed9a00000    0000000180015770     QAMV2_cgxe_registry.obj
 0002:00000778       __real@41e337f401400000    0000000180015778     QAMV2_cgxe_registry.obj
 0002:00000780       __real@41e4099e8c200000    0000000180015780     QAMV2_cgxe_registry.obj
 0002:00000788       __real@41e50b7ad0000000    0000000180015788     QAMV2_cgxe_registry.obj
 0002:00000790       __real@41e5125492200000    0000000180015790     QAMV2_cgxe_registry.obj
 0002:00000798       __real@41e5b0b712600000    0000000180015798     QAMV2_cgxe_registry.obj
 0002:000007a0       __real@41e5c79898400000    00000001800157a0     QAMV2_cgxe_registry.obj
 0002:000007a8       __real@41e6078c8f200000    00000001800157a8     QAMV2_cgxe_registry.obj
 0002:000007b0       __real@41e7f7b4f9400000    00000001800157b0     QAMV2_cgxe_registry.obj
 0002:000007b8       __real@41ecfb61fc800000    00000001800157b8     QAMV2_cgxe_registry.obj
 0002:000007c0       __real@bff0000000000000    00000001800157c0     QAMV2_cgxe_registry.obj
 0002:000007d8       _pDefaultRawDllMain        00000001800157d8     MSVCRT:dll_dllmain.obj
 0002:000007d8       _pRawDllMain               00000001800157d8     MSVCRT:dll_dllmain.obj
 0002:000007e0       __xmm@ffffffffffffffffffffffffffffffff 00000001800157e0     MSVCRT:utility.obj
 0002:000007f0       _load_config_used          00000001800157f0     MSVCRT:loadcfg.obj
 0002:00000980       __CastGuardVftablesStart   0000000180015980     MSVCRT:guard_support.obj
 0002:00000a00       __CastGuardVftablesEnd     0000000180015a00     MSVCRT:guard_support.obj
 0002:00000a80       __volatile_metadata        0000000180015a80     <linker-defined>
 0002:00000e90       __rtc_iaa                  0000000180015e90     MSVCRT:initsect.obj
 0002:00000e98       __rtc_izz                  0000000180015e98     MSVCRT:initsect.obj
 0002:00000ea0       __rtc_taa                  0000000180015ea0     MSVCRT:initsect.obj
 0002:00000ea8       __rtc_tzz                  0000000180015ea8     MSVCRT:initsect.obj
 0002:000018e4       __IMPORT_DESCRIPTOR_libmx  00000001800168e4     libmx:libmx.dll
 0002:000018f8       __IMPORT_DESCRIPTOR_libmex 00000001800168f8     libmex:libmex.dll
 0002:0000190c       __IMPORT_DESCRIPTOR_libmwmathutil 000000018001690c     libmwmathutil:libmwmathutil.dll
 0002:00001920       __IMPORT_DESCRIPTOR_libemlrt 0000000180016920     libemlrt:libemlrt.dll
 0002:00001934       __IMPORT_DESCRIPTOR_libmwcgxert 0000000180016934     libmwcgxert:libmwcgxert.dll
 0002:00001948       __IMPORT_DESCRIPTOR_KERNEL32 0000000180016948     kernel32:KERNEL32.dll
 0002:0000195c       __IMPORT_DESCRIPTOR_VCRUNTIME140 000000018001695c     vcruntime:VCRUNTIME140.dll
 0002:00001970       __IMPORT_DESCRIPTOR_api-ms-win-crt-heap-l1-1-0 0000000180016970     ucrt:api-ms-win-crt-heap-l1-1-0.dll
 0002:00001984       __IMPORT_DESCRIPTOR_api-ms-win-crt-time-l1-1-0 0000000180016984     ucrt:api-ms-win-crt-time-l1-1-0.dll
 0002:00001998       __IMPORT_DESCRIPTOR_api-ms-win-crt-string-l1-1-0 0000000180016998     ucrt:api-ms-win-crt-string-l1-1-0.dll
 0002:000019ac       __IMPORT_DESCRIPTOR_api-ms-win-crt-stdio-l1-1-0 00000001800169ac     ucrt:api-ms-win-crt-stdio-l1-1-0.dll
 0002:000019c0       __IMPORT_DESCRIPTOR_api-ms-win-crt-runtime-l1-1-0 00000001800169c0     ucrt:api-ms-win-crt-runtime-l1-1-0.dll
 0002:000019d4       __NULL_IMPORT_DESCRIPTOR   00000001800169d4     libmx:libmx.dll
 0003:00004760       DYNAMIC_DIMENSION          000000018001c760     QAMV2_cgxe_registry.obj
 0003:00006a40       __security_cookie          000000018001ea40     MSVCRT:gs_cookie.obj
 0003:00006a80       __security_cookie_complement 000000018001ea80     MSVCRT:gs_cookie.obj
 0003:00006a88       _fltused                   000000018001ea88     MSVCRT:fltused.obj
 0003:00006a8c       __scrt_native_dllmain_reason 000000018001ea8c     MSVCRT:utility.obj
 0003:00006a90       __isa_inverted             000000018001ea90     MSVCRT:cpu_disp.obj
 0003:00006a98       __isa_available            000000018001ea98     MSVCRT:cpu_disp.obj
 0003:00006a9c       __isa_enabled              000000018001ea9c     MSVCRT:cpu_disp.obj
 0003:00006aa0       __memset_fast_string_threshold 000000018001eaa0     MSVCRT:cpu_disp.obj
 0003:00006aa8       __memset_nt_threshold      000000018001eaa8     MSVCRT:cpu_disp.obj
 0003:00006ab0       __scrt_ucrt_dll_is_in_use  000000018001eab0     MSVCRT:ucrt_stubs.obj
 0003:00007060       ?__type_info_root_node@@3U__type_info_node@@A 000000018001f060     MSVCRT:tncleanup.obj
 0003:00007070       ?_OptionsStorage@?1??__local_stdio_printf_options@@9@4_KA 000000018001f070     MSVCRT:default_local_stdio_options.obj
 0003:00007078       ?_OptionsStorage@?1??__local_stdio_scanf_options@@9@4_KA 000000018001f078     MSVCRT:default_local_stdio_options.obj
 0003:00007080       __scrt_current_native_startup_state 000000018001f080     MSVCRT:utility.obj
 0003:00007088       __scrt_native_startup_lock 000000018001f088     MSVCRT:utility.obj
 0003:000070c8       __scrt_debugger_hook_flag  000000018001f0c8     MSVCRT:utility_desktop.obj
 0003:000070d0       __castguard_check_failure_user_handled_fptr 000000018001f0d0     MSVCRT:guard_support.obj
 0003:000070d8       __avx10_version            000000018001f0d8     MSVCRT:cpu_disp.obj
 0003:000070dc       __favor                    000000018001f0dc     MSVCRT:cpu_disp.obj
 0003:000070e0       ?_OptionsStorage@?1??__local_stdio_printf_options@@9@9 000000018001f0e0     <common>
 0003:000070e8       __dyn_tls_init_callback    000000018001f0e8     <common>

 entry point at        0001:00012044

 Static symbols

 0000:00000000       .debug$S                   0000000180000000     QAMV2_cgxe.exp
 0000:00000000       _volmd                     0000000180000000     QAMV2_cgxe_registry.obj
 0000:00000000       _volmd                     0000000180000000     m_m25svM7vlbcpvjdO12kRn.obj
 0000:00000000       .debug$S                   0000000180000000     ucrt:api-ms-win-crt-heap-l1-1-0.dll
 0000:00000000       .debug$S                   0000000180000000     ucrt:api-ms-win-crt-heap-l1-1-0.dll
 0000:00000000       .debug$S                   0000000180000000     ucrt:api-ms-win-crt-heap-l1-1-0.dll
 0000:00000000       .debug$S                   0000000180000000     ucrt:api-ms-win-crt-runtime-l1-1-0.dll
 0000:00000000       .debug$S                   0000000180000000     ucrt:api-ms-win-crt-runtime-l1-1-0.dll
 0000:00000000       .debug$S                   0000000180000000     ucrt:api-ms-win-crt-runtime-l1-1-0.dll
 0000:00000000       .debug$S                   0000000180000000     ucrt:api-ms-win-crt-runtime-l1-1-0.dll
 0000:00000000       .debug$S                   0000000180000000     ucrt:api-ms-win-crt-runtime-l1-1-0.dll
 0000:00000000       .debug$S                   0000000180000000     ucrt:api-ms-win-crt-runtime-l1-1-0.dll
 0000:00000000       .debug$S                   0000000180000000     ucrt:api-ms-win-crt-runtime-l1-1-0.dll
 0000:00000000       .debug$S                   0000000180000000     ucrt:api-ms-win-crt-runtime-l1-1-0.dll
 0000:00000000       .debug$S                   0000000180000000     ucrt:api-ms-win-crt-runtime-l1-1-0.dll
 0000:00000000       .debug$S                   0000000180000000     ucrt:api-ms-win-crt-runtime-l1-1-0.dll
 0000:00000000       .debug$S                   0000000180000000     ucrt:api-ms-win-crt-runtime-l1-1-0.dll
 0000:00000000       .debug$S                   0000000180000000     ucrt:api-ms-win-crt-runtime-l1-1-0.dll
 0000:00000000       .debug$S                   0000000180000000     ucrt:api-ms-win-crt-stdio-l1-1-0.dll
 0000:00000000       .debug$S                   0000000180000000     ucrt:api-ms-win-crt-string-l1-1-0.dll
 0000:00000000       .debug$S                   0000000180000000     ucrt:api-ms-win-crt-string-l1-1-0.dll
 0000:00000000       .debug$S                   0000000180000000     ucrt:api-ms-win-crt-time-l1-1-0.dll
 0000:00000000       .debug$S                   0000000180000000     ucrt:api-ms-win-crt-time-l1-1-0.dll
 0000:00000000       .debug$S                   0000000180000000     kernel32:KERNEL32.dll
 0000:00000000       .debug$S                   0000000180000000     kernel32:KERNEL32.dll
 0000:00000000       .debug$S                   0000000180000000     kernel32:KERNEL32.dll
 0000:00000000       .debug$S                   0000000180000000     kernel32:KERNEL32.dll
 0000:00000000       .debug$S                   0000000180000000     kernel32:KERNEL32.dll
 0000:00000000       .debug$S                   0000000180000000     kernel32:KERNEL32.dll
 0000:00000000       .debug$S                   0000000180000000     kernel32:KERNEL32.dll
 0000:00000000       .debug$S                   0000000180000000     kernel32:KERNEL32.dll
 0000:00000000       .debug$S                   0000000180000000     kernel32:KERNEL32.dll
 0000:00000000       .debug$S                   0000000180000000     kernel32:KERNEL32.dll
 0000:00000000       .debug$S                   0000000180000000     kernel32:KERNEL32.dll
 0000:00000000       .debug$S                   0000000180000000     kernel32:KERNEL32.dll
 0000:00000000       .debug$S                   0000000180000000     kernel32:KERNEL32.dll
 0000:00000000       .debug$S                   0000000180000000     kernel32:KERNEL32.dll
 0000:00000000       .debug$S                   0000000180000000     kernel32:KERNEL32.dll
 0000:00000000       .debug$S                   0000000180000000     kernel32:KERNEL32.dll
 0000:00000000       .debug$S                   0000000180000000     kernel32:KERNEL32.dll
 0000:00000000       .debug$S                   0000000180000000     libemlrt:libemlrt.dll
 0000:00000000       .debug$S                   0000000180000000     libemlrt:libemlrt.dll
 0000:00000000       .debug$S                   0000000180000000     libemlrt:libemlrt.dll
 0000:00000000       .debug$S                   0000000180000000     libemlrt:libemlrt.dll
 0000:00000000       .debug$S                   0000000180000000     libemlrt:libemlrt.dll
 0000:00000000       .debug$S                   0000000180000000     libemlrt:libemlrt.dll
 0000:00000000       .debug$S                   0000000180000000     libemlrt:libemlrt.dll
 0000:00000000       .debug$S                   0000000180000000     libemlrt:libemlrt.dll
 0000:00000000       .debug$S                   0000000180000000     libemlrt:libemlrt.dll
 0000:00000000       .debug$S                   0000000180000000     libemlrt:libemlrt.dll
 0000:00000000       .debug$S                   0000000180000000     libemlrt:libemlrt.dll
 0000:00000000       .debug$S                   0000000180000000     libemlrt:libemlrt.dll
 0000:00000000       .debug$S                   0000000180000000     libemlrt:libemlrt.dll
 0000:00000000       .debug$S                   0000000180000000     libemlrt:libemlrt.dll
 0000:00000000       .debug$S                   0000000180000000     libemlrt:libemlrt.dll
 0000:00000000       .debug$S                   0000000180000000     libemlrt:libemlrt.dll
 0000:00000000       .debug$S                   0000000180000000     libemlrt:libemlrt.dll
 0000:00000000       .debug$S                   0000000180000000     libemlrt:libemlrt.dll
 0000:00000000       .debug$S                   0000000180000000     libemlrt:libemlrt.dll
 0000:00000000       .debug$S                   0000000180000000     libemlrt:libemlrt.dll
 0000:00000000       .debug$S                   0000000180000000     libemlrt:libemlrt.dll
 0000:00000000       .debug$S                   0000000180000000     libemlrt:libemlrt.dll
 0000:00000000       .debug$S                   0000000180000000     libmex:libmex.dll
 0000:00000000       .debug$S                   0000000180000000     libmex:libmex.dll
 0000:00000000       .debug$S                   0000000180000000     libmex:libmex.dll
 0000:00000000       .debug$S                   0000000180000000     libmex:libmex.dll
 0000:00000000       .debug$S                   0000000180000000     libmex:libmex.dll
 0000:00000000       .debug$S                   0000000180000000     libmwcgxert:libmwcgxert.dll
 0000:00000000       .debug$S                   0000000180000000     libmwcgxert:libmwcgxert.dll
 0000:00000000       .debug$S                   0000000180000000     libmwcgxert:libmwcgxert.dll
 0000:00000000       .debug$S                   0000000180000000     libmwcgxert:libmwcgxert.dll
 0000:00000000       .debug$S                   0000000180000000     libmwcgxert:libmwcgxert.dll
 0000:00000000       .debug$S                   0000000180000000     libmwcgxert:libmwcgxert.dll
 0000:00000000       .debug$S                   0000000180000000     libmwcgxert:libmwcgxert.dll
 0000:00000000       .debug$S                   0000000180000000     libmwcgxert:libmwcgxert.dll
 0000:00000000       .debug$S                   0000000180000000     libmwmathutil:libmwmathutil.dll
 0000:00000000       .debug$S                   0000000180000000     libmwmathutil:libmwmathutil.dll
 0000:00000000       .debug$S                   0000000180000000     libmwmathutil:libmwmathutil.dll
 0000:00000000       .debug$S                   0000000180000000     libmwmathutil:libmwmathutil.dll
 0000:00000000       .debug$S                   0000000180000000     libmwmathutil:libmwmathutil.dll
 0000:00000000       .debug$S                   0000000180000000     libmwmathutil:libmwmathutil.dll
 0000:00000000       .debug$S                   0000000180000000     libmwmathutil:libmwmathutil.dll
 0000:00000000       .debug$S                   0000000180000000     libmwmathutil:libmwmathutil.dll
 0000:00000000       .debug$S                   0000000180000000     libmwmathutil:libmwmathutil.dll
 0000:00000000       .debug$S                   0000000180000000     libmwmathutil:libmwmathutil.dll
 0000:00000000       .debug$S                   0000000180000000     libmwmathutil:libmwmathutil.dll
 0000:00000000       .debug$S                   0000000180000000     libmx:libmx.dll
 0000:00000000       .debug$S                   0000000180000000     libmx:libmx.dll
 0000:00000000       .debug$S                   0000000180000000     libmx:libmx.dll
 0000:00000000       .debug$S                   0000000180000000     libmx:libmx.dll
 0000:00000000       .debug$S                   0000000180000000     libmx:libmx.dll
 0000:00000000       .debug$S                   0000000180000000     libmx:libmx.dll
 0000:00000000       .debug$S                   0000000180000000     libmx:libmx.dll
 0000:00000000       .debug$S                   0000000180000000     libmx:libmx.dll
 0000:00000000       .debug$S                   0000000180000000     libmx:libmx.dll
 0000:00000000       .debug$S                   0000000180000000     libmx:libmx.dll
 0000:00000000       .debug$S                   0000000180000000     libmx:libmx.dll
 0000:00000000       .debug$S                   0000000180000000     libmx:libmx.dll
 0000:00000000       .debug$S                   0000000180000000     libmx:libmx.dll
 0000:00000000       .debug$S                   0000000180000000     libmx:libmx.dll
 0000:00000000       .debug$S                   0000000180000000     libmx:libmx.dll
 0000:00000000       .debug$S                   0000000180000000     libmx:libmx.dll
 0000:00000000       .debug$S                   0000000180000000     libmx:libmx.dll
 0000:00000000       .debug$S                   0000000180000000     libmx:libmx.dll
 0000:00000000       .debug$S                   0000000180000000     libmx:libmx.dll
 0000:00000000       .debug$S                   0000000180000000     libmx:libmx.dll
 0000:00000000       _volmd                     0000000180000000     MSVCRT:cpu_disp.obj
 0002:fffeb000       __guard_ehcont_?dllmain_dispatch@@YAHQEAUHINSTANCE__@@KQEAX@Z 0000000180000000     MSVCRT:dll_dllmain.obj
 0002:fffeb000       __guard_fids_?dllmain_dispatch@@YAHQEAUHINSTANCE__@@KQEAX@Z 0000000180000000     MSVCRT:dll_dllmain.obj
 0000:00000000       _volmd                     0000000180000000     MSVCRT:gs_report.obj
 0000:00000000       _volmd                     0000000180000000     MSVCRT:gs_report.obj
 0000:00000000       _volmd                     0000000180000000     MSVCRT:gs_report.obj
 0002:fffeb000       __guard_fids__             0000000180000000     MSVCRT:guard_support.obj
 0002:fffeb000       __guard_fids__             0000000180000000     MSVCRT:guard_support.obj
 0002:fffeb000       __guard_fids__guard_icall_checks_enforced 0000000180000000     MSVCRT:guard_support.obj
 0000:00000000       _volmd                     0000000180000000     MSVCRT:guard_support.obj
 0000:00000000       _volmd                     0000000180000000     MSVCRT:guard_support.obj
 0000:00000000       _volmd                     0000000180000000     MSVCRT:guard_support.obj
 0000:00000000       _volmd                     0000000180000000     MSVCRT:guard_support.obj
 0000:00000000       _volmd                     0000000180000000     MSVCRT:guard_support.obj
 0000:00000000       _volmd                     0000000180000000     MSVCRT:guard_support.obj
 0000:00000000       _volmd                     0000000180000000     MSVCRT:guard_support.obj
 0000:00000000       _volmd                     0000000180000000     MSVCRT:guard_support.obj
 0000:00000000       _volmd                     0000000180000000     MSVCRT:guard_support.obj
 0000:00000000       _volmd                     0000000180000000     MSVCRT:guard_support.obj
 0002:fffeb000       __guard_ehcont___scrt_is_nonwritable_in_current_image 0000000180000000     MSVCRT:utility.obj
 0000:00000000       _volmd                     0000000180000000     MSVCRT:utility.obj
 0000:00000000       _volmd                     0000000180000000     MSVCRT:utility.obj
 0000:00000000       _volmd                     0000000180000000     MSVCRT:utility.obj
 0002:fffeb000       __guard_fids___scrt_set_unhandled_exception_filter 0000000180000000     MSVCRT:utility_desktop.obj
 0000:00000000       _volmd                     0000000180000000     MSVCRT:utility_desktop.obj
 0002:fffeb000       __guard_fids__             0000000180000000     vcruntime:softmemtag.obj
 0000:00000000       .debug$S                   0000000180000000     vcruntime:VCRUNTIME140.dll
 0000:00000000       .debug$S                   0000000180000000     vcruntime:VCRUNTIME140.dll
 0000:00000000       .debug$S                   0000000180000000     vcruntime:VCRUNTIME140.dll
 0000:00000000       .debug$S                   0000000180000000     vcruntime:VCRUNTIME140.dll
 0000:00000000       .debug$S                   0000000180000000     vcruntime:VCRUNTIME140.dll
 0000:00000000       .debug$S                   0000000180000000     vcruntime:VCRUNTIME140.dll
 0000:00000010       _volmd                     0000000180000010     QAMV2_cgxe_registry.obj
 0000:00000010       _volmd                     0000000180000010     m_m25svM7vlbcpvjdO12kRn.obj
 0000:00000020       _volmd                     0000000180000020     QAMV2_cgxe_registry.obj
 0000:00000020       _volmd                     0000000180000020     m_m25svM7vlbcpvjdO12kRn.obj
 0000:00000030       _volmd                     0000000180000030     QAMV2_cgxe_registry.obj
 0000:00000030       _volmd                     0000000180000030     m_m25svM7vlbcpvjdO12kRn.obj
 0000:00000040       _volmd                     0000000180000040     QAMV2_cgxe_registry.obj
 0000:00000040       _volmd                     0000000180000040     m_m25svM7vlbcpvjdO12kRn.obj
 0000:00000050       _volmd                     0000000180000050     QAMV2_cgxe_registry.obj
 0000:00000050       _volmd                     0000000180000050     m_m25svM7vlbcpvjdO12kRn.obj
 0000:00000060       _volmd                     0000000180000060     QAMV2_cgxe_registry.obj
 0000:00000060       _volmd                     0000000180000060     m_m25svM7vlbcpvjdO12kRn.obj
 0000:00000070       _volmd                     0000000180000070     QAMV2_cgxe_registry.obj
 0000:00000070       _volmd                     0000000180000070     m_m25svM7vlbcpvjdO12kRn.obj
 0000:00000080       _volmd                     0000000180000080     QAMV2_cgxe_registry.obj
 0000:00000080       _volmd                     0000000180000080     m_m25svM7vlbcpvjdO12kRn.obj
 0000:00000090       _volmd                     0000000180000090     QAMV2_cgxe_registry.obj
 0000:00000090       _volmd                     0000000180000090     m_m25svM7vlbcpvjdO12kRn.obj
 0000:000000a0       _volmd                     00000001800000a0     QAMV2_cgxe_registry.obj
 0000:000000a0       _volmd                     00000001800000a0     m_m25svM7vlbcpvjdO12kRn.obj
 0000:000000b0       _volmd                     00000001800000b0     QAMV2_cgxe_registry.obj
 0000:000000b0       _volmd                     00000001800000b0     m_m25svM7vlbcpvjdO12kRn.obj
 0000:000000c0       _volmd                     00000001800000c0     QAMV2_cgxe_registry.obj
 0000:000000c0       _volmd                     00000001800000c0     m_m25svM7vlbcpvjdO12kRn.obj
 0000:000000d0       _volmd                     00000001800000d0     QAMV2_cgxe_registry.obj
 0000:000000d0       _volmd                     00000001800000d0     m_m25svM7vlbcpvjdO12kRn.obj
 0000:000000e0       _volmd                     00000001800000e0     QAMV2_cgxe_registry.obj
 0000:000000e0       _volmd                     00000001800000e0     m_m25svM7vlbcpvjdO12kRn.obj
 0001:000000d0       localtime                  00000001800010d0 f   m_m25svM7vlbcpvjdO12kRn.obj
 0001:000000f0       time                       00000001800010f0 f   m_m25svM7vlbcpvjdO12kRn.obj
 0001:000001a0       cgxe_mdl_start             00000001800011a0 f   m_m25svM7vlbcpvjdO12kRn.obj
 0001:00000280       cgxe_mdl_initialize        0000000180001280 f   m_m25svM7vlbcpvjdO12kRn.obj
 0001:00000360       cgxe_mdl_outputs           0000000180001360 f   m_m25svM7vlbcpvjdO12kRn.obj
 0001:00000440       cgxe_mdl_update            0000000180001440 f   m_m25svM7vlbcpvjdO12kRn.obj
 0001:00000450       cgxe_mdl_derivative        0000000180001450 f   m_m25svM7vlbcpvjdO12kRn.obj
 0001:00000460       cgxe_mdl_enable            0000000180001460 f   m_m25svM7vlbcpvjdO12kRn.obj
 0001:00000470       cgxe_mdl_disable           0000000180001470 f   m_m25svM7vlbcpvjdO12kRn.obj
 0001:00000480       cgxe_mdl_terminate         0000000180001480 f   m_m25svM7vlbcpvjdO12kRn.obj
 0001:000004d0       mw__internal__system__init__fcn 00000001800014d0 f   m_m25svM7vlbcpvjdO12kRn.obj
 0001:00000640       mw__internal__call__setup  0000000180001640 f   m_m25svM7vlbcpvjdO12kRn.obj
 0001:00000bd0       AWGNChannel_AWGNChannel    0000000180001bd0 f   m_m25svM7vlbcpvjdO12kRn.obj
 0001:00000c80       AWGNChannelBase_set_SNR    0000000180001c80 f   m_m25svM7vlbcpvjdO12kRn.obj
 0001:00000fb0       AWGNChannelBase_set_SignalPower 0000000180001fb0 f   m_m25svM7vlbcpvjdO12kRn.obj
 0001:00001800       validateattributes         0000000180002800 f   m_m25svM7vlbcpvjdO12kRn.obj
 0001:00002030       AWGNChannelBase_getStandardDeviation 0000000180003030 f   m_m25svM7vlbcpvjdO12kRn.obj
 0001:00002370       AWGNChannelBase_setupImpl  0000000180003370 f   m_m25svM7vlbcpvjdO12kRn.obj
 0001:000025f0       rng                        00000001800035f0 f   m_m25svM7vlbcpvjdO12kRn.obj
 0001:00002c10       now                        0000000180003c10 f   m_m25svM7vlbcpvjdO12kRn.obj
 0001:00003030       b_mod                      0000000180004030 f   m_m25svM7vlbcpvjdO12kRn.obj
 0001:000030f0       SystemCore_checkTunablePropChange 00000001800040f0 f   m_m25svM7vlbcpvjdO12kRn.obj
 0001:000032f0       mw__internal__call__reset  00000001800042f0 f   m_m25svM7vlbcpvjdO12kRn.obj
 0001:000038e0       mw__internal__call__step   00000001800048e0 f   m_m25svM7vlbcpvjdO12kRn.obj
 0001:00004700       complexLike                0000000180005700 f   m_m25svM7vlbcpvjdO12kRn.obj
 0001:00005180       genrandu                   0000000180006180 f   m_m25svM7vlbcpvjdO12kRn.obj
 0001:00005230       eml_rand_mt19937ar_stateful 0000000180006230 f   m_m25svM7vlbcpvjdO12kRn.obj
 0001:00005450       emlrt_marshallOut          0000000180006450 f   m_m25svM7vlbcpvjdO12kRn.obj
 0001:00005f80       b_emlrt_marshallOut        0000000180006f80 f   m_m25svM7vlbcpvjdO12kRn.obj
 0001:00006040       cgxe_mdl_get_sim_state     0000000180007040 f   m_m25svM7vlbcpvjdO12kRn.obj
 0001:00006080       emlrt_marshallIn           0000000180007080 f   m_m25svM7vlbcpvjdO12kRn.obj
 0001:000065e0       b_emlrt_marshallIn         00000001800075e0 f   m_m25svM7vlbcpvjdO12kRn.obj
 0001:00006650       c_emlrt_marshallIn         0000000180007650 f   m_m25svM7vlbcpvjdO12kRn.obj
 0001:000066a0       d_emlrt_marshallIn         00000001800076a0 f   m_m25svM7vlbcpvjdO12kRn.obj
 0001:00006710       e_emlrt_marshallIn         0000000180007710 f   m_m25svM7vlbcpvjdO12kRn.obj
 0001:00006760       f_emlrt_marshallIn         0000000180007760 f   m_m25svM7vlbcpvjdO12kRn.obj
 0001:000067d0       g_emlrt_marshallIn         00000001800077d0 f   m_m25svM7vlbcpvjdO12kRn.obj
 0001:00006820       h_emlrt_marshallIn         0000000180007820 f   m_m25svM7vlbcpvjdO12kRn.obj
 0001:00006890       i_emlrt_marshallIn         0000000180007890 f   m_m25svM7vlbcpvjdO12kRn.obj
 0001:000068e0       j_emlrt_marshallIn         00000001800078e0 f   m_m25svM7vlbcpvjdO12kRn.obj
 0001:00006950       k_emlrt_marshallIn         0000000180007950 f   m_m25svM7vlbcpvjdO12kRn.obj
 0001:00006d50       l_emlrt_marshallIn         0000000180007d50 f   m_m25svM7vlbcpvjdO12kRn.obj
 0001:00006da0       m_emlrt_marshallIn         0000000180007da0 f   m_m25svM7vlbcpvjdO12kRn.obj
 0001:00006eb0       n_emlrt_marshallIn         0000000180007eb0 f   m_m25svM7vlbcpvjdO12kRn.obj
 0001:00006f00       o_emlrt_marshallIn         0000000180007f00 f   m_m25svM7vlbcpvjdO12kRn.obj
 0001:00006f50       cgxe_mdl_set_sim_state     0000000180007f50 f   m_m25svM7vlbcpvjdO12kRn.obj
 0001:00006fc0       message                    0000000180007fc0 f   m_m25svM7vlbcpvjdO12kRn.obj
 0001:00007060       getString                  0000000180008060 f   m_m25svM7vlbcpvjdO12kRn.obj
 0001:000070d0       error                      00000001800080d0 f   m_m25svM7vlbcpvjdO12kRn.obj
 0001:00007160       b_message                  0000000180008160 f   m_m25svM7vlbcpvjdO12kRn.obj
 0001:000071d0       p_emlrt_marshallIn         00000001800081d0 f   m_m25svM7vlbcpvjdO12kRn.obj
 0001:00007240       q_emlrt_marshallIn         0000000180008240 f   m_m25svM7vlbcpvjdO12kRn.obj
 0001:000072c0       r_emlrt_marshallIn         00000001800082c0 f   m_m25svM7vlbcpvjdO12kRn.obj
 0001:00007380       s_emlrt_marshallIn         0000000180008380 f   m_m25svM7vlbcpvjdO12kRn.obj
 0001:00007440       t_emlrt_marshallIn         0000000180008440 f   m_m25svM7vlbcpvjdO12kRn.obj
 0001:000074b0       u_emlrt_marshallIn         00000001800084b0 f   m_m25svM7vlbcpvjdO12kRn.obj
 0001:00007570       v_emlrt_marshallIn         0000000180008570 f   m_m25svM7vlbcpvjdO12kRn.obj
 0001:000075f0       genrandn                   00000001800085f0 f   m_m25svM7vlbcpvjdO12kRn.obj
 0001:00007ac0       eml_rand_mt19937ar         0000000180008ac0 f   m_m25svM7vlbcpvjdO12kRn.obj
 0001:00007d80       genrand_uint32_vector      0000000180008d80 f   m_m25svM7vlbcpvjdO12kRn.obj
 0001:00008030       b_genrandu                 0000000180009030 f   m_m25svM7vlbcpvjdO12kRn.obj
 0001:00008370       init_simulink_io_address   0000000180009370 f   m_m25svM7vlbcpvjdO12kRn.obj
 0001:000083e0       mdlOutputs_m25svM7vlbcpvjdO12kRn 00000001800093e0 f   m_m25svM7vlbcpvjdO12kRn.obj
 0001:00008420       mdlInitialize_m25svM7vlbcpvjdO12kRn 0000000180009420 f   m_m25svM7vlbcpvjdO12kRn.obj
 0001:00008450       mdlUpdate_m25svM7vlbcpvjdO12kRn 0000000180009450 f   m_m25svM7vlbcpvjdO12kRn.obj
 0001:00008490       mdlDerivatives_m25svM7vlbcpvjdO12kRn 0000000180009490 f   m_m25svM7vlbcpvjdO12kRn.obj
 0001:000084c0       getSimState_m25svM7vlbcpvjdO12kRn 00000001800094c0 f   m_m25svM7vlbcpvjdO12kRn.obj
 0001:00008500       setSimState_m25svM7vlbcpvjdO12kRn 0000000180009500 f   m_m25svM7vlbcpvjdO12kRn.obj
 0001:00008540       mdlTerminate_m25svM7vlbcpvjdO12kRn 0000000180009540 f   m_m25svM7vlbcpvjdO12kRn.obj
 0001:00008580       mdlEnable_m25svM7vlbcpvjdO12kRn 0000000180009580 f   m_m25svM7vlbcpvjdO12kRn.obj
 0001:000085b0       mdlDisable_m25svM7vlbcpvjdO12kRn 00000001800095b0 f   m_m25svM7vlbcpvjdO12kRn.obj
 0001:000085e0       mdlStart_m25svM7vlbcpvjdO12kRn 00000001800095e0 f   m_m25svM7vlbcpvjdO12kRn.obj
 0001:000086f0       mdlProcessParameters_m25svM7vlbcpvjdO12kRn 00000001800096f0 f   m_m25svM7vlbcpvjdO12kRn.obj
 0001:0000a818       $LN147                     000000018000b818     QAMV2_cgxe_registry.obj
 0001:0000b684       $LN22                      000000018000c684     QAMV2_cgxe_registry.obj
 0001:0000bd84       $LN26                      000000018000cd84     QAMV2_cgxe_registry.obj
 0001:0000c464       $LN24                      000000018000d464     QAMV2_cgxe_registry.obj
 0001:0000d19c       $LN30                      000000018000e19c     QAMV2_cgxe_registry.obj
 0001:0000fb80       mdlStart                   0000000180010b80 f   QAMV2_cgxe_registry.obj
 0001:0000fbc0       mdlInitializeConditions    0000000180010bc0 f   QAMV2_cgxe_registry.obj
 0001:0000fbf0       mdlUpdate                  0000000180010bf0 f   QAMV2_cgxe_registry.obj
[...]
 0003:0000344c       $SG20304                   000000018001b44c     m_m25svM7vlbcpvjdO12kRn.obj
 0003:00003458       $SG20312                   000000018001b458     m_m25svM7vlbcpvjdO12kRn.obj
 0003:00003460       $SG20323                   000000018001b460     m_m25svM7vlbcpvjdO12kRn.obj
 0003:00003468       $SG20333                   000000018001b468     m_m25svM7vlbcpvjdO12kRn.obj
 0003:00003470       $SG20349                   000000018001b470     m_m25svM7vlbcpvjdO12kRn.obj
 0003:00003478       $SG20365                   000000018001b478     m_m25svM7vlbcpvjdO12kRn.obj
 0003:00003480       $SG20376                   000000018001b480     m_m25svM7vlbcpvjdO12kRn.obj
 0003:00003488       $SG20392                   000000018001b488     m_m25svM7vlbcpvjdO12kRn.obj
 0003:00003490       $SG20403                   000000018001b490     m_m25svM7vlbcpvjdO12kRn.obj
 0003:000034a0       ?dv@?1??genrandn@@9@9      000000018001b4a0     m_m25svM7vlbcpvjdO12kRn.obj
 0003:000036b0       ?dv@?1??eml_rand_mt19937ar@@9@9 000000018001b6b0     m_m25svM7vlbcpvjdO12kRn.obj
 0003:00003ec0       ?dv1@?1??eml_rand_mt19937ar@@9@9 000000018001bec0     m_m25svM7vlbcpvjdO12kRn.obj
 0003:000046c8       ?c_u@?1??b_genrandu@@9@9   000000018001c6c8     m_m25svM7vlbcpvjdO12kRn.obj
 0003:000046f0       $SG20643                   000000018001c6f0     m_m25svM7vlbcpvjdO12kRn.obj
 0003:00004700       $SG20644                   000000018001c700     m_m25svM7vlbcpvjdO12kRn.obj
 0003:00004710       $SG20655                   000000018001c710     m_m25svM7vlbcpvjdO12kRn.obj
 0003:00004720       $SG20657                   000000018001c720     m_m25svM7vlbcpvjdO12kRn.obj
 0003:00004738       $SG20658                   000000018001c738     m_m25svM7vlbcpvjdO12kRn.obj
 0003:00004750       $SG20659                   000000018001c750     m_m25svM7vlbcpvjdO12kRn.obj
 0003:00004768       $SG17649                   000000018001c768     QAMV2_cgxe_registry.obj
 0003:00004798       $SG17653                   000000018001c798     QAMV2_cgxe_registry.obj
 0003:000047d8       $SG17658                   000000018001c7d8     QAMV2_cgxe_registry.obj
 0003:00004810       $SG17663                   000000018001c810     QAMV2_cgxe_registry.obj
 0003:00004848       $SG17667                   000000018001c848     QAMV2_cgxe_registry.obj
 0003:00004880       $SG17704                   000000018001c880     QAMV2_cgxe_registry.obj
 0003:00004888       $SG17706                   000000018001c888     QAMV2_cgxe_registry.obj
 0003:00004890       $SG17708                   000000018001c890     QAMV2_cgxe_registry.obj
 0003:0000489c       $SG17710                   000000018001c89c     QAMV2_cgxe_registry.obj
 0003:000048a8       $SG17712                   000000018001c8a8     QAMV2_cgxe_registry.obj
 0003:000048b0       $SG17713                   000000018001c8b0     QAMV2_cgxe_registry.obj
 0003:000048b8       $SG17714                   000000018001c8b8     QAMV2_cgxe_registry.obj
 0003:000048c0       $SG17715                   000000018001c8c0     QAMV2_cgxe_registry.obj
 0003:000048cc       $SG17716                   000000018001c8cc     QAMV2_cgxe_registry.obj
 0003:000048d8       $SG17717                   000000018001c8d8     QAMV2_cgxe_registry.obj
 0003:000048e0       $SG17753                   000000018001c8e0     QAMV2_cgxe_registry.obj
 0003:00004910       $SG17764                   000000018001c910     QAMV2_cgxe_registry.obj
 0003:00004940       $SG17778                   000000018001c940     QAMV2_cgxe_registry.obj
 0003:00004958       $SG17792                   000000018001c958     QAMV2_cgxe_registry.obj
 0003:00004970       $SG17806                   000000018001c970     QAMV2_cgxe_registry.obj
 0003:00004980       $SG17808                   000000018001c980     QAMV2_cgxe_registry.obj
 0003:00004990       $SG17810                   000000018001c990     QAMV2_cgxe_registry.obj
 0003:000049a0       $SG17812                   000000018001c9a0     QAMV2_cgxe_registry.obj
 0003:000049b0       $SG17814                   000000018001c9b0     QAMV2_cgxe_registry.obj
 0003:000049c8       $SG17816                   000000018001c9c8     QAMV2_cgxe_registry.obj
 0003:000049e0       $SG17827                   000000018001c9e0     QAMV2_cgxe_registry.obj
 0003:00004a08       _sfcnName                  000000018001ca08     QAMV2_cgxe_registry.obj
 0003:00004a30       $SG17842                   000000018001ca30     QAMV2_cgxe_registry.obj
 0003:00004ab0       $SG17846                   000000018001cab0     QAMV2_cgxe_registry.obj
 0003:00004b28       $SG18151                   000000018001cb28     QAMV2_cgxe_registry.obj
 0003:00004b38       $SG18152                   000000018001cb38     QAMV2_cgxe_registry.obj
 0003:00004b48       $SG18164                   000000018001cb48     QAMV2_cgxe_registry.obj
 0003:00004b58       $SG18300                   000000018001cb58     QAMV2_cgxe_registry.obj
 0003:00004b98       $SG18301                   000000018001cb98     QAMV2_cgxe_registry.obj
 0003:00004ba8       $SG18302                   000000018001cba8     QAMV2_cgxe_registry.obj
 0003:00004bb0       $SG18306                   000000018001cbb0     QAMV2_cgxe_registry.obj
 0003:00004bf8       $SG18307                   000000018001cbf8     QAMV2_cgxe_registry.obj
 0003:00004c08       $SG18308                   000000018001cc08     QAMV2_cgxe_registry.obj
 0003:00004c10       $SG18309                   000000018001cc10     QAMV2_cgxe_registry.obj
 0003:00004c68       $SG18310                   000000018001cc68     QAMV2_cgxe_registry.obj
 0003:00004c78       $SG18311                   000000018001cc78     QAMV2_cgxe_registry.obj
 0003:00004c80       $SG18331                   000000018001cc80     QAMV2_cgxe_registry.obj
 0003:00004cc0       $SG18332                   000000018001ccc0     QAMV2_cgxe_registry.obj
 0003:00004cd0       $SG18333                   000000018001ccd0     QAMV2_cgxe_registry.obj
 0003:00004ce0       $SG18337                   000000018001cce0     QAMV2_cgxe_registry.obj
 0003:00004d28       $SG18338                   000000018001cd28     QAMV2_cgxe_registry.obj
 0003:00004d38       $SG18339                   000000018001cd38     QAMV2_cgxe_registry.obj
 0003:00004d40       $SG18340                   000000018001cd40     QAMV2_cgxe_registry.obj
 0003:00004d98       $SG18341                   000000018001cd98     QAMV2_cgxe_registry.obj
 0003:00004da8       $SG18342                   000000018001cda8     QAMV2_cgxe_registry.obj
 0003:00004db0       $SG18361                   000000018001cdb0     QAMV2_cgxe_registry.obj
 0003:00004e00       $SG18362                   000000018001ce00     QAMV2_cgxe_registry.obj
 0003:00004e10       $SG18363                   000000018001ce10     QAMV2_cgxe_registry.obj
 0003:00004e20       $SG18372                   000000018001ce20     QAMV2_cgxe_registry.obj
 0003:00004e80       $SG18373                   000000018001ce80     QAMV2_cgxe_registry.obj
 0003:00004e88       $SG18374                   000000018001ce88     QAMV2_cgxe_registry.obj
 0003:00004e90       $SG18383                   000000018001ce90     QAMV2_cgxe_registry.obj
 0003:00004ef0       $SG18384                   000000018001cef0     QAMV2_cgxe_registry.obj
 0003:00004ef8       $SG18385                   000000018001cef8     QAMV2_cgxe_registry.obj
 0003:00004f00       $SG18691                   000000018001cf00     QAMV2_cgxe_registry.obj
 0003:00004f80       $SG18694                   000000018001cf80     QAMV2_cgxe_registry.obj
 0003:00005000       $SG18699                   000000018001d000     QAMV2_cgxe_registry.obj
 0003:00005080       $SG18707                   000000018001d080     QAMV2_cgxe_registry.obj
 0003:000050f0       $SG18980                   000000018001d0f0     QAMV2_cgxe_registry.obj
 0003:00005170       $SG18985                   000000018001d170     QAMV2_cgxe_registry.obj
 0003:000051e8       $SG19309                   000000018001d1e8     QAMV2_cgxe_registry.obj
 0003:00005200       $SG19322                   000000018001d200     QAMV2_cgxe_registry.obj
 0003:00005278       $SG19325                   000000018001d278     QAMV2_cgxe_registry.obj
 0003:0000527c       $SG19377                   000000018001d27c     QAMV2_cgxe_registry.obj
 0003:00005284       $SG19378                   000000018001d284     QAMV2_cgxe_registry.obj
 0003:0000528c       $SG19379                   000000018001d28c     QAMV2_cgxe_registry.obj
 0003:000052a0       $SG19380                   000000018001d2a0     QAMV2_cgxe_registry.obj
 0003:00005320       $SG19382                   000000018001d320     QAMV2_cgxe_registry.obj
 0003:0000539c       $SG19385                   000000018001d39c     QAMV2_cgxe_registry.obj
 0003:000053a4       $SG19388                   000000018001d3a4     QAMV2_cgxe_registry.obj
 0003:000053ac       $SG19391                   000000018001d3ac     QAMV2_cgxe_registry.obj
 0003:000053c0       $SG19392                   000000018001d3c0     QAMV2_cgxe_registry.obj
 0003:00005440       $SG19393                   000000018001d440     QAMV2_cgxe_registry.obj
 0003:00005450       $SG19395                   000000018001d450     QAMV2_cgxe_registry.obj
 0003:0000545c       $SG19397                   000000018001d45c     QAMV2_cgxe_registry.obj
 0003:00005464       $SG19399                   000000018001d464     QAMV2_cgxe_registry.obj
 0003:00005470       $SG19401                   000000018001d470     QAMV2_cgxe_registry.obj
 0003:0000547c       $SG19403                   000000018001d47c     QAMV2_cgxe_registry.obj
 0003:00005480       $SG19406                   000000018001d480     QAMV2_cgxe_registry.obj
 0003:00005568       $SG19516                   000000018001d568     QAMV2_cgxe_registry.obj
 0003:00005598       $SG19517                   000000018001d598     QAMV2_cgxe_registry.obj
 0003:000055a8       $SG19518                   000000018001d5a8     QAMV2_cgxe_registry.obj
 0003:000055b0       $SG19520                   000000018001d5b0     QAMV2_cgxe_registry.obj
 0003:000055e8       $SG19521                   000000018001d5e8     QAMV2_cgxe_registry.obj
 0003:000055f8       $SG19522                   000000018001d5f8     QAMV2_cgxe_registry.obj
 0003:00005600       $SG19525                   000000018001d600     QAMV2_cgxe_registry.obj
 0003:00005638       $SG19526                   000000018001d638     QAMV2_cgxe_registry.obj
 0003:00005648       $SG19527                   000000018001d648     QAMV2_cgxe_registry.obj
 0003:00005650       $SG19529                   000000018001d650     QAMV2_cgxe_registry.obj
 0003:00005688       $SG19530                   000000018001d688     QAMV2_cgxe_registry.obj
 0003:00005698       $SG19531                   000000018001d698     QAMV2_cgxe_registry.obj
 0003:000056a0       $SG19533                   000000018001d6a0     QAMV2_cgxe_registry.obj
 0003:000056d8       $SG19534                   000000018001d6d8     QAMV2_cgxe_registry.obj
 0003:000056e8       $SG19535                   000000018001d6e8     QAMV2_cgxe_registry.obj
 0003:000056f0       $SG19538                   000000018001d6f0     QAMV2_cgxe_registry.obj
 0003:00005700       $SG19540                   000000018001d700     QAMV2_cgxe_registry.obj
 0003:00005718       $SG19541                   000000018001d718     QAMV2_cgxe_registry.obj
 0003:00005750       $SG19542                   000000018001d750     QAMV2_cgxe_registry.obj
 0003:00005760       $SG19543                   000000018001d760     QAMV2_cgxe_registry.obj
 0003:00005768       $SG19674                   000000018001d768     QAMV2_cgxe_registry.obj
 0003:00005790       $SG19675                   000000018001d790     QAMV2_cgxe_registry.obj
 0003:00005820       $SG19681                   000000018001d820     QAMV2_cgxe_registry.obj
 0003:00005840       $SG19682                   000000018001d840     QAMV2_cgxe_registry.obj
 0003:000058d0       $SG19688                   000000018001d8d0     QAMV2_cgxe_registry.obj
 0003:000058f0       $SG19689                   000000018001d8f0     QAMV2_cgxe_registry.obj
 0003:00005980       $SG19695                   000000018001d980     QAMV2_cgxe_registry.obj
 0003:000059a0       $SG19696                   000000018001d9a0     QAMV2_cgxe_registry.obj
 0003:00005a30       $SG19702                   000000018001da30     QAMV2_cgxe_registry.obj
 0003:00005a50       $SG19703                   000000018001da50     QAMV2_cgxe_registry.obj
 0003:00005ae0       $SG19707                   000000018001dae0     QAMV2_cgxe_registry.obj
 0003:00005b00       $SG19708                   000000018001db00     QAMV2_cgxe_registry.obj
 0003:00005b90       $SG19712                   000000018001db90     QAMV2_cgxe_registry.obj
 0003:00005bc0       $SG19713                   000000018001dbc0     QAMV2_cgxe_registry.obj
 0003:00005c50       $SG19717                   000000018001dc50     QAMV2_cgxe_registry.obj
 0003:00005c80       $SG19718                   000000018001dc80     QAMV2_cgxe_registry.obj
 0003:00005d10       $SG19722                   000000018001dd10     QAMV2_cgxe_registry.obj
 0003:00005d30       $SG19723                   000000018001dd30     QAMV2_cgxe_registry.obj
 0003:00005dc0       $SG19727                   000000018001ddc0     QAMV2_cgxe_registry.obj
 0003:00005de0       $SG19728                   000000018001dde0     QAMV2_cgxe_registry.obj
 0003:00005e70       $SG19732                   000000018001de70     QAMV2_cgxe_registry.obj
 0003:00005e90       $SG19733                   000000018001de90     QAMV2_cgxe_registry.obj
 0003:00005f20       $SG19737                   000000018001df20     QAMV2_cgxe_registry.obj
 0003:00005f40       $SG19738                   000000018001df40     QAMV2_cgxe_registry.obj
 0003:00005fd0       $SG19742                   000000018001dfd0     QAMV2_cgxe_registry.obj
 0003:00005ff0       $SG19743                   000000018001dff0     QAMV2_cgxe_registry.obj
 0003:00006080       $SG19747                   000000018001e080     QAMV2_cgxe_registry.obj
 0003:000060a0       $SG19748                   000000018001e0a0     QAMV2_cgxe_registry.obj
 0003:00006130       $SG19752                   000000018001e130     QAMV2_cgxe_registry.obj
 0003:00006150       $SG19753                   000000018001e150     QAMV2_cgxe_registry.obj
 0003:000061e0       $SG19757                   000000018001e1e0     QAMV2_cgxe_registry.obj
 0003:00006200       $SG19758                   000000018001e200     QAMV2_cgxe_registry.obj
 0003:00006290       $SG19762                   000000018001e290     QAMV2_cgxe_registry.obj
 0003:000062b0       $SG19763                   000000018001e2b0     QAMV2_cgxe_registry.obj
 0003:00006340       $SG19768                   000000018001e340     QAMV2_cgxe_registry.obj
 0003:00006360       $SG19769                   000000018001e360     QAMV2_cgxe_registry.obj
 0003:000063f0       $SG19774                   000000018001e3f0     QAMV2_cgxe_registry.obj
 0003:00006410       $SG19775                   000000018001e410     QAMV2_cgxe_registry.obj
 0003:000064a0       $SG19779                   000000018001e4a0     QAMV2_cgxe_registry.obj
 0003:000064b0       $SG19780                   000000018001e4b0     QAMV2_cgxe_registry.obj
 0003:00006540       $SG19784                   000000018001e540     QAMV2_cgxe_registry.obj
 0003:00006560       $SG19785                   000000018001e560     QAMV2_cgxe_registry.obj
 0003:000065f0       $SG19793                   000000018001e5f0     QAMV2_cgxe_registry.obj
 0003:00006600       $SG19794                   000000018001e600     QAMV2_cgxe_registry.obj
 0003:00006690       $SG19798                   000000018001e690     QAMV2_cgxe_registry.obj
 0003:00006710       $SG19800                   000000018001e710     QAMV2_cgxe_registry.obj
 0003:00006790       $SG19804                   000000018001e790     QAMV2_cgxe_registry.obj
 0003:00006810       $SG19827                   000000018001e810     QAMV2_cgxe_registry.obj
 0003:00006928       $SG19835                   000000018001e928     QAMV2_cgxe_registry.obj
 0003:00006938       $SG19842                   000000018001e938     QAMV2_cgxe_registry.obj
 0003:00006948       $SG19850                   000000018001e948     QAMV2_cgxe_registry.obj
 0003:00006958       $SG19857                   000000018001e958     QAMV2_cgxe_registry.obj
 0003:00006968       $SG19865                   000000018001e968     QAMV2_cgxe_registry.obj
 0003:00006978       $SG19872                   000000018001e978     QAMV2_cgxe_registry.obj
 0003:00006988       $SG19878                   000000018001e988     QAMV2_cgxe_registry.obj
 0003:000069a8       $SG19888                   000000018001e9a8     QAMV2_cgxe_registry.obj
 0003:000069d8       $SG19889                   000000018001e9d8     QAMV2_cgxe_registry.obj
 0003:000069e0       $SG19890                   000000018001e9e0     QAMV2_cgxe_registry.obj
 0003:000069e8       $SG19900                   000000018001e9e8     QAMV2_cgxe_registry.obj
 0003:00006a20       $SG19901                   000000018001ea20     QAMV2_cgxe_registry.obj
 0003:00006a28       $SG19902                   000000018001ea28     QAMV2_cgxe_registry.obj
 0003:00006ac0       $SG18683                   000000018001eac0     m_m25svM7vlbcpvjdO12kRn.obj
 0003:00006ac1       $SG18684                   000000018001eac1     m_m25svM7vlbcpvjdO12kRn.obj
 0003:00006ac2       $SG18686                   000000018001eac2     m_m25svM7vlbcpvjdO12kRn.obj
 0003:00006ac3       $SG18687                   000000018001eac3     m_m25svM7vlbcpvjdO12kRn.obj
 0003:00006ac4       $SG18689                   000000018001eac4     m_m25svM7vlbcpvjdO12kRn.obj
 0003:00006ac5       $SG18690                   000000018001eac5     m_m25svM7vlbcpvjdO12kRn.obj
 0003:00006ac6       $SG18692                   000000018001eac6     m_m25svM7vlbcpvjdO12kRn.obj
 0003:00006ac7       $SG18693                   000000018001eac7     m_m25svM7vlbcpvjdO12kRn.obj
 0003:00006ac8       $SG18743                   000000018001eac8     m_m25svM7vlbcpvjdO12kRn.obj
 0003:00006ac9       $SG18744                   000000018001eac9     m_m25svM7vlbcpvjdO12kRn.obj
 0003:00006aca       $SG18746                   000000018001eaca     m_m25svM7vlbcpvjdO12kRn.obj
 0003:00006acb       $SG18747                   000000018001eacb     m_m25svM7vlbcpvjdO12kRn.obj
 0003:00006acc       $SG18749                   000000018001eacc     m_m25svM7vlbcpvjdO12kRn.obj
 0003:00006acd       $SG18750                   000000018001eacd     m_m25svM7vlbcpvjdO12kRn.obj
 0003:00006ace       $SG18752                   000000018001eace     m_m25svM7vlbcpvjdO12kRn.obj
 0003:00006acf       $SG18753                   000000018001eacf     m_m25svM7vlbcpvjdO12kRn.obj
 0003:00006ad0       $SG20645                   000000018001ead0     m_m25svM7vlbcpvjdO12kRn.obj
 0003:00006ad1       $SG20646                   000000018001ead1     m_m25svM7vlbcpvjdO12kRn.obj
 0003:00006ad4       $SG19373                   000000018001ead4     QAMV2_cgxe_registry.obj
 0003:00006ad6       ?warningGuard@?1??ssGetRootSS@@9@9 000000018001ead6     QAMV2_cgxe_registry.obj
 0003:00006ad7       ?warningGuard@?1??ssGetParentSS@@9@9 000000018001ead7     QAMV2_cgxe_registry.obj
 0003:00006ae0       GS_ExceptionRecord         000000018001eae0     MSVCRT:gs_report.obj
 0003:00006b80       GS_ContextRecord           000000018001eb80     MSVCRT:gs_report.obj
 0003:00007050       ?__proc_attached@@3HA      000000018001f050     MSVCRT:dll_dllmain.obj
 0003:00007090       ?is_initialized_as_dll@@3_NA 000000018001f090     MSVCRT:utility.obj
 0003:00007091       ?module_local_atexit_table_initialized@@3_NA 000000018001f091     MSVCRT:utility.obj
 0003:00007098       ?module_local_atexit_table@@3U_onexit_table_t@@A 000000018001f098     MSVCRT:utility.obj
 0003:000070b0       ?module_local_at_quick_exit_table@@3U_onexit_table_t@@A 000000018001f0b0     MSVCRT:utility.obj
